Info: Starting: Create block symbol file (.bsf)
Info: qsys-generate E:\CodingSpace\SDDD\Lab3\Audio\PS.qsys --block-symbol-file --output-directory=E:\CodingSpace\SDDD\Lab3\Audio\PS --family="Cyclone V" --part=5CSEMA5F31C6
Progress: Loading Audio/PS.qsys
Progress: Reading input file
Progress: Adding ps2_0 [altera_up_avalon_ps2 17.1]
Progress: Parameterizing module ps2_0
Progress: Building connections
Progress: Parameterizing connections
Progress: Validating
Progress: Done reading input file
Info: qsys-generate succeeded.
Info: Finished: Create block symbol file (.bsf)
Info: 
Info: Starting: Create HDL design files for synthesis
Info: qsys-generate E:\CodingSpace\SDDD\Lab3\Audio\PS.qsys --synthesis=VERILOG --output-directory=E:\CodingSpace\SDDD\Lab3\Audio\PS\synthesis --family="Cyclone V" --part=5CSEMA5F31C6
Progress: Loading Audio/PS.qsys
Progress: Reading input file
Progress: Adding ps2_0 [altera_up_avalon_ps2 17.1]
Progress: Parameterizing module ps2_0
Progress: Building connections
Progress: Parameterizing connections
Progress: Validating
Progress: Done reading input file
Info: PS: Generating PS "PS" for QUARTUS_SYNTH
Info: ps2_0: Starting Generation of PS2 Controller
Error: ps2_0: The input clock frequency must be known at generation time.
Info: ps2_0: "PS" instantiated altera_up_avalon_ps2 "ps2_0"
Info: PS: Done "PS" with 2 modules, 5 files
Error: qsys-generate failed with exit code 1: 1 Error, 0 Warnings
Info: Finished: Create HDL design files for synthesis
