Info: Starting: Create simulation model
Info: qsys-generate E:\CodingSpace\SDDD\Lab3\Audio\PS.qsys --simulation=VERILOG --allow-mixed-language-simulation --output-directory=E:\CodingSpace\SDDD\Lab3\Audio\PS\simulation --family="Cyclone V" --part=5CSEMA5F31C6
Progress: Loading Audio/PS.qsys
Progress: Reading input file
Progress: Adding ps2_0 [altera_up_avalon_ps2 17.1]
Progress: Parameterizing module ps2_0
Progress: Building connections
Progress: Parameterizing connections
Progress: Validating
Progress: Done reading input file
Info: PS: Generating PS "PS" for SIM_VERILOG
Info: ps2_0: Starting Generation of PS2 Controller
Error: ps2_0: The input clock frequency must be known at generation time.
Info: ps2_0: "PS" instantiated altera_up_avalon_ps2 "ps2_0"
Info: PS: Done "PS" with 2 modules, 5 files
Error: qsys-generate failed with exit code 1: 1 Error, 0 Warnings
Info: Finished: Create simulation model
Info: Starting: Create Modelsim Project.
Info: sim-script-gen --spd=E:\CodingSpace\SDDD\Lab3\Audio\PS\PS.spd --output-directory=E:/CodingSpace/SDDD/Lab3/Audio/PS/simulation/ --use-relative-paths=true
Info: Doing: ip-make-simscript --spd=E:\CodingSpace\SDDD\Lab3\Audio\PS\PS.spd --output-directory=E:/CodingSpace/SDDD/Lab3/Audio/PS/simulation/ --use-relative-paths=true
Info: Generating the following file(s) for MODELSIM simulator in E:/CodingSpace/SDDD/Lab3/Audio/PS/simulation/ directory:
Info: 	mentor/msim_setup.tcl
Info: Generating the following file(s) for VCS simulator in E:/CodingSpace/SDDD/Lab3/Audio/PS/simulation/ directory:
Info: 	synopsys/vcs/vcs_setup.sh
Info: Generating the following file(s) for VCSMX simulator in E:/CodingSpace/SDDD/Lab3/Audio/PS/simulation/ directory:
Info: 	synopsys/vcsmx/synopsys_sim.setup
Info: 	synopsys/vcsmx/vcsmx_setup.sh
Info: Generating the following file(s) for NCSIM simulator in E:/CodingSpace/SDDD/Lab3/Audio/PS/simulation/ directory:
Info: 	cadence/cds.lib
Info: 	cadence/hdl.var
Info: 	cadence/ncsim_setup.sh
Info: 	1 .cds.lib files in cadence/cds_libs/ directory
Info: Generating the following file(s) for RIVIERA simulator in E:/CodingSpace/SDDD/Lab3/Audio/PS/simulation/ directory:
Info: 	aldec/rivierapro_setup.tcl
Info: For information on how to simulate your IP, see the explanatory comments in the simulator-specific subdirectories under E:/CodingSpace/SDDD/Lab3/Audio/PS/simulation/.
Info: Regenerate these scripts whenever you make any change to any Quartus-generated IP in your project.
Info: Finished: Create Modelsim Project.
Info: Starting: Create block symbol file (.bsf)
Info: qsys-generate E:\CodingSpace\SDDD\Lab3\Audio\PS.qsys --block-symbol-file --output-directory=E:\CodingSpace\SDDD\Lab3\Audio\PS --family="Cyclone V" --part=5CSEMA5F31C6
Progress: Loading Audio/PS.qsys
Progress: Reading input file
Progress: Adding ps2_0 [altera_up_avalon_ps2 17.1]
Progress: Parameterizing module ps2_0
Progress: Building connections
Progress: Parameterizing connections
Progress: Validating
Progress: Done reading input file
Info: qsys-generate succeeded.
Info: Finished: Create block symbol file (.bsf)
Info: 
Info: Starting: Create HDL design files for synthesis
Info: qsys-generate E:\CodingSpace\SDDD\Lab3\Audio\PS.qsys --synthesis=VERILOG --output-directory=E:\CodingSpace\SDDD\Lab3\Audio\PS\synthesis --family="Cyclone V" --part=5CSEMA5F31C6
Progress: Loading Audio/PS.qsys
Progress: Reading input file
Progress: Adding ps2_0 [altera_up_avalon_ps2 17.1]
Progress: Parameterizing module ps2_0
Progress: Building connections
Progress: Parameterizing connections
Progress: Validating
Progress: Done reading input file
Info: PS: Generating PS "PS" for QUARTUS_SYNTH
Info: ps2_0: Starting Generation of PS2 Controller
Error: ps2_0: The input clock frequency must be known at generation time.
Info: ps2_0: "PS" instantiated altera_up_avalon_ps2 "ps2_0"
Info: PS: Done "PS" with 2 modules, 5 files
Error: qsys-generate failed with exit code 1: 1 Error, 0 Warnings
Info: Finished: Create HDL design files for synthesis
