Analysis & Synthesis report for de1_soc
Tue Feb 24 17:24:40 2026
Quartus Prime Version 17.1.0 Build 590 10/25/2017 SJ Lite Edition


---------------------
; Table of Contents ;
---------------------
  1. Legal Notice
  2. Analysis & Synthesis Summary
  3. Analysis & Synthesis Settings
  4. Parallel Compilation
  5. Analysis & Synthesis Source Files Read
  6. Analysis & Synthesis Resource Usage Summary
  7. Analysis & Synthesis Resource Utilization by Entity
  8. General Register Statistics
  9. Port Connectivity Checks: "keys:dut"
 10. Post-Synthesis Netlist Statistics for Top Partition
 11. Elapsed Time Per Partition
 12. Analysis & Synthesis Messages



----------------
; Legal Notice ;
----------------
Copyright (C) 2017  Intel Corporation. All rights reserved.
Your use of Intel Corporation's design tools, logic functions 
and other software and tools, and its AMPP partner logic 
functions, and any output files from any of the foregoing 
(including device programming or simulation files), and any 
associated documentation or information are expressly subject 
to the terms and conditions of the Intel Program License 
Subscription Agreement, the Intel Quartus Prime License Agreement,
the Intel FPGA IP License Agreement, or other applicable license
agreement, including, without limitation, that your use is for
the sole purpose of programming logic devices manufactured by
Intel and sold by Intel or its authorized distributors.  Please
refer to the applicable agreement for further details.



+-------------------------------------------------------------------------------+
; Analysis & Synthesis Summary                                                  ;
+---------------------------------+---------------------------------------------+
; Analysis & Synthesis Status     ; Successful - Tue Feb 24 17:24:40 2026       ;
; Quartus Prime Version           ; 17.1.0 Build 590 10/25/2017 SJ Lite Edition ;
; Revision Name                   ; de1_soc                                     ;
; Top-level Entity Name           ; de1_soc                                     ;
; Family                          ; Cyclone V                                   ;
; Logic utilization (in ALMs)     ; N/A                                         ;
; Total registers                 ; 4                                           ;
; Total pins                      ; 141                                         ;
; Total virtual pins              ; 0                                           ;
; Total block memory bits         ; 0                                           ;
; Total DSP Blocks                ; 0                                           ;
; Total HSSI RX PCSs              ; 0                                           ;
; Total HSSI PMA RX Deserializers ; 0                                           ;
; Total HSSI TX PCSs              ; 0                                           ;
; Total HSSI PMA TX Serializers   ; 0                                           ;
; Total PLLs                      ; 0                                           ;
; Total DLLs                      ; 0                                           ;
+---------------------------------+---------------------------------------------+


+---------------------------------------------------------------------------------------------------------------------------+
; Analysis & Synthesis Settings                                                                                             ;
+---------------------------------------------------------------------------------+--------------------+--------------------+
; Option                                                                          ; Setting            ; Default Value      ;
+---------------------------------------------------------------------------------+--------------------+--------------------+
; Device                                                                          ; 5CSEMA5F31C6       ;                    ;
; Top-level entity name                                                           ; de1_soc            ; de1_soc            ;
; Family name                                                                     ; Cyclone V          ; Cyclone V          ;
; Use smart compilation                                                           ; Off                ; Off                ;
; Enable parallel Assembler and TimeQuest Timing Analyzer during compilation      ; On                 ; On                 ;
; Enable compact report table                                                     ; Off                ; Off                ;
; Restructure Multiplexers                                                        ; Auto               ; Auto               ;
; MLAB Add Timing Constraints For Mixed-Port Feed-Through Mode Setting Don't Care ; Off                ; Off                ;
; Create Debugging Nodes for IP Cores                                             ; Off                ; Off                ;
; Preserve fewer node names                                                       ; On                 ; On                 ;
; Intel FPGA IP Evaluation Mode                                                   ; Enable             ; Enable             ;
; Verilog Version                                                                 ; Verilog_2001       ; Verilog_2001       ;
; VHDL Version                                                                    ; VHDL_1993          ; VHDL_1993          ;
; State Machine Processing                                                        ; Auto               ; Auto               ;
; Safe State Machine                                                              ; Off                ; Off                ;
; Extract Verilog State Machines                                                  ; On                 ; On                 ;
; Extract VHDL State Machines                                                     ; On                 ; On                 ;
; Ignore Verilog initial constructs                                               ; Off                ; Off                ;
; Iteration limit for constant Verilog loops                                      ; 5000               ; 5000               ;
; Iteration limit for non-constant Verilog loops                                  ; 250                ; 250                ;
; Add Pass-Through Logic to Inferred RAMs                                         ; On                 ; On                 ;
; Infer RAMs from Raw Logic                                                       ; On                 ; On                 ;
; Parallel Synthesis                                                              ; On                 ; On                 ;
; DSP Block Balancing                                                             ; Auto               ; Auto               ;
; NOT Gate Push-Back                                                              ; On                 ; On                 ;
; Power-Up Don't Care                                                             ; On                 ; On                 ;
; Remove Redundant Logic Cells                                                    ; Off                ; Off                ;
; Remove Duplicate Registers                                                      ; On                 ; On                 ;
; Ignore CARRY Buffers                                                            ; Off                ; Off                ;
; Ignore CASCADE Buffers                                                          ; Off                ; Off                ;
; Ignore GLOBAL Buffers                                                           ; Off                ; Off                ;
; Ignore ROW GLOBAL Buffers                                                       ; Off                ; Off                ;
; Ignore LCELL Buffers                                                            ; Off                ; Off                ;
; Ignore SOFT Buffers                                                             ; On                 ; On                 ;
; Limit AHDL Integers to 32 Bits                                                  ; Off                ; Off                ;
; Optimization Technique                                                          ; Balanced           ; Balanced           ;
; Carry Chain Length                                                              ; 70                 ; 70                 ;
; Auto Carry Chains                                                               ; On                 ; On                 ;
; Auto Open-Drain Pins                                                            ; On                 ; On                 ;
; Perform WYSIWYG Primitive Resynthesis                                           ; Off                ; Off                ;
; Auto ROM Replacement                                                            ; On                 ; On                 ;
; Auto RAM Replacement                                                            ; On                 ; On                 ;
; Auto DSP Block Replacement                                                      ; On                 ; On                 ;
; Auto Shift Register Replacement                                                 ; Auto               ; Auto               ;
; Allow Shift Register Merging across Hierarchies                                 ; Auto               ; Auto               ;
; Auto Clock Enable Replacement                                                   ; On                 ; On                 ;
; Strict RAM Replacement                                                          ; Off                ; Off                ;
; Allow Synchronous Control Signals                                               ; On                 ; On                 ;
; Force Use of Synchronous Clear Signals                                          ; Off                ; Off                ;
; Auto Resource Sharing                                                           ; Off                ; Off                ;
; Allow Any RAM Size For Recognition                                              ; Off                ; Off                ;
; Allow Any ROM Size For Recognition                                              ; Off                ; Off                ;
; Allow Any Shift Register Size For Recognition                                   ; Off                ; Off                ;
; Use LogicLock Constraints during Resource Balancing                             ; On                 ; On                 ;
; Ignore translate_off and synthesis_off directives                               ; Off                ; Off                ;
; Timing-Driven Synthesis                                                         ; On                 ; On                 ;
; Report Parameter Settings                                                       ; On                 ; On                 ;
; Report Source Assignments                                                       ; On                 ; On                 ;
; Report Connectivity Checks                                                      ; On                 ; On                 ;
; Ignore Maximum Fan-Out Assignments                                              ; Off                ; Off                ;
; Synchronization Register Chain Length                                           ; 3                  ; 3                  ;
; Power Optimization During Synthesis                                             ; Normal compilation ; Normal compilation ;
; HDL message level                                                               ; Level2             ; Level2             ;
; Suppress Register Optimization Related Messages                                 ; Off                ; Off                ;
; Number of Removed Registers Reported in Synthesis Report                        ; 5000               ; 5000               ;
; Number of Swept Nodes Reported in Synthesis Report                              ; 5000               ; 5000               ;
; Number of Inverted Registers Reported in Synthesis Report                       ; 100                ; 100                ;
; Clock MUX Protection                                                            ; On                 ; On                 ;
; Auto Gated Clock Conversion                                                     ; Off                ; Off                ;
; Block Design Naming                                                             ; Auto               ; Auto               ;
; SDC constraint protection                                                       ; Off                ; Off                ;
; Synthesis Effort                                                                ; Auto               ; Auto               ;
; Shift Register Replacement - Allow Asynchronous Clear Signal                    ; On                 ; On                 ;
; Pre-Mapping Resynthesis Optimization                                            ; Off                ; Off                ;
; Analysis & Synthesis Message Level                                              ; Medium             ; Medium             ;
; Disable Register Merging Across Hierarchies                                     ; Auto               ; Auto               ;
; Resource Aware Inference For Block RAM                                          ; On                 ; On                 ;
; Automatic Parallel Synthesis                                                    ; On                 ; On                 ;
; Partial Reconfiguration Bitstream ID                                            ; Off                ; Off                ;
+---------------------------------------------------------------------------------+--------------------+--------------------+


+------------------------------------------+
; Parallel Compilation                     ;
+----------------------------+-------------+
; Processors                 ; Number      ;
+----------------------------+-------------+
; Number detected on machine ; 16          ;
; Maximum allowed            ; 16          ;
;                            ;             ;
; Average used               ; 1.00        ;
; Maximum used               ; 1           ;
;                            ;             ;
; Usage by Processor         ; % Time Used ;
;     Processor 1            ; 100.0%      ;
+----------------------------+-------------+


+---------------------------------------------------------------------------------------------------------------------------------------------------------------------+
; Analysis & Synthesis Source Files Read                                                                                                                              ;
+----------------------------------+-----------------+------------------------------------+-----------------------------------------------------------------+---------+
; File Name with User-Entered Path ; Used in Netlist ; File Type                          ; File Name with Absolute Path                                    ; Library ;
+----------------------------------+-----------------+------------------------------------+-----------------------------------------------------------------+---------+
; de1_soc.v                        ; yes             ; Auto-Found Verilog HDL File        ; G:/CodingSpace/SystemDesignOfDigitalDevices/Lab8/Keys/de1_soc.v ;         ;
; keys.sv                          ; yes             ; Auto-Found SystemVerilog HDL File  ; G:/CodingSpace/SystemDesignOfDigitalDevices/Lab8/Keys/keys.sv   ;         ;
+----------------------------------+-----------------+------------------------------------+-----------------------------------------------------------------+---------+


+--------------------------------------------------------------+
; Analysis & Synthesis Resource Usage Summary                  ;
+---------------------------------------------+----------------+
; Resource                                    ; Usage          ;
+---------------------------------------------+----------------+
; Estimate of Logic utilization (ALMs needed) ; 2              ;
;                                             ;                ;
; Combinational ALUT usage for logic          ; 0              ;
;     -- 7 input functions                    ; 0              ;
;     -- 6 input functions                    ; 0              ;
;     -- 5 input functions                    ; 0              ;
;     -- 4 input functions                    ; 0              ;
;     -- <=3 input functions                  ; 0              ;
;                                             ;                ;
; Dedicated logic registers                   ; 4              ;
;                                             ;                ;
; I/O pins                                    ; 141            ;
;                                             ;                ;
; Total DSP Blocks                            ; 0              ;
;                                             ;                ;
; Maximum fan-out node                        ; CLOCK_50~input ;
; Maximum fan-out                             ; 4              ;
; Total fan-out                               ; 226            ;
; Average fan-out                             ; 0.63           ;
+---------------------------------------------+----------------+


+----------------------------------------------------------------------------------------------------------------------------------------------------------------------------------------+
; Analysis & Synthesis Resource Utilization by Entity                                                                                                                                    ;
+----------------------------+---------------------+---------------------------+-------------------+------------+------+--------------+---------------------+-------------+--------------+
; Compilation Hierarchy Node ; Combinational ALUTs ; Dedicated Logic Registers ; Block Memory Bits ; DSP Blocks ; Pins ; Virtual Pins ; Full Hierarchy Name ; Entity Name ; Library Name ;
+----------------------------+---------------------+---------------------------+-------------------+------------+------+--------------+---------------------+-------------+--------------+
; |de1_soc                   ; 0 (0)               ; 4 (0)                     ; 0                 ; 0          ; 141  ; 0            ; |de1_soc            ; de1_soc     ; work         ;
;    |keys:dut|              ; 0 (0)               ; 4 (4)                     ; 0                 ; 0          ; 0    ; 0            ; |de1_soc|keys:dut   ; keys        ; work         ;
+----------------------------+---------------------+---------------------------+-------------------+------------+------+--------------+---------------------+-------------+--------------+
Note: For table entries with two numbers listed, the numbers in parentheses indicate the number of resources of the given type used by the specific entity alone. The numbers listed outside of parentheses indicate the total resources of the given type used by the specific entity and all of its sub-entities in the hierarchy.


+------------------------------------------------------+
; General Register Statistics                          ;
+----------------------------------------------+-------+
; Statistic                                    ; Value ;
+----------------------------------------------+-------+
; Total registers                              ; 4     ;
; Number of registers using Synchronous Clear  ; 0     ;
; Number of registers using Synchronous Load   ; 0     ;
; Number of registers using Asynchronous Clear ; 0     ;
; Number of registers using Asynchronous Load  ; 0     ;
; Number of registers using Clock Enable       ; 0     ;
; Number of registers using Preset             ; 0     ;
+----------------------------------------------+-------+


+--------------------------------------------------------------------------------------------------------------------------------------------------------------------------------------------------------------+
; Port Connectivity Checks: "keys:dut"                                                                                                                                                                         ;
+------+--------+----------+-----------------------------------------------------------------------------------------------------------------------------------------------------------------------------------+
; Port ; Type   ; Severity ; Details                                                                                                                                                                           ;
+------+--------+----------+-----------------------------------------------------------------------------------------------------------------------------------------------------------------------------------+
; KEY  ; Input  ; Warning  ; Input port expression (10 bits) is wider than the input port (4 bits) it drives.  The 6 most-significant bit(s) in the expression will be dangling if they have no other fanouts. ;
; LEDR ; Output ; Warning  ; Output or bidir port (4 bits) is smaller than the port expression (10 bits) it drives.  The 6 most-significant bit(s) in the port expression will be connected to GND.            ;
+------+--------+----------+-----------------------------------------------------------------------------------------------------------------------------------------------------------------------------------+


+-----------------------------------------------------+
; Post-Synthesis Netlist Statistics for Top Partition ;
+-----------------------+-----------------------------+
; Type                  ; Count                       ;
+-----------------------+-----------------------------+
; arriav_ff             ; 4                           ;
;     plain             ; 4                           ;
; arriav_io_obuf        ; 73                          ;
; arriav_lcell_comb     ; 1                           ;
;     normal            ; 1                           ;
;         0 data inputs ; 1                           ;
; boundary_port         ; 141                         ;
;                       ;                             ;
; Max LUT depth         ; 0.00                        ;
; Average LUT depth     ; 0.00                        ;
+-----------------------+-----------------------------+


+-------------------------------+
; Elapsed Time Per Partition    ;
+----------------+--------------+
; Partition Name ; Elapsed Time ;
+----------------+--------------+
; Top            ; 00:00:00     ;
+----------------+--------------+


+-------------------------------+
; Analysis & Synthesis Messages ;
+-------------------------------+
Info: *******************************************************************
Info: Running Quartus Prime Analysis & Synthesis
    Info: Version 17.1.0 Build 590 10/25/2017 SJ Lite Edition
    Info: Processing started: Tue Feb 24 17:24:33 2026
Info: Command: quartus_map --read_settings_files=on --write_settings_files=off de1_soc -c de1_soc
Warning (18236): Number of processors has not been specified which may cause overloading on shared machines.  Set the global assignment NUM_PARALLEL_PROCESSORS in your QSF to an appropriate value for best performance.
Info (20030): Parallel compilation is enabled and will use 16 of the 16 processors detected
Warning (12125): Using design file de1_soc.v, which is not specified as a design file for the current project, but contains definitions for 1 design units and 1 entities in project
    Info (12023): Found entity 1: de1_soc File: G:/CodingSpace/SystemDesignOfDigitalDevices/Lab8/Keys/de1_soc.v Line: 22
Info (12127): Elaborating entity "de1_soc" for the top level hierarchy
Warning (10034): Output port "HEX0" at de1_soc.v(85) has no driver File: G:/CodingSpace/SystemDesignOfDigitalDevices/Lab8/Keys/de1_soc.v Line: 85
Warning (10034): Output port "HEX1" at de1_soc.v(86) has no driver File: G:/CodingSpace/SystemDesignOfDigitalDevices/Lab8/Keys/de1_soc.v Line: 86
Warning (10034): Output port "HEX2" at de1_soc.v(87) has no driver File: G:/CodingSpace/SystemDesignOfDigitalDevices/Lab8/Keys/de1_soc.v Line: 87
Warning (10034): Output port "HEX3" at de1_soc.v(88) has no driver File: G:/CodingSpace/SystemDesignOfDigitalDevices/Lab8/Keys/de1_soc.v Line: 88
Warning (10034): Output port "HEX4" at de1_soc.v(89) has no driver File: G:/CodingSpace/SystemDesignOfDigitalDevices/Lab8/Keys/de1_soc.v Line: 89
Warning (10034): Output port "HEX5" at de1_soc.v(90) has no driver File: G:/CodingSpace/SystemDesignOfDigitalDevices/Lab8/Keys/de1_soc.v Line: 90
Warning (10034): Output port "FPGA_I2C_SCLK" at de1_soc.v(75) has no driver File: G:/CodingSpace/SystemDesignOfDigitalDevices/Lab8/Keys/de1_soc.v Line: 75
Warning (12125): Using design file keys.sv, which is not specified as a design file for the current project, but contains definitions for 1 design units and 1 entities in project
    Info (12023): Found entity 1: keys File: G:/CodingSpace/SystemDesignOfDigitalDevices/Lab8/Keys/keys.sv Line: 2
Info (12128): Elaborating entity "keys" for hierarchy "keys:dut" File: G:/CodingSpace/SystemDesignOfDigitalDevices/Lab8/Keys/de1_soc.v Line: 192
Warning (12241): 1 hierarchies have connectivity warnings - see the Connectivity Checks report folder
Warning (13039): The following bidirectional pins have no drivers
    Warning (13040): bidirectional pin "FPGA_I2C_SDAT" has no driver File: G:/CodingSpace/SystemDesignOfDigitalDevices/Lab8/Keys/de1_soc.v Line: 76
    Warning (13040): bidirectional pin "GPIO_0[0]" has no driver File: G:/CodingSpace/SystemDesignOfDigitalDevices/Lab8/Keys/de1_soc.v Line: 80
    Warning (13040): bidirectional pin "GPIO_0[1]" has no driver File: G:/CodingSpace/SystemDesignOfDigitalDevices/Lab8/Keys/de1_soc.v Line: 80
    Warning (13040): bidirectional pin "GPIO_0[2]" has no driver File: G:/CodingSpace/SystemDesignOfDigitalDevices/Lab8/Keys/de1_soc.v Line: 80
    Warning (13040): bidirectional pin "GPIO_0[3]" has no driver File: G:/CodingSpace/SystemDesignOfDigitalDevices/Lab8/Keys/de1_soc.v Line: 80
    Warning (13040): bidirectional pin "GPIO_0[4]" has no driver File: G:/CodingSpace/SystemDesignOfDigitalDevices/Lab8/Keys/de1_soc.v Line: 80
    Warning (13040): bidirectional pin "GPIO_0[5]" has no driver File: G:/CodingSpace/SystemDesignOfDigitalDevices/Lab8/Keys/de1_soc.v Line: 80
    Warning (13040): bidirectional pin "GPIO_0[6]" has no driver File: G:/CodingSpace/SystemDesignOfDigitalDevices/Lab8/Keys/de1_soc.v Line: 80
    Warning (13040): bidirectional pin "GPIO_0[7]" has no driver File: G:/CodingSpace/SystemDesignOfDigitalDevices/Lab8/Keys/de1_soc.v Line: 80
    Warning (13040): bidirectional pin "GPIO_0[8]" has no driver File: G:/CodingSpace/SystemDesignOfDigitalDevices/Lab8/Keys/de1_soc.v Line: 80
    Warning (13040): bidirectional pin "GPIO_0[9]" has no driver File: G:/CodingSpace/SystemDesignOfDigitalDevices/Lab8/Keys/de1_soc.v Line: 80
    Warning (13040): bidirectional pin "GPIO_0[10]" has no driver File: G:/CodingSpace/SystemDesignOfDigitalDevices/Lab8/Keys/de1_soc.v Line: 80
    Warning (13040): bidirectional pin "GPIO_0[11]" has no driver File: G:/CodingSpace/SystemDesignOfDigitalDevices/Lab8/Keys/de1_soc.v Line: 80
    Warning (13040): bidirectional pin "GPIO_0[12]" has no driver File: G:/CodingSpace/SystemDesignOfDigitalDevices/Lab8/Keys/de1_soc.v Line: 80
    Warning (13040): bidirectional pin "GPIO_0[13]" has no driver File: G:/CodingSpace/SystemDesignOfDigitalDevices/Lab8/Keys/de1_soc.v Line: 80
    Warning (13040): bidirectional pin "GPIO_0[14]" has no driver File: G:/CodingSpace/SystemDesignOfDigitalDevices/Lab8/Keys/de1_soc.v Line: 80
    Warning (13040): bidirectional pin "GPIO_0[15]" has no driver File: G:/CodingSpace/SystemDesignOfDigitalDevices/Lab8/Keys/de1_soc.v Line: 80
    Warning (13040): bidirectional pin "GPIO_0[16]" has no driver File: G:/CodingSpace/SystemDesignOfDigitalDevices/Lab8/Keys/de1_soc.v Line: 80
    Warning (13040): bidirectional pin "GPIO_0[17]" has no driver File: G:/CodingSpace/SystemDesignOfDigitalDevices/Lab8/Keys/de1_soc.v Line: 80
    Warning (13040): bidirectional pin "GPIO_0[18]" has no driver File: G:/CodingSpace/SystemDesignOfDigitalDevices/Lab8/Keys/de1_soc.v Line: 80
    Warning (13040): bidirectional pin "GPIO_0[19]" has no driver File: G:/CodingSpace/SystemDesignOfDigitalDevices/Lab8/Keys/de1_soc.v Line: 80
    Warning (13040): bidirectional pin "GPIO_0[20]" has no driver File: G:/CodingSpace/SystemDesignOfDigitalDevices/Lab8/Keys/de1_soc.v Line: 80
    Warning (13040): bidirectional pin "GPIO_0[21]" has no driver File: G:/CodingSpace/SystemDesignOfDigitalDevices/Lab8/Keys/de1_soc.v Line: 80
    Warning (13040): bidirectional pin "GPIO_0[22]" has no driver File: G:/CodingSpace/SystemDesignOfDigitalDevices/Lab8/Keys/de1_soc.v Line: 80
    Warning (13040): bidirectional pin "GPIO_0[23]" has no driver File: G:/CodingSpace/SystemDesignOfDigitalDevices/Lab8/Keys/de1_soc.v Line: 80
    Warning (13040): bidirectional pin "GPIO_0[24]" has no driver File: G:/CodingSpace/SystemDesignOfDigitalDevices/Lab8/Keys/de1_soc.v Line: 80
    Warning (13040): bidirectional pin "GPIO_0[25]" has no driver File: G:/CodingSpace/SystemDesignOfDigitalDevices/Lab8/Keys/de1_soc.v Line: 80
    Warning (13040): bidirectional pin "GPIO_0[26]" has no driver File: G:/CodingSpace/SystemDesignOfDigitalDevices/Lab8/Keys/de1_soc.v Line: 80
    Warning (13040): bidirectional pin "GPIO_0[27]" has no driver File: G:/CodingSpace/SystemDesignOfDigitalDevices/Lab8/Keys/de1_soc.v Line: 80
    Warning (13040): bidirectional pin "GPIO_0[28]" has no driver File: G:/CodingSpace/SystemDesignOfDigitalDevices/Lab8/Keys/de1_soc.v Line: 80
    Warning (13040): bidirectional pin "GPIO_0[29]" has no driver File: G:/CodingSpace/SystemDesignOfDigitalDevices/Lab8/Keys/de1_soc.v Line: 80
    Warning (13040): bidirectional pin "GPIO_0[30]" has no driver File: G:/CodingSpace/SystemDesignOfDigitalDevices/Lab8/Keys/de1_soc.v Line: 80
    Warning (13040): bidirectional pin "GPIO_0[31]" has no driver File: G:/CodingSpace/SystemDesignOfDigitalDevices/Lab8/Keys/de1_soc.v Line: 80
    Warning (13040): bidirectional pin "GPIO_0[32]" has no driver File: G:/CodingSpace/SystemDesignOfDigitalDevices/Lab8/Keys/de1_soc.v Line: 80
    Warning (13040): bidirectional pin "GPIO_0[33]" has no driver File: G:/CodingSpace/SystemDesignOfDigitalDevices/Lab8/Keys/de1_soc.v Line: 80
    Warning (13040): bidirectional pin "GPIO_0[34]" has no driver File: G:/CodingSpace/SystemDesignOfDigitalDevices/Lab8/Keys/de1_soc.v Line: 80
    Warning (13040): bidirectional pin "GPIO_0[35]" has no driver File: G:/CodingSpace/SystemDesignOfDigitalDevices/Lab8/Keys/de1_soc.v Line: 80
    Warning (13040): bidirectional pin "GPIO_1[0]" has no driver File: G:/CodingSpace/SystemDesignOfDigitalDevices/Lab8/Keys/de1_soc.v Line: 81
    Warning (13040): bidirectional pin "GPIO_1[1]" has no driver File: G:/CodingSpace/SystemDesignOfDigitalDevices/Lab8/Keys/de1_soc.v Line: 81
    Warning (13040): bidirectional pin "GPIO_1[2]" has no driver File: G:/CodingSpace/SystemDesignOfDigitalDevices/Lab8/Keys/de1_soc.v Line: 81
    Warning (13040): bidirectional pin "GPIO_1[3]" has no driver File: G:/CodingSpace/SystemDesignOfDigitalDevices/Lab8/Keys/de1_soc.v Line: 81
    Warning (13040): bidirectional pin "GPIO_1[4]" has no driver File: G:/CodingSpace/SystemDesignOfDigitalDevices/Lab8/Keys/de1_soc.v Line: 81
    Warning (13040): bidirectional pin "GPIO_1[5]" has no driver File: G:/CodingSpace/SystemDesignOfDigitalDevices/Lab8/Keys/de1_soc.v Line: 81
    Warning (13040): bidirectional pin "GPIO_1[6]" has no driver File: G:/CodingSpace/SystemDesignOfDigitalDevices/Lab8/Keys/de1_soc.v Line: 81
    Warning (13040): bidirectional pin "GPIO_1[7]" has no driver File: G:/CodingSpace/SystemDesignOfDigitalDevices/Lab8/Keys/de1_soc.v Line: 81
    Warning (13040): bidirectional pin "GPIO_1[8]" has no driver File: G:/CodingSpace/SystemDesignOfDigitalDevices/Lab8/Keys/de1_soc.v Line: 81
    Warning (13040): bidirectional pin "GPIO_1[9]" has no driver File: G:/CodingSpace/SystemDesignOfDigitalDevices/Lab8/Keys/de1_soc.v Line: 81
    Warning (13040): bidirectional pin "GPIO_1[10]" has no driver File: G:/CodingSpace/SystemDesignOfDigitalDevices/Lab8/Keys/de1_soc.v Line: 81
    Warning (13040): bidirectional pin "GPIO_1[11]" has no driver File: G:/CodingSpace/SystemDesignOfDigitalDevices/Lab8/Keys/de1_soc.v Line: 81
    Warning (13040): bidirectional pin "GPIO_1[12]" has no driver File: G:/CodingSpace/SystemDesignOfDigitalDevices/Lab8/Keys/de1_soc.v Line: 81
    Warning (13040): bidirectional pin "GPIO_1[13]" has no driver File: G:/CodingSpace/SystemDesignOfDigitalDevices/Lab8/Keys/de1_soc.v Line: 81
    Warning (13040): bidirectional pin "GPIO_1[14]" has no driver File: G:/CodingSpace/SystemDesignOfDigitalDevices/Lab8/Keys/de1_soc.v Line: 81
    Warning (13040): bidirectional pin "GPIO_1[15]" has no driver File: G:/CodingSpace/SystemDesignOfDigitalDevices/Lab8/Keys/de1_soc.v Line: 81
    Warning (13040): bidirectional pin "GPIO_1[16]" has no driver File: G:/CodingSpace/SystemDesignOfDigitalDevices/Lab8/Keys/de1_soc.v Line: 81
    Warning (13040): bidirectional pin "GPIO_1[17]" has no driver File: G:/CodingSpace/SystemDesignOfDigitalDevices/Lab8/Keys/de1_soc.v Line: 81
    Warning (13040): bidirectional pin "GPIO_1[18]" has no driver File: G:/CodingSpace/SystemDesignOfDigitalDevices/Lab8/Keys/de1_soc.v Line: 81
    Warning (13040): bidirectional pin "GPIO_1[19]" has no driver File: G:/CodingSpace/SystemDesignOfDigitalDevices/Lab8/Keys/de1_soc.v Line: 81
    Warning (13040): bidirectional pin "GPIO_1[20]" has no driver File: G:/CodingSpace/SystemDesignOfDigitalDevices/Lab8/Keys/de1_soc.v Line: 81
    Warning (13040): bidirectional pin "GPIO_1[21]" has no driver File: G:/CodingSpace/SystemDesignOfDigitalDevices/Lab8/Keys/de1_soc.v Line: 81
    Warning (13040): bidirectional pin "GPIO_1[22]" has no driver File: G:/CodingSpace/SystemDesignOfDigitalDevices/Lab8/Keys/de1_soc.v Line: 81
    Warning (13040): bidirectional pin "GPIO_1[23]" has no driver File: G:/CodingSpace/SystemDesignOfDigitalDevices/Lab8/Keys/de1_soc.v Line: 81
    Warning (13040): bidirectional pin "GPIO_1[24]" has no driver File: G:/CodingSpace/SystemDesignOfDigitalDevices/Lab8/Keys/de1_soc.v Line: 81
    Warning (13040): bidirectional pin "GPIO_1[25]" has no driver File: G:/CodingSpace/SystemDesignOfDigitalDevices/Lab8/Keys/de1_soc.v Line: 81
    Warning (13040): bidirectional pin "GPIO_1[26]" has no driver File: G:/CodingSpace/SystemDesignOfDigitalDevices/Lab8/Keys/de1_soc.v Line: 81
    Warning (13040): bidirectional pin "GPIO_1[27]" has no driver File: G:/CodingSpace/SystemDesignOfDigitalDevices/Lab8/Keys/de1_soc.v Line: 81
    Warning (13040): bidirectional pin "GPIO_1[28]" has no driver File: G:/CodingSpace/SystemDesignOfDigitalDevices/Lab8/Keys/de1_soc.v Line: 81
    Warning (13040): bidirectional pin "GPIO_1[29]" has no driver File: G:/CodingSpace/SystemDesignOfDigitalDevices/Lab8/Keys/de1_soc.v Line: 81
    Warning (13040): bidirectional pin "GPIO_1[30]" has no driver File: G:/CodingSpace/SystemDesignOfDigitalDevices/Lab8/Keys/de1_soc.v Line: 81
    Warning (13040): bidirectional pin "GPIO_1[31]" has no driver File: G:/CodingSpace/SystemDesignOfDigitalDevices/Lab8/Keys/de1_soc.v Line: 81
    Warning (13040): bidirectional pin "GPIO_1[32]" has no driver File: G:/CodingSpace/SystemDesignOfDigitalDevices/Lab8/Keys/de1_soc.v Line: 81
    Warning (13040): bidirectional pin "GPIO_1[33]" has no driver File: G:/CodingSpace/SystemDesignOfDigitalDevices/Lab8/Keys/de1_soc.v Line: 81
    Warning (13040): bidirectional pin "GPIO_1[34]" has no driver File: G:/CodingSpace/SystemDesignOfDigitalDevices/Lab8/Keys/de1_soc.v Line: 81
    Warning (13040): bidirectional pin "GPIO_1[35]" has no driver File: G:/CodingSpace/SystemDesignOfDigitalDevices/Lab8/Keys/de1_soc.v Line: 81
Warning (13024): Output pins are stuck at VCC or GND
    Warning (13410): Pin "FPGA_I2C_SCLK" is stuck at GND File: G:/CodingSpace/SystemDesignOfDigitalDevices/Lab8/Keys/de1_soc.v Line: 75
    Warning (13410): Pin "HEX0[0]" is stuck at GND File: G:/CodingSpace/SystemDesignOfDigitalDevices/Lab8/Keys/de1_soc.v Line: 85
    Warning (13410): Pin "HEX0[1]" is stuck at GND File: G:/CodingSpace/SystemDesignOfDigitalDevices/Lab8/Keys/de1_soc.v Line: 85
    Warning (13410): Pin "HEX0[2]" is stuck at GND File: G:/CodingSpace/SystemDesignOfDigitalDevices/Lab8/Keys/de1_soc.v Line: 85
    Warning (13410): Pin "HEX0[3]" is stuck at GND File: G:/CodingSpace/SystemDesignOfDigitalDevices/Lab8/Keys/de1_soc.v Line: 85
    Warning (13410): Pin "HEX0[4]" is stuck at GND File: G:/CodingSpace/SystemDesignOfDigitalDevices/Lab8/Keys/de1_soc.v Line: 85
    Warning (13410): Pin "HEX0[5]" is stuck at GND File: G:/CodingSpace/SystemDesignOfDigitalDevices/Lab8/Keys/de1_soc.v Line: 85
    Warning (13410): Pin "HEX0[6]" is stuck at GND File: G:/CodingSpace/SystemDesignOfDigitalDevices/Lab8/Keys/de1_soc.v Line: 85
    Warning (13410): Pin "HEX1[0]" is stuck at GND File: G:/CodingSpace/SystemDesignOfDigitalDevices/Lab8/Keys/de1_soc.v Line: 86
    Warning (13410): Pin "HEX1[1]" is stuck at GND File: G:/CodingSpace/SystemDesignOfDigitalDevices/Lab8/Keys/de1_soc.v Line: 86
    Warning (13410): Pin "HEX1[2]" is stuck at GND File: G:/CodingSpace/SystemDesignOfDigitalDevices/Lab8/Keys/de1_soc.v Line: 86
    Warning (13410): Pin "HEX1[3]" is stuck at GND File: G:/CodingSpace/SystemDesignOfDigitalDevices/Lab8/Keys/de1_soc.v Line: 86
    Warning (13410): Pin "HEX1[4]" is stuck at GND File: G:/CodingSpace/SystemDesignOfDigitalDevices/Lab8/Keys/de1_soc.v Line: 86
    Warning (13410): Pin "HEX1[5]" is stuck at GND File: G:/CodingSpace/SystemDesignOfDigitalDevices/Lab8/Keys/de1_soc.v Line: 86
    Warning (13410): Pin "HEX1[6]" is stuck at GND File: G:/CodingSpace/SystemDesignOfDigitalDevices/Lab8/Keys/de1_soc.v Line: 86
    Warning (13410): Pin "HEX2[0]" is stuck at GND File: G:/CodingSpace/SystemDesignOfDigitalDevices/Lab8/Keys/de1_soc.v Line: 87
    Warning (13410): Pin "HEX2[1]" is stuck at GND File: G:/CodingSpace/SystemDesignOfDigitalDevices/Lab8/Keys/de1_soc.v Line: 87
    Warning (13410): Pin "HEX2[2]" is stuck at GND File: G:/CodingSpace/SystemDesignOfDigitalDevices/Lab8/Keys/de1_soc.v Line: 87
    Warning (13410): Pin "HEX2[3]" is stuck at GND File: G:/CodingSpace/SystemDesignOfDigitalDevices/Lab8/Keys/de1_soc.v Line: 87
    Warning (13410): Pin "HEX2[4]" is stuck at GND File: G:/CodingSpace/SystemDesignOfDigitalDevices/Lab8/Keys/de1_soc.v Line: 87
    Warning (13410): Pin "HEX2[5]" is stuck at GND File: G:/CodingSpace/SystemDesignOfDigitalDevices/Lab8/Keys/de1_soc.v Line: 87
    Warning (13410): Pin "HEX2[6]" is stuck at GND File: G:/CodingSpace/SystemDesignOfDigitalDevices/Lab8/Keys/de1_soc.v Line: 87
    Warning (13410): Pin "HEX3[0]" is stuck at GND File: G:/CodingSpace/SystemDesignOfDigitalDevices/Lab8/Keys/de1_soc.v Line: 88
    Warning (13410): Pin "HEX3[1]" is stuck at GND File: G:/CodingSpace/SystemDesignOfDigitalDevices/Lab8/Keys/de1_soc.v Line: 88
    Warning (13410): Pin "HEX3[2]" is stuck at GND File: G:/CodingSpace/SystemDesignOfDigitalDevices/Lab8/Keys/de1_soc.v Line: 88
    Warning (13410): Pin "HEX3[3]" is stuck at GND File: G:/CodingSpace/SystemDesignOfDigitalDevices/Lab8/Keys/de1_soc.v Line: 88
    Warning (13410): Pin "HEX3[4]" is stuck at GND File: G:/CodingSpace/SystemDesignOfDigitalDevices/Lab8/Keys/de1_soc.v Line: 88
    Warning (13410): Pin "HEX3[5]" is stuck at GND File: G:/CodingSpace/SystemDesignOfDigitalDevices/Lab8/Keys/de1_soc.v Line: 88
    Warning (13410): Pin "HEX3[6]" is stuck at GND File: G:/CodingSpace/SystemDesignOfDigitalDevices/Lab8/Keys/de1_soc.v Line: 88
    Warning (13410): Pin "HEX4[0]" is stuck at GND File: G:/CodingSpace/SystemDesignOfDigitalDevices/Lab8/Keys/de1_soc.v Line: 89
    Warning (13410): Pin "HEX4[1]" is stuck at GND File: G:/CodingSpace/SystemDesignOfDigitalDevices/Lab8/Keys/de1_soc.v Line: 89
    Warning (13410): Pin "HEX4[2]" is stuck at GND File: G:/CodingSpace/SystemDesignOfDigitalDevices/Lab8/Keys/de1_soc.v Line: 89
    Warning (13410): Pin "HEX4[3]" is stuck at GND File: G:/CodingSpace/SystemDesignOfDigitalDevices/Lab8/Keys/de1_soc.v Line: 89
    Warning (13410): Pin "HEX4[4]" is stuck at GND File: G:/CodingSpace/SystemDesignOfDigitalDevices/Lab8/Keys/de1_soc.v Line: 89
    Warning (13410): Pin "HEX4[5]" is stuck at GND File: G:/CodingSpace/SystemDesignOfDigitalDevices/Lab8/Keys/de1_soc.v Line: 89
    Warning (13410): Pin "HEX4[6]" is stuck at GND File: G:/CodingSpace/SystemDesignOfDigitalDevices/Lab8/Keys/de1_soc.v Line: 89
    Warning (13410): Pin "HEX5[0]" is stuck at GND File: G:/CodingSpace/SystemDesignOfDigitalDevices/Lab8/Keys/de1_soc.v Line: 90
    Warning (13410): Pin "HEX5[1]" is stuck at GND File: G:/CodingSpace/SystemDesignOfDigitalDevices/Lab8/Keys/de1_soc.v Line: 90
    Warning (13410): Pin "HEX5[2]" is stuck at GND File: G:/CodingSpace/SystemDesignOfDigitalDevices/Lab8/Keys/de1_soc.v Line: 90
    Warning (13410): Pin "HEX5[3]" is stuck at GND File: G:/CodingSpace/SystemDesignOfDigitalDevices/Lab8/Keys/de1_soc.v Line: 90
    Warning (13410): Pin "HEX5[4]" is stuck at GND File: G:/CodingSpace/SystemDesignOfDigitalDevices/Lab8/Keys/de1_soc.v Line: 90
    Warning (13410): Pin "HEX5[5]" is stuck at GND File: G:/CodingSpace/SystemDesignOfDigitalDevices/Lab8/Keys/de1_soc.v Line: 90
    Warning (13410): Pin "HEX5[6]" is stuck at GND File: G:/CodingSpace/SystemDesignOfDigitalDevices/Lab8/Keys/de1_soc.v Line: 90
    Warning (13410): Pin "LEDR[4]" is stuck at GND File: G:/CodingSpace/SystemDesignOfDigitalDevices/Lab8/Keys/de1_soc.v Line: 158
    Warning (13410): Pin "LEDR[5]" is stuck at GND File: G:/CodingSpace/SystemDesignOfDigitalDevices/Lab8/Keys/de1_soc.v Line: 158
    Warning (13410): Pin "LEDR[6]" is stuck at GND File: G:/CodingSpace/SystemDesignOfDigitalDevices/Lab8/Keys/de1_soc.v Line: 158
    Warning (13410): Pin "LEDR[7]" is stuck at GND File: G:/CodingSpace/SystemDesignOfDigitalDevices/Lab8/Keys/de1_soc.v Line: 158
    Warning (13410): Pin "LEDR[8]" is stuck at GND File: G:/CodingSpace/SystemDesignOfDigitalDevices/Lab8/Keys/de1_soc.v Line: 158
    Warning (13410): Pin "LEDR[9]" is stuck at GND File: G:/CodingSpace/SystemDesignOfDigitalDevices/Lab8/Keys/de1_soc.v Line: 158
Info (286030): Timing-Driven Synthesis is running
Info (16010): Generating hard_block partition "hard_block:auto_generated_inst"
    Info (16011): Adding 0 node(s), including 0 DDIO, 0 PLL, 0 transceiver and 0 LCELL
Warning (21074): Design contains 10 input pin(s) that do not drive logic
    Warning (15610): No output dependent on input pin "KEY[0]" File: G:/CodingSpace/SystemDesignOfDigitalDevices/Lab8/Keys/de1_soc.v Line: 154
    Warning (15610): No output dependent on input pin "KEY[1]" File: G:/CodingSpace/SystemDesignOfDigitalDevices/Lab8/Keys/de1_soc.v Line: 154
    Warning (15610): No output dependent on input pin "KEY[2]" File: G:/CodingSpace/SystemDesignOfDigitalDevices/Lab8/Keys/de1_soc.v Line: 154
    Warning (15610): No output dependent on input pin "KEY[3]" File: G:/CodingSpace/SystemDesignOfDigitalDevices/Lab8/Keys/de1_soc.v Line: 154
    Warning (15610): No output dependent on input pin "SW[4]" File: G:/CodingSpace/SystemDesignOfDigitalDevices/Lab8/Keys/de1_soc.v Line: 190
    Warning (15610): No output dependent on input pin "SW[5]" File: G:/CodingSpace/SystemDesignOfDigitalDevices/Lab8/Keys/de1_soc.v Line: 190
    Warning (15610): No output dependent on input pin "SW[6]" File: G:/CodingSpace/SystemDesignOfDigitalDevices/Lab8/Keys/de1_soc.v Line: 190
    Warning (15610): No output dependent on input pin "SW[7]" File: G:/CodingSpace/SystemDesignOfDigitalDevices/Lab8/Keys/de1_soc.v Line: 190
    Warning (15610): No output dependent on input pin "SW[8]" File: G:/CodingSpace/SystemDesignOfDigitalDevices/Lab8/Keys/de1_soc.v Line: 190
    Warning (15610): No output dependent on input pin "SW[9]" File: G:/CodingSpace/SystemDesignOfDigitalDevices/Lab8/Keys/de1_soc.v Line: 190
Info (21057): Implemented 145 device resources after synthesis - the final resource count might be different
    Info (21058): Implemented 15 input pins
    Info (21059): Implemented 53 output pins
    Info (21060): Implemented 73 bidirectional pins
    Info (21061): Implemented 4 logic cells
Info: Quartus Prime Analysis & Synthesis was successful. 0 errors, 146 warnings
    Info: Peak virtual memory: 4856 megabytes
    Info: Processing ended: Tue Feb 24 17:24:40 2026
    Info: Elapsed time: 00:00:07
    Info: Total CPU time (on all processors): 00:00:10


