Flow report for DE1_SoC_Default
Wed Oct  8 14:36:01 2025
Quartus Prime Version 24.1std.0 Build 1077 03/04/2025 SC Lite Edition


---------------------
; Table of Contents ;
---------------------
  1. Legal Notice
  2. Flow Summary
  3. Flow Settings
  4. Flow Non-Default Global Settings
  5. Flow Elapsed Time
  6. Flow OS Summary
  7. Flow Log
  8. Flow Messages
  9. Flow Suppressed Messages



----------------
; Legal Notice ;
----------------
Copyright (C) 2025  Altera Corporation. All rights reserved.
Your use of Altera Corporation's design tools, logic functions 
and other software and tools, and any partner logic 
functions, and any output files from any of the foregoing 
(including device programming or simulation files), and any 
associated documentation or information are expressly subject 
to the terms and conditions of the Altera Program License 
Subscription Agreement, the Altera Quartus Prime License Agreement,
the Altera IP License Agreement, or other applicable license
agreement, including, without limitation, that your use is for
the sole purpose of programming logic devices manufactured by
Altera and sold by Altera or its authorized distributors.  Please
refer to the Altera Software License Subscription Agreements 
on the Quartus Prime software download page.



+-----------------------------------------------------------------------------------+
; Flow Summary                                                                      ;
+---------------------------------+-------------------------------------------------+
; Flow Status                     ; Successful - Wed Oct  8 14:35:47 2025           ;
; Quartus Prime Version           ; 24.1std.0 Build 1077 03/04/2025 SC Lite Edition ;
; Revision Name                   ; DE1_SoC_Default                                 ;
; Top-level Entity Name           ; DE1_SoC_Default                                 ;
; Family                          ; Cyclone V                                       ;
; Device                          ; 5CSEMA5F31C6                                    ;
; Timing Models                   ; Final                                           ;
; Logic utilization (in ALMs)     ; 287 / 32,070 ( < 1 % )                          ;
; Total registers                 ; 247                                             ;
; Total pins                      ; 241 / 457 ( 53 % )                              ;
; Total virtual pins              ; 0                                               ;
; Total block memory bits         ; 2,469,888 / 4,065,280 ( 61 % )                  ;
; Total DSP Blocks                ; 0 / 87 ( 0 % )                                  ;
; Total HSSI RX PCSs              ; 0                                               ;
; Total HSSI PMA RX Deserializers ; 0                                               ;
; Total HSSI TX PCSs              ; 0                                               ;
; Total HSSI PMA TX Serializers   ; 0                                               ;
; Total PLLs                      ; 1 / 6 ( 17 % )                                  ;
; Total DLLs                      ; 0 / 4 ( 0 % )                                   ;
+---------------------------------+-------------------------------------------------+


+-----------------------------------------+
; Flow Settings                           ;
+-------------------+---------------------+
; Option            ; Setting             ;
+-------------------+---------------------+
; Start date & time ; 10/08/2025 14:34:20 ;
; Main task         ; Compilation         ;
; Revision Name     ; DE1_SoC_Default     ;
+-------------------+---------------------+


+-------------------------------------------------------------------------------------------------------------------------+
; Flow Non-Default Global Settings                                                                                        ;
+-------------------------------------+----------------------------------------+---------------+-------------+------------+
; Assignment Name                     ; Value                                  ; Default Value ; Entity Name ; Section Id ;
+-------------------------------------+----------------------------------------+---------------+-------------+------------+
; COMPILER_SIGNATURE_ID               ; 913199557475.175992326014318           ; --            ; --          ; --         ;
; MAX_CORE_JUNCTION_TEMP              ; 85                                     ; --            ; --          ; --         ;
; MIN_CORE_JUNCTION_TEMP              ; 0                                      ; --            ; --          ; --         ;
; MISC_FILE                           ; V/VGA_Audio.cmp                        ; --            ; --          ; --         ;
; MISC_FILE                           ; V/img_index_inst.v                     ; --            ; --          ; --         ;
; MISC_FILE                           ; V/img_data_inst.v                      ; --            ; --          ; --         ;
; PARTITION_COLOR                     ; -- (Not supported for targeted family) ; --            ; --          ; Top        ;
; PARTITION_FITTER_PRESERVATION_LEVEL ; -- (Not supported for targeted family) ; --            ; --          ; Top        ;
; PARTITION_NETLIST_TYPE              ; -- (Not supported for targeted family) ; --            ; --          ; Top        ;
; POWER_BOARD_THERMAL_MODEL           ; None (CONSERVATIVE)                    ; --            ; --          ; --         ;
; POWER_PRESET_COOLING_SOLUTION       ; 23 MM HEAT SINK WITH 200 LFPM AIRFLOW  ; --            ; --          ; --         ;
; SYNTHESIS_ONLY_QIP                  ; On                                     ; --            ; --          ; --         ;
+-------------------------------------+----------------------------------------+---------------+-------------+------------+


+--------------------------------------------------------------------------------------------------------------------------+
; Flow Elapsed Time                                                                                                        ;
+----------------------+--------------+-------------------------+---------------------+------------------------------------+
; Module Name          ; Elapsed Time ; Average Processors Used ; Peak Virtual Memory ; Total CPU Time (on all processors) ;
+----------------------+--------------+-------------------------+---------------------+------------------------------------+
; Analysis & Synthesis ; 00:00:11     ; 1.0                     ; 529 MB              ; 00:00:27                           ;
; Fitter               ; 00:01:05     ; 1.3                     ; 2077 MB             ; 00:03:13                           ;
; Assembler            ; 00:00:08     ; 1.0                     ; 542 MB              ; 00:00:08                           ;
; Timing Analyzer      ; 00:00:13     ; 2.4                     ; 933 MB              ; 00:00:26                           ;
; Total                ; 00:01:37     ; --                      ; --                  ; 00:04:14                           ;
+----------------------+--------------+-------------------------+---------------------+------------------------------------+


+------------------------------------------------------------------------------------+
; Flow OS Summary                                                                    ;
+----------------------+---------------------+---------+------------+----------------+
; Module Name          ; Machine Hostname    ; OS Name ; OS Version ; Processor type ;
+----------------------+---------------------+---------+------------+----------------+
; Analysis & Synthesis ; mich-Sword-17-A11UC ; Ubuntu  ; 20         ; x86_64         ;
; Fitter               ; mich-Sword-17-A11UC ; Ubuntu  ; 20         ; x86_64         ;
; Assembler            ; mich-Sword-17-A11UC ; Ubuntu  ; 20         ; x86_64         ;
; Timing Analyzer      ; mich-Sword-17-A11UC ; Ubuntu  ; 20         ; x86_64         ;
+----------------------+---------------------+---------+------------+----------------+


------------
; Flow Log ;
------------
quartus_map --read_settings_files=on --write_settings_files=off DE1_SoC_Default -c DE1_SoC_Default
quartus_fit --read_settings_files=off --write_settings_files=off DE1_SoC_Default -c DE1_SoC_Default
quartus_asm --read_settings_files=off --write_settings_files=off DE1_SoC_Default -c DE1_SoC_Default
quartus_sta DE1_SoC_Default -c DE1_SoC_Default



