Archive member included to satisfy reference by file (symbol)

g:/programs/17.1/nios2eds/bin/gnu/h-x86_64-mingw32/bin/../lib/gcc/nios2-elf/5.3.0\libgcc.a(lib2-divmod.o)
                              obj/default/src/SEG7.o (__udivsi3)
g:/programs/17.1/nios2eds/bin/gnu/h-x86_64-mingw32/bin/../lib/gcc/nios2-elf/5.3.0/../../../../../H-x86_64-mingw32/nios2-elf/lib\libc.a(lib_a-printf.o)
                              obj/default/src/debug.o (printf)
g:/programs/17.1/nios2eds/bin/gnu/h-x86_64-mingw32/bin/../lib/gcc/nios2-elf/5.3.0/../../../../../H-x86_64-mingw32/nios2-elf/lib\libc.a(lib_a-puts.o)
                              obj/default/src/main.o (puts)
g:/programs/17.1/nios2eds/bin/gnu/h-x86_64-mingw32/bin/../lib/gcc/nios2-elf/5.3.0/../../../../../H-x86_64-mingw32/nios2-elf/lib\libc.a(lib_a-sprintf.o)
                              obj/default/src/debug.o (sprintf)
g:/programs/17.1/nios2eds/bin/gnu/h-x86_64-mingw32/bin/../lib/gcc/nios2-elf/5.3.0/../../../../../H-x86_64-mingw32/nios2-elf/lib\libc.a(lib_a-strlen.o)
                              g:/programs/17.1/nios2eds/bin/gnu/h-x86_64-mingw32/bin/../lib/gcc/nios2-elf/5.3.0/../../../../../H-x86_64-mingw32/nios2-elf/lib\libc.a(lib_a-puts.o) (strlen)
g:/programs/17.1/nios2eds/bin/gnu/h-x86_64-mingw32/bin/../lib/gcc/nios2-elf/5.3.0/../../../../../H-x86_64-mingw32/nios2-elf/lib\libc.a(lib_a-svfprintf.o)
                              g:/programs/17.1/nios2eds/bin/gnu/h-x86_64-mingw32/bin/../lib/gcc/nios2-elf/5.3.0/../../../../../H-x86_64-mingw32/nios2-elf/lib\libc.a(lib_a-sprintf.o) (___svfprintf_internal_r)
g:/programs/17.1/nios2eds/bin/gnu/h-x86_64-mingw32/bin/../lib/gcc/nios2-elf/5.3.0/../../../../../H-x86_64-mingw32/nios2-elf/lib\libc.a(lib_a-vfprintf.o)
                              g:/programs/17.1/nios2eds/bin/gnu/h-x86_64-mingw32/bin/../lib/gcc/nios2-elf/5.3.0/../../../../../H-x86_64-mingw32/nios2-elf/lib\libc.a(lib_a-printf.o) (___vfprintf_internal_r)
g:/programs/17.1/nios2eds/bin/gnu/h-x86_64-mingw32/bin/../lib/gcc/nios2-elf/5.3.0/../../../../../H-x86_64-mingw32/nios2-elf/lib\libc.a(lib_a-vsnprintf.o)
                              obj/default/src/debug.o (vsnprintf)
g:/programs/17.1/nios2eds/bin/gnu/h-x86_64-mingw32/bin/../lib/gcc/nios2-elf/5.3.0/../../../../../H-x86_64-mingw32/nios2-elf/lib\libc.a(lib_a-wsetup.o)
                              g:/programs/17.1/nios2eds/bin/gnu/h-x86_64-mingw32/bin/../lib/gcc/nios2-elf/5.3.0/../../../../../H-x86_64-mingw32/nios2-elf/lib\libc.a(lib_a-vfprintf.o) (__swsetup_r)
g:/programs/17.1/nios2eds/bin/gnu/h-x86_64-mingw32/bin/../lib/gcc/nios2-elf/5.3.0/../../../../../H-x86_64-mingw32/nios2-elf/lib\libc.a(lib_a-dtoa.o)
                              g:/programs/17.1/nios2eds/bin/gnu/h-x86_64-mingw32/bin/../lib/gcc/nios2-elf/5.3.0/../../../../../H-x86_64-mingw32/nios2-elf/lib\libc.a(lib_a-svfprintf.o) (_dtoa_r)
g:/programs/17.1/nios2eds/bin/gnu/h-x86_64-mingw32/bin/../lib/gcc/nios2-elf/5.3.0/../../../../../H-x86_64-mingw32/nios2-elf/lib\libc.a(lib_a-fflush.o)
                              g:/programs/17.1/nios2eds/bin/gnu/h-x86_64-mingw32/bin/../lib/gcc/nios2-elf/5.3.0/../../../../../H-x86_64-mingw32/nios2-elf/lib\libc.a(lib_a-vfprintf.o) (_fflush_r)
g:/programs/17.1/nios2eds/bin/gnu/h-x86_64-mingw32/bin/../lib/gcc/nios2-elf/5.3.0/../../../../../H-x86_64-mingw32/nios2-elf/lib\libc.a(lib_a-findfp.o)
                              g:/programs/17.1/nios2eds/bin/gnu/h-x86_64-mingw32/bin/../lib/gcc/nios2-elf/5.3.0/../../../../../H-x86_64-mingw32/nios2-elf/lib\libc.a(lib_a-puts.o) (__sinit)
g:/programs/17.1/nios2eds/bin/gnu/h-x86_64-mingw32/bin/../lib/gcc/nios2-elf/5.3.0/../../../../../H-x86_64-mingw32/nios2-elf/lib\libc.a(lib_a-freer.o)
                              g:/programs/17.1/nios2eds/bin/gnu/h-x86_64-mingw32/bin/../lib/gcc/nios2-elf/5.3.0/../../../../../H-x86_64-mingw32/nios2-elf/lib\libc.a(lib_a-wsetup.o) (_free_r)
g:/programs/17.1/nios2eds/bin/gnu/h-x86_64-mingw32/bin/../lib/gcc/nios2-elf/5.3.0/../../../../../H-x86_64-mingw32/nios2-elf/lib\libc.a(lib_a-fvwrite.o)
                              g:/programs/17.1/nios2eds/bin/gnu/h-x86_64-mingw32/bin/../lib/gcc/nios2-elf/5.3.0/../../../../../H-x86_64-mingw32/nios2-elf/lib\libc.a(lib_a-puts.o) (__sfvwrite_r)
g:/programs/17.1/nios2eds/bin/gnu/h-x86_64-mingw32/bin/../lib/gcc/nios2-elf/5.3.0/../../../../../H-x86_64-mingw32/nios2-elf/lib\libc.a(lib_a-fwalk.o)
                              g:/programs/17.1/nios2eds/bin/gnu/h-x86_64-mingw32/bin/../lib/gcc/nios2-elf/5.3.0/../../../../../H-x86_64-mingw32/nios2-elf/lib\libc.a(lib_a-findfp.o) (_fwalk)
g:/programs/17.1/nios2eds/bin/gnu/h-x86_64-mingw32/bin/../lib/gcc/nios2-elf/5.3.0/../../../../../H-x86_64-mingw32/nios2-elf/lib\libc.a(lib_a-impure.o)
                              g:/programs/17.1/nios2eds/bin/gnu/h-x86_64-mingw32/bin/../lib/gcc/nios2-elf/5.3.0/../../../../../H-x86_64-mingw32/nios2-elf/lib\libc.a(lib_a-fflush.o) (_global_impure_ptr)
[...]
Memory Configuration

Name             Origin             Length             Attributes
onchip_memory_0  0x0000000000002000 0x0000000000001000
reset            0x0000000020000000 0x0000000000000020
onchip_memory2_0 0x0000000020000020 0x000000000004e1e0
sdram            0x0000000040000000 0x0000000004000000
*default*        0x0000000000000000 0xffffffffffffffff

Linker script and memory map

LOAD ../Lab3_mousing_the_mouse_bsp//obj/HAL/src/crt0.o
LOAD obj/default/src/LED.o
LOAD obj/default/src/SEG7.o
LOAD obj/default/src/debug.o
LOAD obj/default/src/main.o
LOAD obj/default/src/mouse.o
LOAD g:/programs/17.1/nios2eds/bin/gnu/h-x86_64-mingw32/bin/../lib/gcc/nios2-elf/5.3.0/../../../../../H-x86_64-mingw32/nios2-elf/lib\libstdc++.a
LOAD g:/programs/17.1/nios2eds/bin/gnu/h-x86_64-mingw32/bin/../lib/gcc/nios2-elf/5.3.0/../../../../../H-x86_64-mingw32/nios2-elf/lib\libm.a
LOAD g:/programs/17.1/nios2eds/bin/gnu/h-x86_64-mingw32/bin/../lib/gcc/nios2-elf/5.3.0\libgcc.a
START GROUP
LOAD g:/programs/17.1/nios2eds/bin/gnu/h-x86_64-mingw32/bin/../lib/gcc/nios2-elf/5.3.0/../../../../../H-x86_64-mingw32/nios2-elf/lib\libc.a
LOAD g:/programs/17.1/nios2eds/bin/gnu/h-x86_64-mingw32/bin/../lib/gcc/nios2-elf/5.3.0\libgcc.a
LOAD ../Lab3_mousing_the_mouse_bsp/\libhal_bsp.a
LOAD g:/programs/17.1/nios2eds/bin/gnu/h-x86_64-mingw32/bin/../lib/gcc/nios2-elf/5.3.0/../../../../../H-x86_64-mingw32/nios2-elf/lib\libm.a
END GROUP
LOAD g:/programs/17.1/nios2eds/bin/gnu/h-x86_64-mingw32/bin/../lib/gcc/nios2-elf/5.3.0\libgcc.a
                0x0000000000002000                __alt_mem_onchip_memory_0 = 0x2000
                0x0000000020000000                __alt_mem_onchip_memory2_0 = 0x20000000
                0x0000000040000000                __alt_mem_sdram = 0x40000000

.entry          0x0000000020000000       0x20
 *(.entry)
 .entry         0x0000000020000000       0x20 ../Lab3_mousing_the_mouse_bsp//obj/HAL/src/crt0.o
                0x0000000020000000                __reset

.exceptions     0x0000000020000020      0x16c
                0x0000000020000020                PROVIDE (__ram_exceptions_start, ABSOLUTE (.))
                0x0000000020000020                . = ALIGN (0x20)
 *(.irq)
 *(.exceptions.entry.label)
 .exceptions.entry.label
                0x0000000020000020        0x0 ../Lab3_mousing_the_mouse_bsp/\libhal_bsp.a(alt_irq_entry.o)
                0x0000000020000020                alt_irq_entry
 .exceptions.entry.label
                0x0000000020000020        0x0 ../Lab3_mousing_the_mouse_bsp/\libhal_bsp.a(alt_exception_entry.o)
                0x0000000020000020                alt_exception
 *(.exceptions.entry.user)
 *(.exceptions.entry.ecc_fatal)
 *(.exceptions.entry)
 .exceptions.entry
                0x0000000020000020       0x54 ../Lab3_mousing_the_mouse_bsp/\libhal_bsp.a(alt_exception_entry.o)
 *(.exceptions.irqtest.user)
 *(.exceptions.irqtest)
 .exceptions.irqtest
                0x0000000020000074       0x10 ../Lab3_mousing_the_mouse_bsp/\libhal_bsp.a(alt_irq_entry.o)
 *(.exceptions.irqhandler.user)
 *(.exceptions.irqhandler)
 .exceptions.irqhandler
                0x0000000020000084        0x4 ../Lab3_mousing_the_mouse_bsp/\libhal_bsp.a(alt_irq_entry.o)
 *(.exceptions.irqreturn.user)
 *(.exceptions.irqreturn)
 .exceptions.irqreturn
                0x0000000020000088        0x4 ../Lab3_mousing_the_mouse_bsp/\libhal_bsp.a(alt_irq_entry.o)
 *(.exceptions.notirq.label)
 .exceptions.notirq.label
                0x000000002000008c        0x0 ../Lab3_mousing_the_mouse_bsp/\libhal_bsp.a(alt_irq_entry.o)
 *(.exceptions.notirq.user)
 *(.exceptions.notirq)
 .exceptions.notirq
                0x000000002000008c        0x8 ../Lab3_mousing_the_mouse_bsp/\libhal_bsp.a(alt_exception_entry.o)
 *(.exceptions.soft.user)
 *(.exceptions.soft)
 *(.exceptions.unknown.user)
 *(.exceptions.unknown)
 .exceptions.unknown
                0x0000000020000094       0x14 ../Lab3_mousing_the_mouse_bsp/\libhal_bsp.a(alt_exception_entry.o)
 *(.exceptions.exit.label)
 .exceptions.exit.label
                0x00000000200000a8        0x0 ../Lab3_mousing_the_mouse_bsp/\libhal_bsp.a(alt_irq_entry.o)
 .exceptions.exit.label
                0x00000000200000a8        0x0 ../Lab3_mousing_the_mouse_bsp/\libhal_bsp.a(alt_exception_entry.o)
 *(.exceptions.exit.user)
 *(.exceptions.exit)
 .exceptions.exit
                0x00000000200000a8       0x54 ../Lab3_mousing_the_mouse_bsp/\libhal_bsp.a(alt_exception_entry.o)
 *(.exceptions)
 .exceptions    0x00000000200000fc       0x64 ../Lab3_mousing_the_mouse_bsp/\libhal_bsp.a(alt_irq_handler.o)
                0x00000000200000fc                alt_irq_handler
 .exceptions    0x0000000020000160       0x2c ../Lab3_mousing_the_mouse_bsp/\libhal_bsp.a(alt_instruction_exception_entry.o)
                0x0000000020000160                alt_instruction_exception_entry
                0x000000002000018c                PROVIDE (__ram_exceptions_end, ABSOLUTE (.))
                0x0000000020000020                PROVIDE (__flash_exceptions_start, LOADADDR (.exceptions))

.text           0x000000002000018c    0x1230c
                [!provide]                        PROVIDE (stext, ABSOLUTE (.))
 *(.interp)
 *(.hash)
 *(.dynsym)
 *(.dynstr)
 *(.gnu.version)
 *(.gnu.version_d)
 *(.gnu.version_r)
 *(.rel.init)
 *(.rela.init)
 *(.rel.text .rel.text.* .rel.gnu.linkonce.t.*)
 *(.rela.text .rela.text.* .rela.gnu.linkonce.t.*)
 *(.rel.fini)
 *(.rela.fini)
 *(.rel.rodata .rel.rodata.* .rel.gnu.linkonce.r.*)
 *(.rela.rodata .rela.rodata.* .rela.gnu.linkonce.r.*)
 *(.rel.data .rel.data.* .rel.gnu.linkonce.d.*)
 *(.rela.data .rela.data.* .rela.gnu.linkonce.d.*)
 *(.rel.tdata .rel.tdata.* .rel.gnu.linkonce.td.*)
 *(.rela.tdata .rela.tdata.* .rela.gnu.linkonce.td.*)
 *(.rel.tbss .rel.tbss.* .rel.gnu.linkonce.tb.*)
 *(.rela.tbss .rela.tbss.* .rela.gnu.linkonce.tb.*)
 *(.rel.ctors)
 *(.rela.ctors)
 *(.rel.dtors)
 *(.rela.dtors)
 *(.rel.got)
 *(.rela.got)
 *(.rel.sdata .rel.sdata.* .rel.gnu.linkonce.s.*)
 *(.rela.sdata .rela.sdata.* .rela.gnu.linkonce.s.*)
 *(.rel.sbss .rel.sbss.* .rel.gnu.linkonce.sb.*)
 *(.rela.sbss .rela.sbss.* .rela.gnu.linkonce.sb.*)
 *(.rel.sdata2 .rel.sdata2.* .rel.gnu.linkonce.s2.*)
 *(.rela.sdata2 .rela.sdata2.* .rela.gnu.linkonce.s2.*)
 *(.rel.sbss2 .rel.sbss2.* .rel.gnu.linkonce.sb2.*)
 *(.rela.sbss2 .rela.sbss2.* .rela.gnu.linkonce.sb2.*)
 *(.rel.bss .rel.bss.* .rel.gnu.linkonce.b.*)
 *(.rela.bss .rela.bss.* .rela.gnu.linkonce.b.*)
 *(.rel.plt)
 *(.rela.plt)
 *(.rel.dyn)
 *(.init)
 *(.plt)
 *(.text .stub .text.* .gnu.linkonce.t.*)
 .text          0x000000002000018c       0x4c ../Lab3_mousing_the_mouse_bsp//obj/HAL/src/crt0.o
                0x000000002000018c                _start
 .text          0x00000000200001d8      0x10c obj/default/src/LED.o
                0x00000000200001d8                LED_Display
                0x0000000020000210                LED_AllOn
                0x0000000020000240                LED_AllOff
                0x0000000020000270                LED_LightCount
 .text          0x00000000200002e4      0x2c8 obj/default/src/SEG7.o
                0x00000000200002e4                SEG7_Clear
                0x000000002000033c                SEG7_Full
                0x0000000020000394                SEG7_Number
                0x0000000020000400                SEG7_Hex
                0x00000000200004c8                SEG7_Decimal
 .text          0x00000000200005ac      0x1b8 obj/default/src/debug.o
                0x00000000200005ac                debug_output
                0x00000000200005e0                myprintf
                0x000000002000064c                myprintf_hex_array
                0x00000000200006d4                myprintf_dword_array
 .text          0x0000000020000764       0x84 obj/default/src/main.o
                0x0000000020000764                init
                0x00000000200007a4                main
 .text          0x00000000200007e8        0x0 obj/default/src/mouse.o
 .text          0x00000000200007e8      0x1b4 g:/programs/17.1/nios2eds/bin/gnu/h-x86_64-mingw32/bin/../lib/gcc/nios2-elf/5.3.0\libgcc.a(lib2-divmod.o)
                0x00000000200007e8                __divsi3
                0x000000002000086c                __modsi3
                0x00000000200008e0                __udivsi3
                0x0000000020000944                __umodsi3
 .text          0x000000002000099c        0x0 g:/programs/17.1/nios2eds/bin/gnu/h-x86_64-mingw32/bin/../lib/gcc/nios2-elf/5.3.0/../../../../../H-x86_64-mingw32/nios2-elf/lib\libc.a(lib_a-printf.o)
 .text._printf_r
                0x000000002000099c       0x30 g:/programs/17.1/nios2eds/bin/gnu/h-x86_64-mingw32/bin/../lib/gcc/nios2-elf/5.3.0/../../../../../H-x86_64-mingw32/nios2-elf/lib\libc.a(lib_a-printf.o)
                0x000000002000099c                _printf_r
 .text.printf   0x00000000200009cc       0x3c g:/programs/17.1/nios2eds/bin/gnu/h-x86_64-mingw32/bin/../lib/gcc/nios2-elf/5.3.0/../../../../../H-x86_64-mingw32/nios2-elf/lib\libc.a(lib_a-printf.o)
                0x00000000200009cc                printf
 .text          0x0000000020000a08        0x0 g:/programs/17.1/nios2eds/bin/gnu/h-x86_64-mingw32/bin/../lib/gcc/nios2-elf/5.3.0/../../../../../H-x86_64-mingw32/nios2-elf/lib\libc.a(lib_a-puts.o)
 .text._puts_r  0x0000000020000a08       0xc0 g:/programs/17.1/nios2eds/bin/gnu/h-x86_64-mingw32/bin/../lib/gcc/nios2-elf/5.3.0/../../../../../H-x86_64-mingw32/nios2-elf/lib\libc.a(lib_a-puts.o)
                0x0000000020000a08                _puts_r
 .text.puts     0x0000000020000ac8       0x14 g:/programs/17.1/nios2eds/bin/gnu/h-x86_64-mingw32/bin/../lib/gcc/nios2-elf/5.3.0/../../../../../H-x86_64-mingw32/nios2-elf/lib\libc.a(lib_a-puts.o)
                0x0000000020000ac8                puts
 .text          0x0000000020000adc        0x0 g:/programs/17.1/nios2eds/bin/gnu/h-x86_64-mingw32/bin/../lib/gcc/nios2-elf/5.3.0/../../../../../H-x86_64-mingw32/nios2-elf/lib\libc.a(lib_a-sprintf.o)
 .text._sprintf_r
                0x0000000020000adc       0x58 g:/programs/17.1/nios2eds/bin/gnu/h-x86_64-mingw32/bin/../lib/gcc/nios2-elf/5.3.0/../../../../../H-x86_64-mingw32/nios2-elf/lib\libc.a(lib_a-sprintf.o)
                0x0000000020000adc                _sprintf_r
 .text.sprintf  0x0000000020000b34       0x6c g:/programs/17.1/nios2eds/bin/gnu/h-x86_64-mingw32/bin/../lib/gcc/nios2-elf/5.3.0/../../../../../H-x86_64-mingw32/nios2-elf/lib\libc.a(lib_a-sprintf.o)
                0x0000000020000b34                sprintf
 .text          0x0000000020000ba0        0x0 g:/programs/17.1/nios2eds/bin/gnu/h-x86_64-mingw32/bin/../lib/gcc/nios2-elf/5.3.0/../../../../../H-x86_64-mingw32/nios2-elf/lib\libc.a(lib_a-strlen.o)
 .text.strlen   0x0000000020000ba0       0x98 g:/programs/17.1/nios2eds/bin/gnu/h-x86_64-mingw32/bin/../lib/gcc/nios2-elf/5.3.0/../../../../../H-x86_64-mingw32/nios2-elf/lib\libc.a(lib_a-strlen.o)
                0x0000000020000ba0                strlen
 .text          0x0000000020000c38        0x0 g:/programs/17.1/nios2eds/bin/gnu/h-x86_64-mingw32/bin/../lib/gcc/nios2-elf/5.3.0/../../../../../H-x86_64-mingw32/nios2-elf/lib\libc.a(lib_a-svfprintf.o)
 .text.___svfprintf_internal_r
                0x0000000020000c38     0x21d8 g:/programs/17.1/nios2eds/bin/gnu/h-x86_64-mingw32/bin/../lib/gcc/nios2-elf/5.3.0/../../../../../H-x86_64-mingw32/nios2-elf/lib\libc.a(lib_a-svfprintf.o)
                0x0000000020000c38                ___svfprintf_internal_r
 .text          0x0000000020002e10        0x0 g:/programs/17.1/nios2eds/bin/gnu/h-x86_64-mingw32/bin/../lib/gcc/nios2-elf/5.3.0/../../../../../H-x86_64-mingw32/nios2-elf/lib\libc.a(lib_a-vfprintf.o)
 .text.___vfprintf_internal_r
                0x0000000020002e10     0x21f8 g:/programs/17.1/nios2eds/bin/gnu/h-x86_64-mingw32/bin/../lib/gcc/nios2-elf/5.3.0/../../../../../H-x86_64-mingw32/nios2-elf/lib\libc.a(lib_a-vfprintf.o)
                0x0000000020002e10                ___vfprintf_internal_r
 .text.__vfprintf_internal
                0x0000000020005008       0x1c g:/programs/17.1/nios2eds/bin/gnu/h-x86_64-mingw32/bin/../lib/gcc/nios2-elf/5.3.0/../../../../../H-x86_64-mingw32/nios2-elf/lib\libc.a(lib_a-vfprintf.o)
                0x0000000020005008                __vfprintf_internal
 .text.__sbprintf
                0x0000000020005024       0xbc g:/programs/17.1/nios2eds/bin/gnu/h-x86_64-mingw32/bin/../lib/gcc/nios2-elf/5.3.0/../../../../../H-x86_64-mingw32/nios2-elf/lib\libc.a(lib_a-vfprintf.o)
 .text          0x00000000200050e0        0x0 g:/programs/17.1/nios2eds/bin/gnu/h-x86_64-mingw32/bin/../lib/gcc/nios2-elf/5.3.0/../../../../../H-x86_64-mingw32/nios2-elf/lib\libc.a(lib_a-vsnprintf.o)
 .text._vsnprintf_r
                0x00000000200050e0       0xf0 g:/programs/17.1/nios2eds/bin/gnu/h-x86_64-mingw32/bin/../lib/gcc/nios2-elf/5.3.0/../../../../../H-x86_64-mingw32/nios2-elf/lib\libc.a(lib_a-vsnprintf.o)
                0x00000000200050e0                _vsnprintf_r
 .text.vsnprintf
                0x00000000200051d0       0x34 g:/programs/17.1/nios2eds/bin/gnu/h-x86_64-mingw32/bin/../lib/gcc/nios2-elf/5.3.0/../../../../../H-x86_64-mingw32/nios2-elf/lib\libc.a(lib_a-vsnprintf.o)
                0x00000000200051d0                vsnprintf
 .text          0x0000000020005204        0x0 g:/programs/17.1/nios2eds/bin/gnu/h-x86_64-mingw32/bin/../lib/gcc/nios2-elf/5.3.0/../../../../../H-x86_64-mingw32/nios2-elf/lib\libc.a(lib_a-wsetup.o)
 .text.__swsetup_r
                0x0000000020005204      0x154 g:/programs/17.1/nios2eds/bin/gnu/h-x86_64-mingw32/bin/../lib/gcc/nios2-elf/5.3.0/../../../../../H-x86_64-mingw32/nios2-elf/lib\libc.a(lib_a-wsetup.o)
                0x0000000020005204                __swsetup_r
 .text          0x0000000020005358        0x0 g:/programs/17.1/nios2eds/bin/gnu/h-x86_64-mingw32/bin/../lib/gcc/nios2-elf/5.3.0/../../../../../H-x86_64-mingw32/nios2-elf/lib\libc.a(lib_a-dtoa.o)
 .text.quorem   0x0000000020005358      0x200 g:/programs/17.1/nios2eds/bin/gnu/h-x86_64-mingw32/bin/../lib/gcc/nios2-elf/5.3.0/../../../../../H-x86_64-mingw32/nios2-elf/lib\libc.a(lib_a-dtoa.o)
 .text._dtoa_r  0x0000000020005558     0x1688 g:/programs/17.1/nios2eds/bin/gnu/h-x86_64-mingw32/bin/../lib/gcc/nios2-elf/5.3.0/../../../../../H-x86_64-mingw32/nios2-elf/lib\libc.a(lib_a-dtoa.o)
                0x0000000020005558                _dtoa_r
 .text          0x0000000020006be0        0x0 g:/programs/17.1/nios2eds/bin/gnu/h-x86_64-mingw32/bin/../lib/gcc/nios2-elf/5.3.0/../../../../../H-x86_64-mingw32/nios2-elf/lib\libc.a(lib_a-fflush.o)
 .text.__sflush_r
                0x0000000020006be0      0x21c g:/programs/17.1/nios2eds/bin/gnu/h-x86_64-mingw32/bin/../lib/gcc/nios2-elf/5.3.0/../../../../../H-x86_64-mingw32/nios2-elf/lib\libc.a(lib_a-fflush.o)
                0x0000000020006be0                __sflush_r
 .text._fflush_r
                0x0000000020006dfc       0x5c g:/programs/17.1/nios2eds/bin/gnu/h-x86_64-mingw32/bin/../lib/gcc/nios2-elf/5.3.0/../../../../../H-x86_64-mingw32/nios2-elf/lib\libc.a(lib_a-fflush.o)
                0x0000000020006dfc                _fflush_r
 .text.fflush   0x0000000020006e58       0x30 g:/programs/17.1/nios2eds/bin/gnu/h-x86_64-mingw32/bin/../lib/gcc/nios2-elf/5.3.0/../../../../../H-x86_64-mingw32/nios2-elf/lib\libc.a(lib_a-fflush.o)
                0x0000000020006e58                fflush
 .text          0x0000000020006e88        0x0 g:/programs/17.1/nios2eds/bin/gnu/h-x86_64-mingw32/bin/../lib/gcc/nios2-elf/5.3.0/../../../../../H-x86_64-mingw32/nios2-elf/lib\libc.a(lib_a-findfp.o)
 .text.__fp_unlock
                0x0000000020006e88        0x8 g:/programs/17.1/nios2eds/bin/gnu/h-x86_64-mingw32/bin/../lib/gcc/nios2-elf/5.3.0/../../../../../H-x86_64-mingw32/nios2-elf/lib\libc.a(lib_a-findfp.o)
 .text._cleanup_r
                0x0000000020006e90        0xc g:/programs/17.1/nios2eds/bin/gnu/h-x86_64-mingw32/bin/../lib/gcc/nios2-elf/5.3.0/../../../../../H-x86_64-mingw32/nios2-elf/lib\libc.a(lib_a-findfp.o)
                0x0000000020006e90                _cleanup_r
 .text.__sinit.part.1
                0x0000000020006e9c      0x19c g:/programs/17.1/nios2eds/bin/gnu/h-x86_64-mingw32/bin/../lib/gcc/nios2-elf/5.3.0/../../../../../H-x86_64-mingw32/nios2-elf/lib\libc.a(lib_a-findfp.o)
 .text.__fp_lock
                0x0000000020007038        0x8 g:/programs/17.1/nios2eds/bin/gnu/h-x86_64-mingw32/bin/../lib/gcc/nios2-elf/5.3.0/../../../../../H-x86_64-mingw32/nios2-elf/lib\libc.a(lib_a-findfp.o)
 .text.__sfmoreglue
                0x0000000020007040       0x68 g:/programs/17.1/nios2eds/bin/gnu/h-x86_64-mingw32/bin/../lib/gcc/nios2-elf/5.3.0/../../../../../H-x86_64-mingw32/nios2-elf/lib\libc.a(lib_a-findfp.o)
                0x0000000020007040                __sfmoreglue
 .text.__sfp    0x00000000200070a8      0x118 g:/programs/17.1/nios2eds/bin/gnu/h-x86_64-mingw32/bin/../lib/gcc/nios2-elf/5.3.0/../../../../../H-x86_64-mingw32/nios2-elf/lib\libc.a(lib_a-findfp.o)
                0x00000000200070a8                __sfp
 .text._cleanup
                0x00000000200071c0       0x18 g:/programs/17.1/nios2eds/bin/gnu/h-x86_64-mingw32/bin/../lib/gcc/nios2-elf/5.3.0/../../../../../H-x86_64-mingw32/nios2-elf/lib\libc.a(lib_a-findfp.o)
                0x00000000200071c0                _cleanup
 .text.__sinit  0x00000000200071d8       0x10 g:/programs/17.1/nios2eds/bin/gnu/h-x86_64-mingw32/bin/../lib/gcc/nios2-elf/5.3.0/../../../../../H-x86_64-mingw32/nios2-elf/lib\libc.a(lib_a-findfp.o)
                0x00000000200071d8                __sinit
 .text.__sfp_lock_acquire
                0x00000000200071e8        0x4 g:/programs/17.1/nios2eds/bin/gnu/h-x86_64-mingw32/bin/../lib/gcc/nios2-elf/5.3.0/../../../../../H-x86_64-mingw32/nios2-elf/lib\libc.a(lib_a-findfp.o)
                0x00000000200071e8                __sfp_lock_acquire
 .text.__sfp_lock_release
                0x00000000200071ec        0x4 g:/programs/17.1/nios2eds/bin/gnu/h-x86_64-mingw32/bin/../lib/gcc/nios2-elf/5.3.0/../../../../../H-x86_64-mingw32/nios2-elf/lib\libc.a(lib_a-findfp.o)
                0x00000000200071ec                __sfp_lock_release
 .text.__sinit_lock_acquire
                0x00000000200071f0        0x4 g:/programs/17.1/nios2eds/bin/gnu/h-x86_64-mingw32/bin/../lib/gcc/nios2-elf/5.3.0/../../../../../H-x86_64-mingw32/nios2-elf/lib\libc.a(lib_a-findfp.o)
                0x00000000200071f0                __sinit_lock_acquire
 .text.__sinit_lock_release
                0x00000000200071f4        0x4 g:/programs/17.1/nios2eds/bin/gnu/h-x86_64-mingw32/bin/../lib/gcc/nios2-elf/5.3.0/../../../../../H-x86_64-mingw32/nios2-elf/lib\libc.a(lib_a-findfp.o)
                0x00000000200071f4                __sinit_lock_release
 .text.__fp_lock_all
                0x00000000200071f8       0x18 g:/programs/17.1/nios2eds/bin/gnu/h-x86_64-mingw32/bin/../lib/gcc/nios2-elf/5.3.0/../../../../../H-x86_64-mingw32/nios2-elf/lib\libc.a(lib_a-findfp.o)
                0x00000000200071f8                __fp_lock_all
 .text.__fp_unlock_all
                0x0000000020007210       0x18 g:/programs/17.1/nios2eds/bin/gnu/h-x86_64-mingw32/bin/../lib/gcc/nios2-elf/5.3.0/../../../../../H-x86_64-mingw32/nios2-elf/lib\libc.a(lib_a-findfp.o)
                0x0000000020007210                __fp_unlock_all
 .text          0x0000000020007228        0x0 g:/programs/17.1/nios2eds/bin/gnu/h-x86_64-mingw32/bin/../lib/gcc/nios2-elf/5.3.0/../../../../../H-x86_64-mingw32/nios2-elf/lib\libc.a(lib_a-freer.o)
 .text._malloc_trim_r
                0x0000000020007228      0x124 g:/programs/17.1/nios2eds/bin/gnu/h-x86_64-mingw32/bin/../lib/gcc/nios2-elf/5.3.0/../../../../../H-x86_64-mingw32/nios2-elf/lib\libc.a(lib_a-freer.o)
                0x0000000020007228                _malloc_trim_r
 .text._free_r  0x000000002000734c      0x310 g:/programs/17.1/nios2eds/bin/gnu/h-x86_64-mingw32/bin/../lib/gcc/nios2-elf/5.3.0/../../../../../H-x86_64-mingw32/nios2-elf/lib\libc.a(lib_a-freer.o)
                0x000000002000734c                _free_r
 .text          0x000000002000765c        0x0 g:/programs/17.1/nios2eds/bin/gnu/h-x86_64-mingw32/bin/../lib/gcc/nios2-elf/5.3.0/../../../../../H-x86_64-mingw32/nios2-elf/lib\libc.a(lib_a-fvwrite.o)
 .text.__sfvwrite_r
                0x000000002000765c      0x4bc g:/programs/17.1/nios2eds/bin/gnu/h-x86_64-mingw32/bin/../lib/gcc/nios2-elf/5.3.0/../../../../../H-x86_64-mingw32/nios2-elf/lib\libc.a(lib_a-fvwrite.o)
                0x000000002000765c                __sfvwrite_r
 .text          0x0000000020007b18        0x0 g:/programs/17.1/nios2eds/bin/gnu/h-x86_64-mingw32/bin/../lib/gcc/nios2-elf/5.3.0/../../../../../H-x86_64-mingw32/nios2-elf/lib\libc.a(lib_a-fwalk.o)
 .text._fwalk   0x0000000020007b18       0xc4 g:/programs/17.1/nios2eds/bin/gnu/h-x86_64-mingw32/bin/../lib/gcc/nios2-elf/5.3.0/../../../../../H-x86_64-mingw32/nios2-elf/lib\libc.a(lib_a-fwalk.o)
                0x0000000020007b18                _fwalk
 .text._fwalk_reent
                0x0000000020007bdc       0xc4 g:/programs/17.1/nios2eds/bin/gnu/h-x86_64-mingw32/bin/../lib/gcc/nios2-elf/5.3.0/../../../../../H-x86_64-mingw32/nios2-elf/lib\libc.a(lib_a-fwalk.o)
                0x0000000020007bdc                _fwalk_reent
 .text          0x0000000020007ca0        0x0 g:/programs/17.1/nios2eds/bin/gnu/h-x86_64-mingw32/bin/../lib/gcc/nios2-elf/5.3.0/../../../../../H-x86_64-mingw32/nios2-elf/lib\libc.a(lib_a-impure.o)
 .text          0x0000000020007ca0        0x0 g:/programs/17.1/nios2eds/bin/gnu/h-x86_64-mingw32/bin/../lib/gcc/nios2-elf/5.3.0/../../../../../H-x86_64-mingw32/nios2-elf/lib\libc.a(lib_a-locale.o)
 .text._setlocale_r
                0x0000000020007ca0       0x7c g:/programs/17.1/nios2eds/bin/gnu/h-x86_64-mingw32/bin/../lib/gcc/nios2-elf/5.3.0/../../../../../H-x86_64-mingw32/nios2-elf/lib\libc.a(lib_a-locale.o)
                0x0000000020007ca0                _setlocale_r
 .text.__locale_charset
                0x0000000020007d1c        0xc g:/programs/17.1/nios2eds/bin/gnu/h-x86_64-mingw32/bin/../lib/gcc/nios2-elf/5.3.0/../../../../../H-x86_64-mingw32/nios2-elf/lib\libc.a(lib_a-locale.o)
                0x0000000020007d1c                __locale_charset
 .text.__locale_mb_cur_max
                0x0000000020007d28       0x10 g:/programs/17.1/nios2eds/bin/gnu/h-x86_64-mingw32/bin/../lib/gcc/nios2-elf/5.3.0/../../../../../H-x86_64-mingw32/nios2-elf/lib\libc.a(lib_a-locale.o)
                0x0000000020007d28                __locale_mb_cur_max
 .text.__locale_msgcharset
                0x0000000020007d38        0xc g:/programs/17.1/nios2eds/bin/gnu/h-x86_64-mingw32/bin/../lib/gcc/nios2-elf/5.3.0/../../../../../H-x86_64-mingw32/nios2-elf/lib\libc.a(lib_a-locale.o)
                0x0000000020007d38                __locale_msgcharset
 .text.__locale_cjk_lang
                0x0000000020007d44        0x8 g:/programs/17.1/nios2eds/bin/gnu/h-x86_64-mingw32/bin/../lib/gcc/nios2-elf/5.3.0/../../../../../H-x86_64-mingw32/nios2-elf/lib\libc.a(lib_a-locale.o)
                0x0000000020007d44                __locale_cjk_lang
 .text._localeconv_r
                0x0000000020007d4c        0xc g:/programs/17.1/nios2eds/bin/gnu/h-x86_64-mingw32/bin/../lib/gcc/nios2-elf/5.3.0/../../../../../H-x86_64-mingw32/nios2-elf/lib\libc.a(lib_a-locale.o)
                0x0000000020007d4c                _localeconv_r
 .text.setlocale
                0x0000000020007d58       0x18 g:/programs/17.1/nios2eds/bin/gnu/h-x86_64-mingw32/bin/../lib/gcc/nios2-elf/5.3.0/../../../../../H-x86_64-mingw32/nios2-elf/lib\libc.a(lib_a-locale.o)
                0x0000000020007d58                setlocale
 .text.localeconv
                0x0000000020007d70        0xc g:/programs/17.1/nios2eds/bin/gnu/h-x86_64-mingw32/bin/../lib/gcc/nios2-elf/5.3.0/../../../../../H-x86_64-mingw32/nios2-elf/lib\libc.a(lib_a-locale.o)
                0x0000000020007d70                localeconv
 .text          0x0000000020007d7c        0x0 g:/programs/17.1/nios2eds/bin/gnu/h-x86_64-mingw32/bin/../lib/gcc/nios2-elf/5.3.0/../../../../../H-x86_64-mingw32/nios2-elf/lib\libc.a(lib_a-makebuf.o)
 .text.__smakebuf_r
                0x0000000020007d7c      0x1bc g:/programs/17.1/nios2eds/bin/gnu/h-x86_64-mingw32/bin/../lib/gcc/nios2-elf/5.3.0/../../../../../H-x86_64-mingw32/nios2-elf/lib\libc.a(lib_a-makebuf.o)
                0x0000000020007d7c                __smakebuf_r
 .text          0x0000000020007f38        0x0 g:/programs/17.1/nios2eds/bin/gnu/h-x86_64-mingw32/bin/../lib/gcc/nios2-elf/5.3.0/../../../../../H-x86_64-mingw32/nios2-elf/lib\libc.a(lib_a-mallocr.o)
 .text._malloc_r
                0x0000000020007f38      0x80c g:/programs/17.1/nios2eds/bin/gnu/h-x86_64-mingw32/bin/../lib/gcc/nios2-elf/5.3.0/../../../../../H-x86_64-mingw32/nios2-elf/lib\libc.a(lib_a-mallocr.o)
                0x0000000020007f38                _malloc_r
 .text          0x0000000020008744        0x0 g:/programs/17.1/nios2eds/bin/gnu/h-x86_64-mingw32/bin/../lib/gcc/nios2-elf/5.3.0/../../../../../H-x86_64-mingw32/nios2-elf/lib\libc.a(lib_a-memchr.o)
 .text.memchr   0x0000000020008744       0xe4 g:/programs/17.1/nios2eds/bin/gnu/h-x86_64-mingw32/bin/../lib/gcc/nios2-elf/5.3.0/../../../../../H-x86_64-mingw32/nios2-elf/lib\libc.a(lib_a-memchr.o)
                0x0000000020008744                memchr
 .text          0x0000000020008828        0x0 g:/programs/17.1/nios2eds/bin/gnu/h-x86_64-mingw32/bin/../lib/gcc/nios2-elf/5.3.0/../../../../../H-x86_64-mingw32/nios2-elf/lib\libc.a(lib_a-memcpy.o)
 .text.memcpy   0x0000000020008828      0x148 g:/programs/17.1/nios2eds/bin/gnu/h-x86_64-mingw32/bin/../lib/gcc/nios2-elf/5.3.0/../../../../../H-x86_64-mingw32/nios2-elf/lib\libc.a(lib_a-memcpy.o)
                0x0000000020008828                memcpy
 .text          0x0000000020008970        0x0 g:/programs/17.1/nios2eds/bin/gnu/h-x86_64-mingw32/bin/../lib/gcc/nios2-elf/5.3.0/../../../../../H-x86_64-mingw32/nios2-elf/lib\libc.a(lib_a-memmove.o)
 .text.memmove  0x0000000020008970      0x15c g:/programs/17.1/nios2eds/bin/gnu/h-x86_64-mingw32/bin/../lib/gcc/nios2-elf/5.3.0/../../../../../H-x86_64-mingw32/nios2-elf/lib\libc.a(lib_a-memmove.o)
                0x0000000020008970                memmove
 .text          0x0000000020008acc        0x0 g:/programs/17.1/nios2eds/bin/gnu/h-x86_64-mingw32/bin/../lib/gcc/nios2-elf/5.3.0/../../../../../H-x86_64-mingw32/nios2-elf/lib\libc.a(lib_a-memset.o)
 .text.memset   0x0000000020008acc      0x128 g:/programs/17.1/nios2eds/bin/gnu/h-x86_64-mingw32/bin/../lib/gcc/nios2-elf/5.3.0/../../../../../H-x86_64-mingw32/nios2-elf/lib\libc.a(lib_a-memset.o)
                0x0000000020008acc                memset
 .text          0x0000000020008bf4        0x0 g:/programs/17.1/nios2eds/bin/gnu/h-x86_64-mingw32/bin/../lib/gcc/nios2-elf/5.3.0/../../../../../H-x86_64-mingw32/nios2-elf/lib\libc.a(lib_a-mprec.o)
 .text._Balloc  0x0000000020008bf4       0xa8 g:/programs/17.1/nios2eds/bin/gnu/h-x86_64-mingw32/bin/../lib/gcc/nios2-elf/5.3.0/../../../../../H-x86_64-mingw32/nios2-elf/lib\libc.a(lib_a-mprec.o)
                0x0000000020008bf4                _Balloc
 .text._Bfree   0x0000000020008c9c       0x28 g:/programs/17.1/nios2eds/bin/gnu/h-x86_64-mingw32/bin/../lib/gcc/nios2-elf/5.3.0/../../../../../H-x86_64-mingw32/nios2-elf/lib\libc.a(lib_a-mprec.o)
                0x0000000020008c9c                _Bfree
 .text.__multadd
                0x0000000020008cc4      0x120 g:/programs/17.1/nios2eds/bin/gnu/h-x86_64-mingw32/bin/../lib/gcc/nios2-elf/5.3.0/../../../../../H-x86_64-mingw32/nios2-elf/lib\libc.a(lib_a-mprec.o)
                0x0000000020008cc4                __multadd
 .text.__s2b    0x0000000020008de4      0x104 g:/programs/17.1/nios2eds/bin/gnu/h-x86_64-mingw32/bin/../lib/gcc/nios2-elf/5.3.0/../../../../../H-x86_64-mingw32/nios2-elf/lib\libc.a(lib_a-mprec.o)
                0x0000000020008de4                __s2b
 .text.__hi0bits
                0x0000000020008ee8       0x68 g:/programs/17.1/nios2eds/bin/gnu/h-x86_64-mingw32/bin/../lib/gcc/nios2-elf/5.3.0/../../../../../H-x86_64-mingw32/nios2-elf/lib\libc.a(lib_a-mprec.o)
                0x0000000020008ee8                __hi0bits
 .text.__lo0bits
                0x0000000020008f50       0xb0 g:/programs/17.1/nios2eds/bin/gnu/h-x86_64-mingw32/bin/../lib/gcc/nios2-elf/5.3.0/../../../../../H-x86_64-mingw32/nios2-elf/lib\libc.a(lib_a-mprec.o)
                0x0000000020008f50                __lo0bits
 .text.__i2b    0x0000000020009000       0x3c g:/programs/17.1/nios2eds/bin/gnu/h-x86_64-mingw32/bin/../lib/gcc/nios2-elf/5.3.0/../../../../../H-x86_64-mingw32/nios2-elf/lib\libc.a(lib_a-mprec.o)
                0x0000000020009000                __i2b
 .text.__multiply
                0x000000002000903c      0x1f8 g:/programs/17.1/nios2eds/bin/gnu/h-x86_64-mingw32/bin/../lib/gcc/nios2-elf/5.3.0/../../../../../H-x86_64-mingw32/nios2-elf/lib\libc.a(lib_a-mprec.o)
                0x000000002000903c                __multiply
 .text.__pow5mult
                0x0000000020009234      0x140 g:/programs/17.1/nios2eds/bin/gnu/h-x86_64-mingw32/bin/../lib/gcc/nios2-elf/5.3.0/../../../../../H-x86_64-mingw32/nios2-elf/lib\libc.a(lib_a-mprec.o)
                0x0000000020009234                __pow5mult
 .text.__lshift
                0x0000000020009374      0x148 g:/programs/17.1/nios2eds/bin/gnu/h-x86_64-mingw32/bin/../lib/gcc/nios2-elf/5.3.0/../../../../../H-x86_64-mingw32/nios2-elf/lib\libc.a(lib_a-mprec.o)
                0x0000000020009374                __lshift
 .text.__mcmp   0x00000000200094bc       0x60 g:/programs/17.1/nios2eds/bin/gnu/h-x86_64-mingw32/bin/../lib/gcc/nios2-elf/5.3.0/../../../../../H-x86_64-mingw32/nios2-elf/lib\libc.a(lib_a-mprec.o)
                0x00000000200094bc                __mcmp
 .text.__mdiff  0x000000002000951c      0x1fc g:/programs/17.1/nios2eds/bin/gnu/h-x86_64-mingw32/bin/../lib/gcc/nios2-elf/5.3.0/../../../../../H-x86_64-mingw32/nios2-elf/lib\libc.a(lib_a-mprec.o)
                0x000000002000951c                __mdiff
 .text.__ulp    0x0000000020009718       0x64 g:/programs/17.1/nios2eds/bin/gnu/h-x86_64-mingw32/bin/../lib/gcc/nios2-elf/5.3.0/../../../../../H-x86_64-mingw32/nios2-elf/lib\libc.a(lib_a-mprec.o)
                0x0000000020009718                __ulp
 .text.__b2d    0x000000002000977c      0x10c g:/programs/17.1/nios2eds/bin/gnu/h-x86_64-mingw32/bin/../lib/gcc/nios2-elf/5.3.0/../../../../../H-x86_64-mingw32/nios2-elf/lib\libc.a(lib_a-mprec.o)
                0x000000002000977c                __b2d
 .text.__d2b    0x0000000020009888      0x14c g:/programs/17.1/nios2eds/bin/gnu/h-x86_64-mingw32/bin/../lib/gcc/nios2-elf/5.3.0/../../../../../H-x86_64-mingw32/nios2-elf/lib\libc.a(lib_a-mprec.o)
                0x0000000020009888                __d2b
 .text.__ratio  0x00000000200099d4       0xa4 g:/programs/17.1/nios2eds/bin/gnu/h-x86_64-mingw32/bin/../lib/gcc/nios2-elf/5.3.0/../../../../../H-x86_64-mingw32/nios2-elf/lib\libc.a(lib_a-mprec.o)
                0x00000000200099d4                __ratio
 .text._mprec_log10
                0x0000000020009a78       0x74 g:/programs/17.1/nios2eds/bin/gnu/h-x86_64-mingw32/bin/../lib/gcc/nios2-elf/5.3.0/../../../../../H-x86_64-mingw32/nios2-elf/lib\libc.a(lib_a-mprec.o)
                0x0000000020009a78                _mprec_log10
 .text.__copybits
                0x0000000020009aec       0x78 g:/programs/17.1/nios2eds/bin/gnu/h-x86_64-mingw32/bin/../lib/gcc/nios2-elf/5.3.0/../../../../../H-x86_64-mingw32/nios2-elf/lib\libc.a(lib_a-mprec.o)
                0x0000000020009aec                __copybits
 .text.__any_on
                0x0000000020009b64       0x8c g:/programs/17.1/nios2eds/bin/gnu/h-x86_64-mingw32/bin/../lib/gcc/nios2-elf/5.3.0/../../../../../H-x86_64-mingw32/nios2-elf/lib\libc.a(lib_a-mprec.o)
                0x0000000020009b64                __any_on
 .text          0x0000000020009bf0        0x0 g:/programs/17.1/nios2eds/bin/gnu/h-x86_64-mingw32/bin/../lib/gcc/nios2-elf/5.3.0/../../../../../H-x86_64-mingw32/nios2-elf/lib\libc.a(lib_a-reallocr.o)
 .text._realloc_r
                0x0000000020009bf0      0x564 g:/programs/17.1/nios2eds/bin/gnu/h-x86_64-mingw32/bin/../lib/gcc/nios2-elf/5.3.0/../../../../../H-x86_64-mingw32/nios2-elf/lib\libc.a(lib_a-reallocr.o)
                0x0000000020009bf0                _realloc_r
 .text          0x000000002000a154        0x0 g:/programs/17.1/nios2eds/bin/gnu/h-x86_64-mingw32/bin/../lib/gcc/nios2-elf/5.3.0/../../../../../H-x86_64-mingw32/nios2-elf/lib\libc.a(lib_a-s_fpclassify.o)
 .text.__fpclassifyd
                0x000000002000a154       0x74 g:/programs/17.1/nios2eds/bin/gnu/h-x86_64-mingw32/bin/../lib/gcc/nios2-elf/5.3.0/../../../../../H-x86_64-mingw32/nios2-elf/lib\libc.a(lib_a-s_fpclassify.o)
                0x000000002000a154                __fpclassifyd
 .text          0x000000002000a1c8        0x0 g:/programs/17.1/nios2eds/bin/gnu/h-x86_64-mingw32/bin/../lib/gcc/nios2-elf/5.3.0/../../../../../H-x86_64-mingw32/nios2-elf/lib\libc.a(lib_a-sbrkr.o)
 .text._sbrk_r  0x000000002000a1c8       0x54 g:/programs/17.1/nios2eds/bin/gnu/h-x86_64-mingw32/bin/../lib/gcc/nios2-elf/5.3.0/../../../../../H-x86_64-mingw32/nios2-elf/lib\libc.a(lib_a-sbrkr.o)
                0x000000002000a1c8                _sbrk_r
 .text          0x000000002000a21c        0x0 g:/programs/17.1/nios2eds/bin/gnu/h-x86_64-mingw32/bin/../lib/gcc/nios2-elf/5.3.0/../../../../../H-x86_64-mingw32/nios2-elf/lib\libc.a(lib_a-stdio.o)
 .text.__sread  0x000000002000a21c       0x54 g:/programs/17.1/nios2eds/bin/gnu/h-x86_64-mingw32/bin/../lib/gcc/nios2-elf/5.3.0/../../../../../H-x86_64-mingw32/nios2-elf/lib\libc.a(lib_a-stdio.o)
                0x000000002000a21c                __sread
 .text.__seofread
                0x000000002000a270        0x8 g:/programs/17.1/nios2eds/bin/gnu/h-x86_64-mingw32/bin/../lib/gcc/nios2-elf/5.3.0/../../../../../H-x86_64-mingw32/nios2-elf/lib\libc.a(lib_a-stdio.o)
                0x000000002000a270                __seofread
 .text.__swrite
                0x000000002000a278       0x7c g:/programs/17.1/nios2eds/bin/gnu/h-x86_64-mingw32/bin/../lib/gcc/nios2-elf/5.3.0/../../../../../H-x86_64-mingw32/nios2-elf/lib\libc.a(lib_a-stdio.o)
                0x000000002000a278                __swrite
 .text.__sseek  0x000000002000a2f4       0x5c g:/programs/17.1/nios2eds/bin/gnu/h-x86_64-mingw32/bin/../lib/gcc/nios2-elf/5.3.0/../../../../../H-x86_64-mingw32/nios2-elf/lib\libc.a(lib_a-stdio.o)
                0x000000002000a2f4                __sseek
 .text.__sclose
                0x000000002000a350        0x8 g:/programs/17.1/nios2eds/bin/gnu/h-x86_64-mingw32/bin/../lib/gcc/nios2-elf/5.3.0/../../../../../H-x86_64-mingw32/nios2-elf/lib\libc.a(lib_a-stdio.o)
                0x000000002000a350                __sclose
 .text          0x000000002000a358        0x0 g:/programs/17.1/nios2eds/bin/gnu/h-x86_64-mingw32/bin/../lib/gcc/nios2-elf/5.3.0/../../../../../H-x86_64-mingw32/nios2-elf/lib\libc.a(lib_a-strcmp.o)
 .text.strcmp   0x000000002000a358       0xdc g:/programs/17.1/nios2eds/bin/gnu/h-x86_64-mingw32/bin/../lib/gcc/nios2-elf/5.3.0/../../../../../H-x86_64-mingw32/nios2-elf/lib\libc.a(lib_a-strcmp.o)
                0x000000002000a358                strcmp
 .text          0x000000002000a434        0x0 g:/programs/17.1/nios2eds/bin/gnu/h-x86_64-mingw32/bin/../lib/gcc/nios2-elf/5.3.0/../../../../../H-x86_64-mingw32/nios2-elf/lib\libc.a(lib_a-svfiprintf.o)
 .text.__ssprint_r
                0x000000002000a434      0x1d0 g:/programs/17.1/nios2eds/bin/gnu/h-x86_64-mingw32/bin/../lib/gcc/nios2-elf/5.3.0/../../../../../H-x86_64-mingw32/nios2-elf/lib\libc.a(lib_a-svfiprintf.o)
                0x000000002000a434                __ssprint_r
 .text.___svfiprintf_internal_r
                0x000000002000a604     0x123c g:/programs/17.1/nios2eds/bin/gnu/h-x86_64-mingw32/bin/../lib/gcc/nios2-elf/5.3.0/../../../../../H-x86_64-mingw32/nios2-elf/lib\libc.a(lib_a-svfiprintf.o)
                0x000000002000a604                ___svfiprintf_internal_r
 .text          0x000000002000b840        0x0 g:/programs/17.1/nios2eds/bin/gnu/h-x86_64-mingw32/bin/../lib/gcc/nios2-elf/5.3.0/../../../../../H-x86_64-mingw32/nios2-elf/lib\libc.a(lib_a-vfiprintf.o)
 .text.__sprint_r.part.0
                0x000000002000b840       0xfc g:/programs/17.1/nios2eds/bin/gnu/h-x86_64-mingw32/bin/../lib/gcc/nios2-elf/5.3.0/../../../../../H-x86_64-mingw32/nios2-elf/lib\libc.a(lib_a-vfiprintf.o)
 .text.__sprint_r
                0x000000002000b93c       0x18 g:/programs/17.1/nios2eds/bin/gnu/h-x86_64-mingw32/bin/../lib/gcc/nios2-elf/5.3.0/../../../../../H-x86_64-mingw32/nios2-elf/lib\libc.a(lib_a-vfiprintf.o)
                0x000000002000b93c                __sprint_r
 .text.___vfiprintf_internal_r
                0x000000002000b954     0x145c g:/programs/17.1/nios2eds/bin/gnu/h-x86_64-mingw32/bin/../lib/gcc/nios2-elf/5.3.0/../../../../../H-x86_64-mingw32/nios2-elf/lib\libc.a(lib_a-vfiprintf.o)
                0x000000002000b954                ___vfiprintf_internal_r
 .text.__vfiprintf_internal
                0x000000002000cdb0       0x1c g:/programs/17.1/nios2eds/bin/gnu/h-x86_64-mingw32/bin/../lib/gcc/nios2-elf/5.3.0/../../../../../H-x86_64-mingw32/nios2-elf/lib\libc.a(lib_a-vfiprintf.o)
                0x000000002000cdb0                __vfiprintf_internal
 .text.__sbprintf
                0x000000002000cdcc       0xbc g:/programs/17.1/nios2eds/bin/gnu/h-x86_64-mingw32/bin/../lib/gcc/nios2-elf/5.3.0/../../../../../H-x86_64-mingw32/nios2-elf/lib\libc.a(lib_a-vfiprintf.o)
 .text          0x000000002000ce88        0x0 g:/programs/17.1/nios2eds/bin/gnu/h-x86_64-mingw32/bin/../lib/gcc/nios2-elf/5.3.0/../../../../../H-x86_64-mingw32/nios2-elf/lib\libc.a(lib_a-writer.o)
 .text._write_r
                0x000000002000ce88       0x60 g:/programs/17.1/nios2eds/bin/gnu/h-x86_64-mingw32/bin/../lib/gcc/nios2-elf/5.3.0/../../../../../H-x86_64-mingw32/nios2-elf/lib\libc.a(lib_a-writer.o)
                0x000000002000ce88                _write_r
 .text          0x000000002000cee8        0x0 g:/programs/17.1/nios2eds/bin/gnu/h-x86_64-mingw32/bin/../lib/gcc/nios2-elf/5.3.0/../../../../../H-x86_64-mingw32/nios2-elf/lib\libc.a(closer.o)
 .text._close_r
                0x000000002000cee8       0x54 g:/programs/17.1/nios2eds/bin/gnu/h-x86_64-mingw32/bin/../lib/gcc/nios2-elf/5.3.0/../../../../../H-x86_64-mingw32/nios2-elf/lib\libc.a(closer.o)
                0x000000002000cee8                _close_r
 .text          0x000000002000cf3c        0x0 g:/programs/17.1/nios2eds/bin/gnu/h-x86_64-mingw32/bin/../lib/gcc/nios2-elf/5.3.0/../../../../../H-x86_64-mingw32/nios2-elf/lib\libc.a(lib_a-callocr.o)
 .text._calloc_r
                0x000000002000cf3c       0xc4 g:/programs/17.1/nios2eds/bin/gnu/h-x86_64-mingw32/bin/../lib/gcc/nios2-elf/5.3.0/../../../../../H-x86_64-mingw32/nios2-elf/lib\libc.a(lib_a-callocr.o)
                0x000000002000cf3c                _calloc_r
 .text          0x000000002000d000        0x0 g:/programs/17.1/nios2eds/bin/gnu/h-x86_64-mingw32/bin/../lib/gcc/nios2-elf/5.3.0/../../../../../H-x86_64-mingw32/nios2-elf/lib\libc.a(lib_a-fclose.o)
 .text._fclose_r
                0x000000002000d000       0xf0 g:/programs/17.1/nios2eds/bin/gnu/h-x86_64-mingw32/bin/../lib/gcc/nios2-elf/5.3.0/../../../../../H-x86_64-mingw32/nios2-elf/lib\libc.a(lib_a-fclose.o)
                0x000000002000d000                _fclose_r
 .text.fclose   0x000000002000d0f0       0x14 g:/programs/17.1/nios2eds/bin/gnu/h-x86_64-mingw32/bin/../lib/gcc/nios2-elf/5.3.0/../../../../../H-x86_64-mingw32/nios2-elf/lib\libc.a(lib_a-fclose.o)
                0x000000002000d0f0                fclose
 .text          0x000000002000d104        0x0 g:/programs/17.1/nios2eds/bin/gnu/h-x86_64-mingw32/bin/../lib/gcc/nios2-elf/5.3.0/../../../../../H-x86_64-mingw32/nios2-elf/lib\libc.a(lib_a-fputwc.o)
 .text.__fputwc
                0x000000002000d104      0x164 g:/programs/17.1/nios2eds/bin/gnu/h-x86_64-mingw32/bin/../lib/gcc/nios2-elf/5.3.0/../../../../../H-x86_64-mingw32/nios2-elf/lib\libc.a(lib_a-fputwc.o)
                0x000000002000d104                __fputwc
 .text._fputwc_r
                0x000000002000d268       0x24 g:/programs/17.1/nios2eds/bin/gnu/h-x86_64-mingw32/bin/../lib/gcc/nios2-elf/5.3.0/../../../../../H-x86_64-mingw32/nios2-elf/lib\libc.a(lib_a-fputwc.o)
                0x000000002000d268                _fputwc_r
 .text.fputwc   0x000000002000d28c       0x80 g:/programs/17.1/nios2eds/bin/gnu/h-x86_64-mingw32/bin/../lib/gcc/nios2-elf/5.3.0/../../../../../H-x86_64-mingw32/nios2-elf/lib\libc.a(lib_a-fputwc.o)
                0x000000002000d28c                fputwc
 .text          0x000000002000d30c        0x0 g:/programs/17.1/nios2eds/bin/gnu/h-x86_64-mingw32/bin/../lib/gcc/nios2-elf/5.3.0/../../../../../H-x86_64-mingw32/nios2-elf/lib\libc.a(lib_a-fstatr.o)
 .text._fstat_r
                0x000000002000d30c       0x5c g:/programs/17.1/nios2eds/bin/gnu/h-x86_64-mingw32/bin/../lib/gcc/nios2-elf/5.3.0/../../../../../H-x86_64-mingw32/nios2-elf/lib\libc.a(lib_a-fstatr.o)
                0x000000002000d30c                _fstat_r
 .text          0x000000002000d368        0x0 g:/programs/17.1/nios2eds/bin/gnu/h-x86_64-mingw32/bin/../lib/gcc/nios2-elf/5.3.0/../../../../../H-x86_64-mingw32/nios2-elf/lib\libc.a(lib_a-int_errno.o)
 .text          0x000000002000d368        0x0 g:/programs/17.1/nios2eds/bin/gnu/h-x86_64-mingw32/bin/../lib/gcc/nios2-elf/5.3.0/../../../../../H-x86_64-mingw32/nios2-elf/lib\libc.a(lib_a-isattyr.o)
 .text._isatty_r
                0x000000002000d368       0x54 g:/programs/17.1/nios2eds/bin/gnu/h-x86_64-mingw32/bin/../lib/gcc/nios2-elf/5.3.0/../../../../../H-x86_64-mingw32/nios2-elf/lib\libc.a(lib_a-isattyr.o)
                0x000000002000d368                _isatty_r
 .text          0x000000002000d3bc        0x0 g:/programs/17.1/nios2eds/bin/gnu/h-x86_64-mingw32/bin/../lib/gcc/nios2-elf/5.3.0/../../../../../H-x86_64-mingw32/nios2-elf/lib\libc.a(lib_a-lseekr.o)
 .text._lseek_r
                0x000000002000d3bc       0x60 g:/programs/17.1/nios2eds/bin/gnu/h-x86_64-mingw32/bin/../lib/gcc/nios2-elf/5.3.0/../../../../../H-x86_64-mingw32/nios2-elf/lib\libc.a(lib_a-lseekr.o)
                0x000000002000d3bc                _lseek_r
 .text          0x000000002000d41c        0x0 g:/programs/17.1/nios2eds/bin/gnu/h-x86_64-mingw32/bin/../lib/gcc/nios2-elf/5.3.0/../../../../../H-x86_64-mingw32/nios2-elf/lib\libc.a(lib_a-readr.o)
 .text._read_r  0x000000002000d41c       0x60 g:/programs/17.1/nios2eds/bin/gnu/h-x86_64-mingw32/bin/../lib/gcc/nios2-elf/5.3.0/../../../../../H-x86_64-mingw32/nios2-elf/lib\libc.a(lib_a-readr.o)
                0x000000002000d41c                _read_r
 .text          0x000000002000d47c        0x0 g:/programs/17.1/nios2eds/bin/gnu/h-x86_64-mingw32/bin/../lib/gcc/nios2-elf/5.3.0/../../../../../H-x86_64-mingw32/nios2-elf/lib\libc.a(lib_a-wbuf.o)
 .text.__swbuf_r
                0x000000002000d47c      0x140 g:/programs/17.1/nios2eds/bin/gnu/h-x86_64-mingw32/bin/../lib/gcc/nios2-elf/5.3.0/../../../../../H-x86_64-mingw32/nios2-elf/lib\libc.a(lib_a-wbuf.o)
                0x000000002000d47c                __swbuf_r
 .text.__swbuf  0x000000002000d5bc       0x18 g:/programs/17.1/nios2eds/bin/gnu/h-x86_64-mingw32/bin/../lib/gcc/nios2-elf/5.3.0/../../../../../H-x86_64-mingw32/nios2-elf/lib\libc.a(lib_a-wbuf.o)
                0x000000002000d5bc                __swbuf
 .text          0x000000002000d5d4        0x0 g:/programs/17.1/nios2eds/bin/gnu/h-x86_64-mingw32/bin/../lib/gcc/nios2-elf/5.3.0/../../../../../H-x86_64-mingw32/nios2-elf/lib\libc.a(lib_a-wcrtomb.o)
 .text._wcrtomb_r
                0x000000002000d5d4       0x9c g:/programs/17.1/nios2eds/bin/gnu/h-x86_64-mingw32/bin/../lib/gcc/nios2-elf/5.3.0/../../../../../H-x86_64-mingw32/nios2-elf/lib\libc.a(lib_a-wcrtomb.o)
                0x000000002000d5d4                _wcrtomb_r
 .text.wcrtomb  0x000000002000d670       0xc0 g:/programs/17.1/nios2eds/bin/gnu/h-x86_64-mingw32/bin/../lib/gcc/nios2-elf/5.3.0/../../../../../H-x86_64-mingw32/nios2-elf/lib\libc.a(lib_a-wcrtomb.o)
                0x000000002000d670                wcrtomb
 .text          0x000000002000d730        0x0 g:/programs/17.1/nios2eds/bin/gnu/h-x86_64-mingw32/bin/../lib/gcc/nios2-elf/5.3.0/../../../../../H-x86_64-mingw32/nios2-elf/lib\libc.a(lib_a-wctomb_r.o)
 .text.__ascii_wctomb
                0x000000002000d730       0x30 g:/programs/17.1/nios2eds/bin/gnu/h-x86_64-mingw32/bin/../lib/gcc/nios2-elf/5.3.0/../../../../../H-x86_64-mingw32/nios2-elf/lib\libc.a(lib_a-wctomb_r.o)
                0x000000002000d730                __ascii_wctomb
 .text._wctomb_r
                0x000000002000d760       0x5c g:/programs/17.1/nios2eds/bin/gnu/h-x86_64-mingw32/bin/../lib/gcc/nios2-elf/5.3.0/../../../../../H-x86_64-mingw32/nios2-elf/lib\libc.a(lib_a-wctomb_r.o)
                0x000000002000d760                _wctomb_r
 .text          0x000000002000d7bc      0x578 g:/programs/17.1/nios2eds/bin/gnu/h-x86_64-mingw32/bin/../lib/gcc/nios2-elf/5.3.0\libgcc.a(_udivdi3.o)
                0x000000002000d7bc                __udivdi3
 .text          0x000000002000dd34      0x538 g:/programs/17.1/nios2eds/bin/gnu/h-x86_64-mingw32/bin/../lib/gcc/nios2-elf/5.3.0\libgcc.a(_umoddi3.o)
                0x000000002000dd34                __umoddi3
 .text          0x000000002000e26c      0x8ac g:/programs/17.1/nios2eds/bin/gnu/h-x86_64-mingw32/bin/../lib/gcc/nios2-elf/5.3.0\libgcc.a(adddf3.o)
                0x000000002000e26c                __adddf3
 .text          0x000000002000eb18      0x8e8 g:/programs/17.1/nios2eds/bin/gnu/h-x86_64-mingw32/bin/../lib/gcc/nios2-elf/5.3.0\libgcc.a(divdf3.o)
                0x000000002000eb18                __divdf3
 .text          0x000000002000f400       0x88 g:/programs/17.1/nios2eds/bin/gnu/h-x86_64-mingw32/bin/../lib/gcc/nios2-elf/5.3.0\libgcc.a(eqdf2.o)
                0x000000002000f400                __nedf2
                0x000000002000f400                __eqdf2
 .text          0x000000002000f488       0xdc g:/programs/17.1/nios2eds/bin/gnu/h-x86_64-mingw32/bin/../lib/gcc/nios2-elf/5.3.0\libgcc.a(gedf2.o)
                0x000000002000f488                __gedf2
                0x000000002000f488                __gtdf2
 .text          0x000000002000f564       0xf4 g:/programs/17.1/nios2eds/bin/gnu/h-x86_64-mingw32/bin/../lib/gcc/nios2-elf/5.3.0\libgcc.a(ledf2.o)
                0x000000002000f564                __ledf2
                0x000000002000f564                __ltdf2
 .text          0x000000002000f658      0x718 g:/programs/17.1/nios2eds/bin/gnu/h-x86_64-mingw32/bin/../lib/gcc/nios2-elf/5.3.0\libgcc.a(muldf3.o)
                0x000000002000f658                __muldf3
 .text          0x000000002000fd70      0x8fc g:/programs/17.1/nios2eds/bin/gnu/h-x86_64-mingw32/bin/../lib/gcc/nios2-elf/5.3.0\libgcc.a(subdf3.o)
                0x000000002000fd70                __subdf3
 .text          0x000000002001066c       0x80 g:/programs/17.1/nios2eds/bin/gnu/h-x86_64-mingw32/bin/../lib/gcc/nios2-elf/5.3.0\libgcc.a(fixdfsi.o)
                0x000000002001066c                __fixdfsi
 .text          0x00000000200106ec       0xdc g:/programs/17.1/nios2eds/bin/gnu/h-x86_64-mingw32/bin/../lib/gcc/nios2-elf/5.3.0\libgcc.a(floatsidf.o)
                0x00000000200106ec                __floatsidf
 .text          0x00000000200107c8       0xa8 g:/programs/17.1/nios2eds/bin/gnu/h-x86_64-mingw32/bin/../lib/gcc/nios2-elf/5.3.0\libgcc.a(floatunsidf.o)
                0x00000000200107c8                __floatunsidf
 .text          0x0000000020010870        0x0 g:/programs/17.1/nios2eds/bin/gnu/h-x86_64-mingw32/bin/../lib/gcc/nios2-elf/5.3.0\libgcc.a(_clz.o)
 .text          0x0000000020010870       0x64 g:/programs/17.1/nios2eds/bin/gnu/h-x86_64-mingw32/bin/../lib/gcc/nios2-elf/5.3.0\libgcc.a(_clzsi2.o)
                0x0000000020010870                __clzsi2
 .text          0x00000000200108d4       0xbc ../Lab3_mousing_the_mouse_bsp/\libhal_bsp.a(alt_close.o)
                0x00000000200108d4                close
 .text          0x0000000020010990        0x8 ../Lab3_mousing_the_mouse_bsp/\libhal_bsp.a(alt_dev.o)
 .text          0x0000000020010998        0x0 ../Lab3_mousing_the_mouse_bsp/\libhal_bsp.a(alt_errno.o)
 .text          0x0000000020010998       0x78 ../Lab3_mousing_the_mouse_bsp/\libhal_bsp.a(alt_fstat.o)
                0x0000000020010998                fstat
 .text          0x0000000020010a10       0x84 ../Lab3_mousing_the_mouse_bsp/\libhal_bsp.a(alt_isatty.o)
                0x0000000020010a10                isatty
 .text          0x0000000020010a94       0xec ../Lab3_mousing_the_mouse_bsp/\libhal_bsp.a(alt_load.o)
                0x0000000020010afc                alt_load
 .text          0x0000000020010b80       0x7c ../Lab3_mousing_the_mouse_bsp/\libhal_bsp.a(alt_lseek.o)
                0x0000000020010b80                lseek
 .text          0x0000000020010bfc       0x60 ../Lab3_mousing_the_mouse_bsp/\libhal_bsp.a(alt_main.o)
                0x0000000020010bfc                alt_main
 .text          0x0000000020010c5c       0x48 ../Lab3_mousing_the_mouse_bsp/\libhal_bsp.a(alt_malloc_lock.o)
                0x0000000020010c5c                __malloc_lock
                0x0000000020010c80                __malloc_unlock
 .text          0x0000000020010ca4       0xc8 ../Lab3_mousing_the_mouse_bsp/\libhal_bsp.a(alt_read.o)
                0x0000000020010ca4                read
 .text          0x0000000020010d6c       0x24 ../Lab3_mousing_the_mouse_bsp/\libhal_bsp.a(alt_release_fd.o)
                0x0000000020010d6c                alt_release_fd
 .text          0x0000000020010d90       0x4c ../Lab3_mousing_the_mouse_bsp/\libhal_bsp.a(alt_sbrk.o)
                0x0000000020010d90                sbrk
 .text          0x0000000020010ddc       0xc4 ../Lab3_mousing_the_mouse_bsp/\libhal_bsp.a(alt_write.o)
                0x0000000020010ddc                write
 .text          0x0000000020010ea0       0xa0 ../Lab3_mousing_the_mouse_bsp/\libhal_bsp.a(alt_sys_init.o)
                0x0000000020010ea0                alt_irq_init
                0x0000000020010ec0                alt_sys_init
 .text          0x0000000020010f40       0x3c ../Lab3_mousing_the_mouse_bsp/\libhal_bsp.a(altera_avalon_jtag_uart_fd.o)
                0x0000000020010f40                altera_avalon_jtag_uart_read_fd
                0x0000000020010f50                altera_avalon_jtag_uart_write_fd
                0x0000000020010f60                altera_avalon_jtag_uart_close_fd
                0x0000000020010f70                altera_avalon_jtag_uart_ioctl_fd
 .text          0x0000000020010f7c      0x210 ../Lab3_mousing_the_mouse_bsp/\libhal_bsp.a(altera_avalon_jtag_uart_init.o)
                0x00000000200110d0                altera_avalon_jtag_uart_init
                0x0000000020011140                altera_avalon_jtag_uart_close
 .text          0x000000002001118c       0x74 ../Lab3_mousing_the_mouse_bsp/\libhal_bsp.a(altera_avalon_jtag_uart_ioctl.o)
                0x000000002001118c                altera_avalon_jtag_uart_ioctl
 .text          0x0000000020011200      0x154 ../Lab3_mousing_the_mouse_bsp/\libhal_bsp.a(altera_avalon_jtag_uart_read.o)
                0x0000000020011200                altera_avalon_jtag_uart_read
 .text          0x0000000020011354      0x1a0 ../Lab3_mousing_the_mouse_bsp/\libhal_bsp.a(altera_avalon_jtag_uart_write.o)
                0x0000000020011354                altera_avalon_jtag_uart_write
 .text          0x00000000200114f4       0x64 ../Lab3_mousing_the_mouse_bsp/\libhal_bsp.a(altera_avalon_timer_sc.o)
                0x0000000020011530                alt_avalon_timer_sc_init
 .text          0x0000000020011558      0x2f8 ../Lab3_mousing_the_mouse_bsp/\libhal_bsp.a(altera_up_avalon_ps2.o)
                0x0000000020011558                read_RI_bit
                0x0000000020011564                read_RE_bit
                0x000000002001156c                read_CE_bit
                0x0000000020011578                read_num_bytes_available
                0x0000000020011580                read_data_valid
                0x000000002001158c                read_data_byte
                0x0000000020011594                alt_up_ps2_init
                0x000000002001165c                alt_up_ps2_enable_read_interrupt
                0x0000000020011674                alt_up_ps2_disable_read_interrupt
                0x0000000020011690                alt_up_ps2_write_data_byte
                0x00000000200116b4                alt_up_ps2_wait_for_ack
                0x00000000200116f4                alt_up_ps2_write_data_byte_with_ack
                0x0000000020011750                alt_up_ps2_read_data_byte_timeout
                0x0000000020011788                alt_up_ps2_read_data_byte
                0x00000000200117ac                alt_up_ps2_clear_fifo
                0x00000000200117c0                alt_up_ps2_read_fd
                0x0000000020011804                alt_up_ps2_write_fd
                0x0000000020011848                alt_up_ps2_open_dev
 .text          0x0000000020011850       0x80 ../Lab3_mousing_the_mouse_bsp/\libhal_bsp.a(alt_alarm_start.o)
                0x0000000020011850                alt_alarm_start
 .text          0x00000000200118d0       0x18 ../Lab3_mousing_the_mouse_bsp/\libhal_bsp.a(alt_dcache_flush_all.o)
                0x00000000200118d0                alt_dcache_flush_all
 .text          0x00000000200118e8       0xe0 ../Lab3_mousing_the_mouse_bsp/\libhal_bsp.a(alt_dev_llist_insert.o)
                0x0000000020011924                alt_dev_llist_insert
 .text          0x00000000200119c8       0x60 ../Lab3_mousing_the_mouse_bsp/\libhal_bsp.a(alt_do_ctors.o)
                0x00000000200119c8                _do_ctors
 .text          0x0000000020011a28       0x60 ../Lab3_mousing_the_mouse_bsp/\libhal_bsp.a(alt_do_dtors.o)
                0x0000000020011a28                _do_dtors
 .text          0x0000000020011a88       0x78 ../Lab3_mousing_the_mouse_bsp/\libhal_bsp.a(alt_find_dev.o)
                0x0000000020011a88                alt_find_dev
 .text          0x0000000020011b00        0xc ../Lab3_mousing_the_mouse_bsp/\libhal_bsp.a(alt_icache_flush_all.o)
                0x0000000020011b00                alt_icache_flush_all
 .text          0x0000000020011b0c      0x104 ../Lab3_mousing_the_mouse_bsp/\libhal_bsp.a(alt_io_redirect.o)
                0x0000000020011b0c                alt_io_redirect
 .text          0x0000000020011c10       0xac ../Lab3_mousing_the_mouse_bsp/\libhal_bsp.a(alt_irq_register.o)
                0x0000000020011c10                alt_irq_register
 .text          0x0000000020011cbc        0x0 ../Lab3_mousing_the_mouse_bsp/\libhal_bsp.a(alt_irq_vars.o)
 .text          0x0000000020011cbc      0x178 ../Lab3_mousing_the_mouse_bsp/\libhal_bsp.a(alt_open.o)
                0x0000000020011cbc                open
 .text          0x0000000020011e34      0x128 ../Lab3_mousing_the_mouse_bsp/\libhal_bsp.a(alt_tick.o)
                0x0000000020011e34                alt_alarm_stop
                0x0000000020011e68                alt_tick
 .text          0x0000000020011f5c        0x8 ../Lab3_mousing_the_mouse_bsp/\libhal_bsp.a(altera_nios2_gen2_irq.o)
                0x0000000020011f5c                altera_nios2_gen2_irq_init
 .text          0x0000000020011f64       0xac ../Lab3_mousing_the_mouse_bsp/\libhal_bsp.a(alt_find_file.o)
                0x0000000020011f64                alt_find_file
 .text          0x0000000020012010       0x50 ../Lab3_mousing_the_mouse_bsp/\libhal_bsp.a(alt_get_fd.o)
                0x0000000020012010                alt_get_fd
 .text          0x0000000020012060       0x50 ../Lab3_mousing_the_mouse_bsp/\libhal_bsp.a(alt_icache_flush.o)
                0x0000000020012060                alt_icache_flush
 .text          0x00000000200120b0        0x0 ../Lab3_mousing_the_mouse_bsp/\libhal_bsp.a(alt_irq_entry.o)
 .text          0x00000000200120b0        0x0 ../Lab3_mousing_the_mouse_bsp/\libhal_bsp.a(alt_irq_handler.o)
 .text          0x00000000200120b0        0x0 ../Lab3_mousing_the_mouse_bsp/\libhal_bsp.a(alt_exception_entry.o)
 .text          0x00000000200120b0       0x74 ../Lab3_mousing_the_mouse_bsp/\libhal_bsp.a(alt_instruction_exception_entry.o)
                0x00000000200120b0                alt_exception_cause_generated_bad_addr
 .text          0x0000000020012124        0x0 g:/programs/17.1/nios2eds/bin/gnu/h-x86_64-mingw32/bin/../lib/gcc/nios2-elf/5.3.0/../../../../../H-x86_64-mingw32/nios2-elf/lib\libc.a(lib_a-atexit.o)
 .text.atexit   0x0000000020012124       0x14 g:/programs/17.1/nios2eds/bin/gnu/h-x86_64-mingw32/bin/../lib/gcc/nios2-elf/5.3.0/../../../../../H-x86_64-mingw32/nios2-elf/lib\libc.a(lib_a-atexit.o)
                0x0000000020012124                atexit
 .text          0x0000000020012138        0x0 g:/programs/17.1/nios2eds/bin/gnu/h-x86_64-mingw32/bin/../lib/gcc/nios2-elf/5.3.0/../../../../../H-x86_64-mingw32/nios2-elf/lib\libc.a(lib_a-exit.o)
 .text.exit     0x0000000020012138       0x38 g:/programs/17.1/nios2eds/bin/gnu/h-x86_64-mingw32/bin/../lib/gcc/nios2-elf/5.3.0/../../../../../H-x86_64-mingw32/nios2-elf/lib\libc.a(lib_a-exit.o)
                0x0000000020012138                exit
 .text          0x0000000020012170        0x0 g:/programs/17.1/nios2eds/bin/gnu/h-x86_64-mingw32/bin/../lib/gcc/nios2-elf/5.3.0/../../../../../H-x86_64-mingw32/nios2-elf/lib\libc.a(lib_a-memcmp.o)
 .text.memcmp   0x0000000020012170       0x7c g:/programs/17.1/nios2eds/bin/gnu/h-x86_64-mingw32/bin/../lib/gcc/nios2-elf/5.3.0/../../../../../H-x86_64-mingw32/nios2-elf/lib\libc.a(lib_a-memcmp.o)
                0x0000000020012170                memcmp
 .text          0x00000000200121ec        0x0 g:/programs/17.1/nios2eds/bin/gnu/h-x86_64-mingw32/bin/../lib/gcc/nios2-elf/5.3.0/../../../../../H-x86_64-mingw32/nios2-elf/lib\libc.a(lib_a-__atexit.o)
 .text.__register_exitproc
                0x00000000200121ec      0x118 g:/programs/17.1/nios2eds/bin/gnu/h-x86_64-mingw32/bin/../lib/gcc/nios2-elf/5.3.0/../../../../../H-x86_64-mingw32/nios2-elf/lib\libc.a(lib_a-__atexit.o)
                0x00000000200121ec                __register_exitproc
 .text          0x0000000020012304        0x0 g:/programs/17.1/nios2eds/bin/gnu/h-x86_64-mingw32/bin/../lib/gcc/nios2-elf/5.3.0/../../../../../H-x86_64-mingw32/nios2-elf/lib\libc.a(lib_a-__call_atexit.o)
 .text.__call_exitprocs
                0x0000000020012304      0x180 g:/programs/17.1/nios2eds/bin/gnu/h-x86_64-mingw32/bin/../lib/gcc/nios2-elf/5.3.0/../../../../../H-x86_64-mingw32/nios2-elf/lib\libc.a(lib_a-__call_atexit.o)
                0x0000000020012304                __call_exitprocs
 .text          0x0000000020012484       0x14 ../Lab3_mousing_the_mouse_bsp/\libhal_bsp.a(alt_exit.o)
                0x0000000020012484                _exit
 *(.gnu.warning.*)
 *(.fini)
                [!provide]                        PROVIDE (__etext, ABSOLUTE (.))
                [!provide]                        PROVIDE (_etext, ABSOLUTE (.))
                [!provide]                        PROVIDE (etext, ABSOLUTE (.))
 *(.eh_frame_hdr)
                0x0000000020012498                . = ALIGN (0x4)
                [!provide]                        PROVIDE (__preinit_array_start, ABSOLUTE (.))
 *(.preinit_array)
                [!provide]                        PROVIDE (__preinit_array_end, ABSOLUTE (.))
                [!provide]                        PROVIDE (__init_array_start, ABSOLUTE (.))
 *(.init_array)
                [!provide]                        PROVIDE (__init_array_end, ABSOLUTE (.))
                [!provide]                        PROVIDE (__fini_array_start, ABSOLUTE (.))
 *(.fini_array)
                [!provide]                        PROVIDE (__fini_array_end, ABSOLUTE (.))
 *(.eh_frame)
 *(.gcc_except_table .gcc_except_table.*)
 *(.dynamic)
                0x0000000020012498                PROVIDE (__CTOR_LIST__, ABSOLUTE (.))
 *(.ctors)
 *(SORT(.ctors.*))
                0x0000000020012498                PROVIDE (__CTOR_END__, ABSOLUTE (.))
                0x0000000020012498                PROVIDE (__DTOR_LIST__, ABSOLUTE (.))
 *(.dtors)
 *(SORT(.dtors.*))
                0x0000000020012498                PROVIDE (__DTOR_END__, ABSOLUTE (.))
 *(.jcr)
                0x0000000020012498                . = ALIGN (0x4)

.rodata         0x0000000040000000      0x358 load address 0x0000000020012498
                0x0000000040000000                PROVIDE (__ram_rodata_start, ABSOLUTE (.))
                0x0000000040000000                . = ALIGN (0x4)
 *(.rodata .rodata.* .gnu.linkonce.r.*)
 .rodata        0x0000000040000000        0xf obj/default/src/debug.o
 *fill*         0x000000004000000f        0x1 
 .rodata        0x0000000040000010        0xd obj/default/src/main.o
 *fill*         0x000000004000001d        0x3 
 .rodata.str1.4
                0x0000000040000020        0x2 g:/programs/17.1/nios2eds/bin/gnu/h-x86_64-mingw32/bin/../lib/gcc/nios2-elf/5.3.0/../../../../../H-x86_64-mingw32/nios2-elf/lib\libc.a(lib_a-puts.o)
 *fill*         0x0000000040000022        0x2 
 .rodata.str1.4
                0x0000000040000024       0x42 g:/programs/17.1/nios2eds/bin/gnu/h-x86_64-mingw32/bin/../lib/gcc/nios2-elf/5.3.0/../../../../../H-x86_64-mingw32/nios2-elf/lib\libc.a(lib_a-svfprintf.o)
 .rodata.zeroes.4389
                0x0000000040000066       0x10 g:/programs/17.1/nios2eds/bin/gnu/h-x86_64-mingw32/bin/../lib/gcc/nios2-elf/5.3.0/../../../../../H-x86_64-mingw32/nios2-elf/lib\libc.a(lib_a-svfprintf.o)
 .rodata.blanks.4388
                0x0000000040000076       0x10 g:/programs/17.1/nios2eds/bin/gnu/h-x86_64-mingw32/bin/../lib/gcc/nios2-elf/5.3.0/../../../../../H-x86_64-mingw32/nios2-elf/lib\libc.a(lib_a-svfprintf.o)
 .rodata.str1.4
                0x0000000040000086       0x42 g:/programs/17.1/nios2eds/bin/gnu/h-x86_64-mingw32/bin/../lib/gcc/nios2-elf/5.3.0/../../../../../H-x86_64-mingw32/nios2-elf/lib\libc.a(lib_a-vfprintf.o)
 .rodata.zeroes.4404
                0x0000000040000086       0x10 g:/programs/17.1/nios2eds/bin/gnu/h-x86_64-mingw32/bin/../lib/gcc/nios2-elf/5.3.0/../../../../../H-x86_64-mingw32/nios2-elf/lib\libc.a(lib_a-vfprintf.o)
 .rodata.blanks.4403
                0x0000000040000096       0x10 g:/programs/17.1/nios2eds/bin/gnu/h-x86_64-mingw32/bin/../lib/gcc/nios2-elf/5.3.0/../../../../../H-x86_64-mingw32/nios2-elf/lib\libc.a(lib_a-vfprintf.o)
 *fill*         0x00000000400000a6        0x2 
 .rodata.str1.4
                0x00000000400000a8       0x10 g:/programs/17.1/nios2eds/bin/gnu/h-x86_64-mingw32/bin/../lib/gcc/nios2-elf/5.3.0/../../../../../H-x86_64-mingw32/nios2-elf/lib\libc.a(lib_a-dtoa.o)
                                         0x12 (size before relaxing)
 .rodata.str1.4
                0x00000000400000b8        0x2 g:/programs/17.1/nios2eds/bin/gnu/h-x86_64-mingw32/bin/../lib/gcc/nios2-elf/5.3.0/../../../../../H-x86_64-mingw32/nios2-elf/lib\libc.a(lib_a-impure.o)
 *fill*         0x00000000400000ba        0x2 
 .rodata.str1.4
                0x00000000400000bc        0xa g:/programs/17.1/nios2eds/bin/gnu/h-x86_64-mingw32/bin/../lib/gcc/nios2-elf/5.3.0/../../../../../H-x86_64-mingw32/nios2-elf/lib\libc.a(lib_a-locale.o)
                                         0x12 (size before relaxing)
 *fill*         0x00000000400000c6        0x2 
 .rodata.p05.2768
                0x00000000400000c8        0xc g:/programs/17.1/nios2eds/bin/gnu/h-x86_64-mingw32/bin/../lib/gcc/nios2-elf/5.3.0/../../../../../H-x86_64-mingw32/nios2-elf/lib\libc.a(lib_a-mprec.o)
 .rodata.__mprec_tinytens
                0x00000000400000d4       0x28 g:/programs/17.1/nios2eds/bin/gnu/h-x86_64-mingw32/bin/../lib/gcc/nios2-elf/5.3.0/../../../../../H-x86_64-mingw32/nios2-elf/lib\libc.a(lib_a-mprec.o)
                0x00000000400000d4                __mprec_tinytens
 .rodata.__mprec_bigtens
                0x00000000400000fc       0x28 g:/programs/17.1/nios2eds/bin/gnu/h-x86_64-mingw32/bin/../lib/gcc/nios2-elf/5.3.0/../../../../../H-x86_64-mingw32/nios2-elf/lib\libc.a(lib_a-mprec.o)
                0x00000000400000fc                __mprec_bigtens
 .rodata.__mprec_tens
                0x0000000040000124       0xc8 g:/programs/17.1/nios2eds/bin/gnu/h-x86_64-mingw32/bin/../lib/gcc/nios2-elf/5.3.0/../../../../../H-x86_64-mingw32/nios2-elf/lib\libc.a(lib_a-mprec.o)
                0x0000000040000124                __mprec_tens
 .rodata.str1.4
                0x00000000400001ec       0x2f g:/programs/17.1/nios2eds/bin/gnu/h-x86_64-mingw32/bin/../lib/gcc/nios2-elf/5.3.0/../../../../../H-x86_64-mingw32/nios2-elf/lib\libc.a(lib_a-svfiprintf.o)
 .rodata.zeroes.4333
                0x00000000400001ec       0x10 g:/programs/17.1/nios2eds/bin/gnu/h-x86_64-mingw32/bin/../lib/gcc/nios2-elf/5.3.0/../../../../../H-x86_64-mingw32/nios2-elf/lib\libc.a(lib_a-svfiprintf.o)
 .rodata.blanks.4332
                0x00000000400001fc       0x10 g:/programs/17.1/nios2eds/bin/gnu/h-x86_64-mingw32/bin/../lib/gcc/nios2-elf/5.3.0/../../../../../H-x86_64-mingw32/nios2-elf/lib\libc.a(lib_a-svfiprintf.o)
 .rodata.str1.4
                0x000000004000020c       0x2f g:/programs/17.1/nios2eds/bin/gnu/h-x86_64-mingw32/bin/../lib/gcc/nios2-elf/5.3.0/../../../../../H-x86_64-mingw32/nios2-elf/lib\libc.a(lib_a-vfiprintf.o)
 .rodata.zeroes.4349
                0x000000004000020c       0x10 g:/programs/17.1/nios2eds/bin/gnu/h-x86_64-mingw32/bin/../lib/gcc/nios2-elf/5.3.0/../../../../../H-x86_64-mingw32/nios2-elf/lib\libc.a(lib_a-vfiprintf.o)
 .rodata.blanks.4348
                0x000000004000021c       0x10 g:/programs/17.1/nios2eds/bin/gnu/h-x86_64-mingw32/bin/../lib/gcc/nios2-elf/5.3.0/../../../../../H-x86_64-mingw32/nios2-elf/lib\libc.a(lib_a-vfiprintf.o)
 .rodata        0x000000004000022c      0x100 g:/programs/17.1/nios2eds/bin/gnu/h-x86_64-mingw32/bin/../lib/gcc/nios2-elf/5.3.0\libgcc.a(_clz.o)
                0x000000004000022c                __clz_tab
 .rodata.str1.4
                0x000000004000032c        0xa ../Lab3_mousing_the_mouse_bsp/\libhal_bsp.a(alt_dev.o)
 *fill*         0x0000000040000336        0x2 
 .rodata.str1.4
                0x0000000040000338       0x11 ../Lab3_mousing_the_mouse_bsp/\libhal_bsp.a(alt_main.o)
 *fill*         0x0000000040000349        0x3 
 .rodata.str1.4
                0x000000004000034c        0xc ../Lab3_mousing_the_mouse_bsp/\libhal_bsp.a(alt_sys_init.o)
                                         0x1d (size before relaxing)
 *(.rodata1)
                0x0000000040000358                . = ALIGN (0x4)
                0x0000000040000358                PROVIDE (__ram_rodata_end, ABSOLUTE (.))
                0x0000000020012498                PROVIDE (__flash_rodata_start, LOADADDR (.rodata))

.rwdata         0x0000000040000358     0x1b34 load address 0x00000000200127f0
                0x0000000040000358                PROVIDE (__ram_rwdata_start, ABSOLUTE (.))
                0x0000000040000358                . = ALIGN (0x4)
 *(.got.plt)
 *(.got)
 *(.data1)
 *(.data .data.* .gnu.linkonce.d.*)
 .data          0x0000000040000358        0x0 ../Lab3_mousing_the_mouse_bsp//obj/HAL/src/crt0.o
 .data          0x0000000040000358        0x0 obj/default/src/LED.o
 .data          0x0000000040000358       0x10 obj/default/src/SEG7.o
 .data          0x0000000040000368        0x0 obj/default/src/debug.o
 .data          0x0000000040000368        0x0 obj/default/src/main.o
 .data          0x0000000040000368        0x0 obj/default/src/mouse.o
 .data          0x0000000040000368        0x0 g:/programs/17.1/nios2eds/bin/gnu/h-x86_64-mingw32/bin/../lib/gcc/nios2-elf/5.3.0\libgcc.a(lib2-divmod.o)
 .data          0x0000000040000368        0x0 g:/programs/17.1/nios2eds/bin/gnu/h-x86_64-mingw32/bin/../lib/gcc/nios2-elf/5.3.0/../../../../../H-x86_64-mingw32/nios2-elf/lib\libc.a(lib_a-printf.o)
 .data          0x0000000040000368        0x0 g:/programs/17.1/nios2eds/bin/gnu/h-x86_64-mingw32/bin/../lib/gcc/nios2-elf/5.3.0/../../../../../H-x86_64-mingw32/nios2-elf/lib\libc.a(lib_a-puts.o)
 .data          0x0000000040000368        0x0 g:/programs/17.1/nios2eds/bin/gnu/h-x86_64-mingw32/bin/../lib/gcc/nios2-elf/5.3.0/../../../../../H-x86_64-mingw32/nios2-elf/lib\libc.a(lib_a-sprintf.o)
 .data          0x0000000040000368        0x0 g:/programs/17.1/nios2eds/bin/gnu/h-x86_64-mingw32/bin/../lib/gcc/nios2-elf/5.3.0/../../../../../H-x86_64-mingw32/nios2-elf/lib\libc.a(lib_a-strlen.o)
 .data          0x0000000040000368        0x0 g:/programs/17.1/nios2eds/bin/gnu/h-x86_64-mingw32/bin/../lib/gcc/nios2-elf/5.3.0/../../../../../H-x86_64-mingw32/nios2-elf/lib\libc.a(lib_a-svfprintf.o)
 .data          0x0000000040000368        0x0 g:/programs/17.1/nios2eds/bin/gnu/h-x86_64-mingw32/bin/../lib/gcc/nios2-elf/5.3.0/../../../../../H-x86_64-mingw32/nios2-elf/lib\libc.a(lib_a-vfprintf.o)
 .data          0x0000000040000368        0x0 g:/programs/17.1/nios2eds/bin/gnu/h-x86_64-mingw32/bin/../lib/gcc/nios2-elf/5.3.0/../../../../../H-x86_64-mingw32/nios2-elf/lib\libc.a(lib_a-vsnprintf.o)
 .data          0x0000000040000368        0x0 g:/programs/17.1/nios2eds/bin/gnu/h-x86_64-mingw32/bin/../lib/gcc/nios2-elf/5.3.0/../../../../../H-x86_64-mingw32/nios2-elf/lib\libc.a(lib_a-wsetup.o)
 .data          0x0000000040000368        0x0 g:/programs/17.1/nios2eds/bin/gnu/h-x86_64-mingw32/bin/../lib/gcc/nios2-elf/5.3.0/../../../../../H-x86_64-mingw32/nios2-elf/lib\libc.a(lib_a-dtoa.o)
 .data          0x0000000040000368        0x0 g:/programs/17.1/nios2eds/bin/gnu/h-x86_64-mingw32/bin/../lib/gcc/nios2-elf/5.3.0/../../../../../H-x86_64-mingw32/nios2-elf/lib\libc.a(lib_a-fflush.o)
 .data          0x0000000040000368        0x0 g:/programs/17.1/nios2eds/bin/gnu/h-x86_64-mingw32/bin/../lib/gcc/nios2-elf/5.3.0/../../../../../H-x86_64-mingw32/nios2-elf/lib\libc.a(lib_a-findfp.o)
 .data          0x0000000040000368        0x0 g:/programs/17.1/nios2eds/bin/gnu/h-x86_64-mingw32/bin/../lib/gcc/nios2-elf/5.3.0/../../../../../H-x86_64-mingw32/nios2-elf/lib\libc.a(lib_a-freer.o)
 .data          0x0000000040000368        0x0 g:/programs/17.1/nios2eds/bin/gnu/h-x86_64-mingw32/bin/../lib/gcc/nios2-elf/5.3.0/../../../../../H-x86_64-mingw32/nios2-elf/lib\libc.a(lib_a-fvwrite.o)
 .data          0x0000000040000368        0x0 g:/programs/17.1/nios2eds/bin/gnu/h-x86_64-mingw32/bin/../lib/gcc/nios2-elf/5.3.0/../../../../../H-x86_64-mingw32/nios2-elf/lib\libc.a(lib_a-fwalk.o)
 .data          0x0000000040000368        0x0 g:/programs/17.1/nios2eds/bin/gnu/h-x86_64-mingw32/bin/../lib/gcc/nios2-elf/5.3.0/../../../../../H-x86_64-mingw32/nios2-elf/lib\libc.a(lib_a-impure.o)
 .data.impure_data
                0x0000000040000368      0x424 g:/programs/17.1/nios2eds/bin/gnu/h-x86_64-mingw32/bin/../lib/gcc/nios2-elf/5.3.0/../../../../../H-x86_64-mingw32/nios2-elf/lib\libc.a(lib_a-impure.o)
 .data          0x000000004000078c        0x0 g:/programs/17.1/nios2eds/bin/gnu/h-x86_64-mingw32/bin/../lib/gcc/nios2-elf/5.3.0/../../../../../H-x86_64-mingw32/nios2-elf/lib\libc.a(lib_a-locale.o)
 .data.lc_message_charset
                0x000000004000078c       0x20 g:/programs/17.1/nios2eds/bin/gnu/h-x86_64-mingw32/bin/../lib/gcc/nios2-elf/5.3.0/../../../../../H-x86_64-mingw32/nios2-elf/lib\libc.a(lib_a-locale.o)
 .data.lc_ctype_charset
                0x00000000400007ac       0x20 g:/programs/17.1/nios2eds/bin/gnu/h-x86_64-mingw32/bin/../lib/gcc/nios2-elf/5.3.0/../../../../../H-x86_64-mingw32/nios2-elf/lib\libc.a(lib_a-locale.o)
 .data.lconv    0x00000000400007cc       0x38 g:/programs/17.1/nios2eds/bin/gnu/h-x86_64-mingw32/bin/../lib/gcc/nios2-elf/5.3.0/../../../../../H-x86_64-mingw32/nios2-elf/lib\libc.a(lib_a-locale.o)
 .data          0x0000000040000804        0x0 g:/programs/17.1/nios2eds/bin/gnu/h-x86_64-mingw32/bin/../lib/gcc/nios2-elf/5.3.0/../../../../../H-x86_64-mingw32/nios2-elf/lib\libc.a(lib_a-makebuf.o)
 .data          0x0000000040000804        0x0 g:/programs/17.1/nios2eds/bin/gnu/h-x86_64-mingw32/bin/../lib/gcc/nios2-elf/5.3.0/../../../../../H-x86_64-mingw32/nios2-elf/lib\libc.a(lib_a-mallocr.o)
 .data.__malloc_av_
                0x0000000040000804      0x408 g:/programs/17.1/nios2eds/bin/gnu/h-x86_64-mingw32/bin/../lib/gcc/nios2-elf/5.3.0/../../../../../H-x86_64-mingw32/nios2-elf/lib\libc.a(lib_a-mallocr.o)
                0x0000000040000804                __malloc_av_
 .data          0x0000000040000c0c        0x0 g:/programs/17.1/nios2eds/bin/gnu/h-x86_64-mingw32/bin/../lib/gcc/nios2-elf/5.3.0/../../../../../H-x86_64-mingw32/nios2-elf/lib\libc.a(lib_a-memchr.o)
 .data          0x0000000040000c0c        0x0 g:/programs/17.1/nios2eds/bin/gnu/h-x86_64-mingw32/bin/../lib/gcc/nios2-elf/5.3.0/../../../../../H-x86_64-mingw32/nios2-elf/lib\libc.a(lib_a-memcpy.o)
 .data          0x0000000040000c0c        0x0 g:/programs/17.1/nios2eds/bin/gnu/h-x86_64-mingw32/bin/../lib/gcc/nios2-elf/5.3.0/../../../../../H-x86_64-mingw32/nios2-elf/lib\libc.a(lib_a-memmove.o)
 .data          0x0000000040000c0c        0x0 g:/programs/17.1/nios2eds/bin/gnu/h-x86_64-mingw32/bin/../lib/gcc/nios2-elf/5.3.0/../../../../../H-x86_64-mingw32/nios2-elf/lib\libc.a(lib_a-memset.o)
 .data          0x0000000040000c0c        0x0 g:/programs/17.1/nios2eds/bin/gnu/h-x86_64-mingw32/bin/../lib/gcc/nios2-elf/5.3.0/../../../../../H-x86_64-mingw32/nios2-elf/lib\libc.a(lib_a-mprec.o)
 .data          0x0000000040000c0c        0x0 g:/programs/17.1/nios2eds/bin/gnu/h-x86_64-mingw32/bin/../lib/gcc/nios2-elf/5.3.0/../../../../../H-x86_64-mingw32/nios2-elf/lib\libc.a(lib_a-reallocr.o)
 .data          0x0000000040000c0c        0x0 g:/programs/17.1/nios2eds/bin/gnu/h-x86_64-mingw32/bin/../lib/gcc/nios2-elf/5.3.0/../../../../../H-x86_64-mingw32/nios2-elf/lib\libc.a(lib_a-s_fpclassify.o)
 .data          0x0000000040000c0c        0x0 g:/programs/17.1/nios2eds/bin/gnu/h-x86_64-mingw32/bin/../lib/gcc/nios2-elf/5.3.0/../../../../../H-x86_64-mingw32/nios2-elf/lib\libc.a(lib_a-sbrkr.o)
 .data          0x0000000040000c0c        0x0 g:/programs/17.1/nios2eds/bin/gnu/h-x86_64-mingw32/bin/../lib/gcc/nios2-elf/5.3.0/../../../../../H-x86_64-mingw32/nios2-elf/lib\libc.a(lib_a-stdio.o)
 .data          0x0000000040000c0c        0x0 g:/programs/17.1/nios2eds/bin/gnu/h-x86_64-mingw32/bin/../lib/gcc/nios2-elf/5.3.0/../../../../../H-x86_64-mingw32/nios2-elf/lib\libc.a(lib_a-strcmp.o)
 .data          0x0000000040000c0c        0x0 g:/programs/17.1/nios2eds/bin/gnu/h-x86_64-mingw32/bin/../lib/gcc/nios2-elf/5.3.0/../../../../../H-x86_64-mingw32/nios2-elf/lib\libc.a(lib_a-svfiprintf.o)
 .data          0x0000000040000c0c        0x0 g:/programs/17.1/nios2eds/bin/gnu/h-x86_64-mingw32/bin/../lib/gcc/nios2-elf/5.3.0/../../../../../H-x86_64-mingw32/nios2-elf/lib\libc.a(lib_a-vfiprintf.o)
 .data          0x0000000040000c0c        0x0 g:/programs/17.1/nios2eds/bin/gnu/h-x86_64-mingw32/bin/../lib/gcc/nios2-elf/5.3.0/../../../../../H-x86_64-mingw32/nios2-elf/lib\libc.a(lib_a-writer.o)
 .data          0x0000000040000c0c        0x0 g:/programs/17.1/nios2eds/bin/gnu/h-x86_64-mingw32/bin/../lib/gcc/nios2-elf/5.3.0/../../../../../H-x86_64-mingw32/nios2-elf/lib\libc.a(closer.o)
 .data          0x0000000040000c0c        0x0 g:/programs/17.1/nios2eds/bin/gnu/h-x86_64-mingw32/bin/../lib/gcc/nios2-elf/5.3.0/../../../../../H-x86_64-mingw32/nios2-elf/lib\libc.a(lib_a-callocr.o)
 .data          0x0000000040000c0c        0x0 g:/programs/17.1/nios2eds/bin/gnu/h-x86_64-mingw32/bin/../lib/gcc/nios2-elf/5.3.0/../../../../../H-x86_64-mingw32/nios2-elf/lib\libc.a(lib_a-fclose.o)
 .data          0x0000000040000c0c        0x0 g:/programs/17.1/nios2eds/bin/gnu/h-x86_64-mingw32/bin/../lib/gcc/nios2-elf/5.3.0/../../../../../H-x86_64-mingw32/nios2-elf/lib\libc.a(lib_a-fputwc.o)
 .data          0x0000000040000c0c        0x0 g:/programs/17.1/nios2eds/bin/gnu/h-x86_64-mingw32/bin/../lib/gcc/nios2-elf/5.3.0/../../../../../H-x86_64-mingw32/nios2-elf/lib\libc.a(lib_a-fstatr.o)
 .data          0x0000000040000c0c        0x0 g:/programs/17.1/nios2eds/bin/gnu/h-x86_64-mingw32/bin/../lib/gcc/nios2-elf/5.3.0/../../../../../H-x86_64-mingw32/nios2-elf/lib\libc.a(lib_a-int_errno.o)
 .data          0x0000000040000c0c        0x0 g:/programs/17.1/nios2eds/bin/gnu/h-x86_64-mingw32/bin/../lib/gcc/nios2-elf/5.3.0/../../../../../H-x86_64-mingw32/nios2-elf/lib\libc.a(lib_a-isattyr.o)
 .data          0x0000000040000c0c        0x0 g:/programs/17.1/nios2eds/bin/gnu/h-x86_64-mingw32/bin/../lib/gcc/nios2-elf/5.3.0/../../../../../H-x86_64-mingw32/nios2-elf/lib\libc.a(lib_a-lseekr.o)
 .data          0x0000000040000c0c        0x0 g:/programs/17.1/nios2eds/bin/gnu/h-x86_64-mingw32/bin/../lib/gcc/nios2-elf/5.3.0/../../../../../H-x86_64-mingw32/nios2-elf/lib\libc.a(lib_a-readr.o)
 .data          0x0000000040000c0c        0x0 g:/programs/17.1/nios2eds/bin/gnu/h-x86_64-mingw32/bin/../lib/gcc/nios2-elf/5.3.0/../../../../../H-x86_64-mingw32/nios2-elf/lib\libc.a(lib_a-wbuf.o)
 .data          0x0000000040000c0c        0x0 g:/programs/17.1/nios2eds/bin/gnu/h-x86_64-mingw32/bin/../lib/gcc/nios2-elf/5.3.0/../../../../../H-x86_64-mingw32/nios2-elf/lib\libc.a(lib_a-wcrtomb.o)
 .data          0x0000000040000c0c        0x0 g:/programs/17.1/nios2eds/bin/gnu/h-x86_64-mingw32/bin/../lib/gcc/nios2-elf/5.3.0/../../../../../H-x86_64-mingw32/nios2-elf/lib\libc.a(lib_a-wctomb_r.o)
 .data          0x0000000040000c0c        0x0 g:/programs/17.1/nios2eds/bin/gnu/h-x86_64-mingw32/bin/../lib/gcc/nios2-elf/5.3.0\libgcc.a(_udivdi3.o)
 .data          0x0000000040000c0c        0x0 g:/programs/17.1/nios2eds/bin/gnu/h-x86_64-mingw32/bin/../lib/gcc/nios2-elf/5.3.0\libgcc.a(_umoddi3.o)
 .data          0x0000000040000c0c        0x0 g:/programs/17.1/nios2eds/bin/gnu/h-x86_64-mingw32/bin/../lib/gcc/nios2-elf/5.3.0\libgcc.a(adddf3.o)
 .data          0x0000000040000c0c        0x0 g:/programs/17.1/nios2eds/bin/gnu/h-x86_64-mingw32/bin/../lib/gcc/nios2-elf/5.3.0\libgcc.a(divdf3.o)
 .data          0x0000000040000c0c        0x0 g:/programs/17.1/nios2eds/bin/gnu/h-x86_64-mingw32/bin/../lib/gcc/nios2-elf/5.3.0\libgcc.a(eqdf2.o)
 .data          0x0000000040000c0c        0x0 g:/programs/17.1/nios2eds/bin/gnu/h-x86_64-mingw32/bin/../lib/gcc/nios2-elf/5.3.0\libgcc.a(gedf2.o)
 .data          0x0000000040000c0c        0x0 g:/programs/17.1/nios2eds/bin/gnu/h-x86_64-mingw32/bin/../lib/gcc/nios2-elf/5.3.0\libgcc.a(ledf2.o)
 .data          0x0000000040000c0c        0x0 g:/programs/17.1/nios2eds/bin/gnu/h-x86_64-mingw32/bin/../lib/gcc/nios2-elf/5.3.0\libgcc.a(muldf3.o)
 .data          0x0000000040000c0c        0x0 g:/programs/17.1/nios2eds/bin/gnu/h-x86_64-mingw32/bin/../lib/gcc/nios2-elf/5.3.0\libgcc.a(subdf3.o)
 .data          0x0000000040000c0c        0x0 g:/programs/17.1/nios2eds/bin/gnu/h-x86_64-mingw32/bin/../lib/gcc/nios2-elf/5.3.0\libgcc.a(fixdfsi.o)
 .data          0x0000000040000c0c        0x0 g:/programs/17.1/nios2eds/bin/gnu/h-x86_64-mingw32/bin/../lib/gcc/nios2-elf/5.3.0\libgcc.a(floatsidf.o)
 .data          0x0000000040000c0c        0x0 g:/programs/17.1/nios2eds/bin/gnu/h-x86_64-mingw32/bin/../lib/gcc/nios2-elf/5.3.0\libgcc.a(floatunsidf.o)
 .data          0x0000000040000c0c        0x0 g:/programs/17.1/nios2eds/bin/gnu/h-x86_64-mingw32/bin/../lib/gcc/nios2-elf/5.3.0\libgcc.a(_clz.o)
 .data          0x0000000040000c0c        0x0 g:/programs/17.1/nios2eds/bin/gnu/h-x86_64-mingw32/bin/../lib/gcc/nios2-elf/5.3.0\libgcc.a(_clzsi2.o)
 .data          0x0000000040000c0c        0x0 ../Lab3_mousing_the_mouse_bsp/\libhal_bsp.a(alt_close.o)
 .data          0x0000000040000c0c      0x1a8 ../Lab3_mousing_the_mouse_bsp/\libhal_bsp.a(alt_dev.o)
                0x0000000040000c0c                alt_fd_list
                0x0000000040000d8c                alt_dev_null
 .data          0x0000000040000db4        0x0 ../Lab3_mousing_the_mouse_bsp/\libhal_bsp.a(alt_errno.o)
 .data          0x0000000040000db4        0x0 ../Lab3_mousing_the_mouse_bsp/\libhal_bsp.a(alt_fstat.o)
 .data          0x0000000040000db4        0x0 ../Lab3_mousing_the_mouse_bsp/\libhal_bsp.a(alt_isatty.o)
 .data          0x0000000040000db4        0x0 ../Lab3_mousing_the_mouse_bsp/\libhal_bsp.a(alt_load.o)
 .data          0x0000000040000db4        0x0 ../Lab3_mousing_the_mouse_bsp/\libhal_bsp.a(alt_lseek.o)
 .data          0x0000000040000db4        0x0 ../Lab3_mousing_the_mouse_bsp/\libhal_bsp.a(alt_main.o)
 .data          0x0000000040000db4        0x0 ../Lab3_mousing_the_mouse_bsp/\libhal_bsp.a(alt_malloc_lock.o)
 .data          0x0000000040000db4        0x0 ../Lab3_mousing_the_mouse_bsp/\libhal_bsp.a(alt_read.o)
 .data          0x0000000040000db4        0x0 ../Lab3_mousing_the_mouse_bsp/\libhal_bsp.a(alt_release_fd.o)
 .data          0x0000000040000db4        0x0 ../Lab3_mousing_the_mouse_bsp/\libhal_bsp.a(alt_sbrk.o)
 .data          0x0000000040000db4        0x0 ../Lab3_mousing_the_mouse_bsp/\libhal_bsp.a(alt_write.o)
 .data          0x0000000040000db4     0x1098 ../Lab3_mousing_the_mouse_bsp/\libhal_bsp.a(alt_sys_init.o)
 .data          0x0000000040001e4c        0x0 ../Lab3_mousing_the_mouse_bsp/\libhal_bsp.a(altera_avalon_jtag_uart_fd.o)
 .data          0x0000000040001e4c        0x0 ../Lab3_mousing_the_mouse_bsp/\libhal_bsp.a(altera_avalon_jtag_uart_init.o)
 .data          0x0000000040001e4c        0x0 ../Lab3_mousing_the_mouse_bsp/\libhal_bsp.a(altera_avalon_jtag_uart_ioctl.o)
 .data          0x0000000040001e4c        0x0 ../Lab3_mousing_the_mouse_bsp/\libhal_bsp.a(altera_avalon_jtag_uart_read.o)
 .data          0x0000000040001e4c        0x0 ../Lab3_mousing_the_mouse_bsp/\libhal_bsp.a(altera_avalon_jtag_uart_write.o)
 .data          0x0000000040001e4c        0x0 ../Lab3_mousing_the_mouse_bsp/\libhal_bsp.a(altera_avalon_timer_sc.o)
 .data          0x0000000040001e4c        0x0 ../Lab3_mousing_the_mouse_bsp/\libhal_bsp.a(altera_up_avalon_ps2.o)
 .data          0x0000000040001e4c        0x0 ../Lab3_mousing_the_mouse_bsp/\libhal_bsp.a(alt_alarm_start.o)
 .data          0x0000000040001e4c        0x0 ../Lab3_mousing_the_mouse_bsp/\libhal_bsp.a(alt_dcache_flush_all.o)
 .data          0x0000000040001e4c        0x0 ../Lab3_mousing_the_mouse_bsp/\libhal_bsp.a(alt_dev_llist_insert.o)
 .data          0x0000000040001e4c        0x0 ../Lab3_mousing_the_mouse_bsp/\libhal_bsp.a(alt_do_ctors.o)
 .data          0x0000000040001e4c        0x0 ../Lab3_mousing_the_mouse_bsp/\libhal_bsp.a(alt_do_dtors.o)
 .data          0x0000000040001e4c        0x0 ../Lab3_mousing_the_mouse_bsp/\libhal_bsp.a(alt_find_dev.o)
 .data          0x0000000040001e4c        0x0 ../Lab3_mousing_the_mouse_bsp/\libhal_bsp.a(alt_icache_flush_all.o)
 .data          0x0000000040001e4c        0x0 ../Lab3_mousing_the_mouse_bsp/\libhal_bsp.a(alt_io_redirect.o)
 .data          0x0000000040001e4c        0x0 ../Lab3_mousing_the_mouse_bsp/\libhal_bsp.a(alt_irq_register.o)
 .data          0x0000000040001e4c        0x0 ../Lab3_mousing_the_mouse_bsp/\libhal_bsp.a(alt_irq_vars.o)
 .data          0x0000000040001e4c        0x0 ../Lab3_mousing_the_mouse_bsp/\libhal_bsp.a(alt_open.o)
 .data          0x0000000040001e4c        0x0 ../Lab3_mousing_the_mouse_bsp/\libhal_bsp.a(alt_tick.o)
 .data          0x0000000040001e4c        0x0 ../Lab3_mousing_the_mouse_bsp/\libhal_bsp.a(altera_nios2_gen2_irq.o)
 .data          0x0000000040001e4c        0x0 ../Lab3_mousing_the_mouse_bsp/\libhal_bsp.a(alt_find_file.o)
 .data          0x0000000040001e4c        0x0 ../Lab3_mousing_the_mouse_bsp/\libhal_bsp.a(alt_get_fd.o)
 .data          0x0000000040001e4c        0x0 ../Lab3_mousing_the_mouse_bsp/\libhal_bsp.a(alt_icache_flush.o)
 .data          0x0000000040001e4c        0x0 ../Lab3_mousing_the_mouse_bsp/\libhal_bsp.a(alt_irq_entry.o)
 .data          0x0000000040001e4c        0x0 ../Lab3_mousing_the_mouse_bsp/\libhal_bsp.a(alt_irq_handler.o)
 .data          0x0000000040001e4c        0x0 ../Lab3_mousing_the_mouse_bsp/\libhal_bsp.a(alt_exception_entry.o)
 .data          0x0000000040001e4c        0x0 ../Lab3_mousing_the_mouse_bsp/\libhal_bsp.a(alt_instruction_exception_entry.o)
 .data          0x0000000040001e4c        0x0 g:/programs/17.1/nios2eds/bin/gnu/h-x86_64-mingw32/bin/../lib/gcc/nios2-elf/5.3.0/../../../../../H-x86_64-mingw32/nios2-elf/lib\libc.a(lib_a-atexit.o)
 .data          0x0000000040001e4c        0x0 g:/programs/17.1/nios2eds/bin/gnu/h-x86_64-mingw32/bin/../lib/gcc/nios2-elf/5.3.0/../../../../../H-x86_64-mingw32/nios2-elf/lib\libc.a(lib_a-exit.o)
 .data          0x0000000040001e4c        0x0 g:/programs/17.1/nios2eds/bin/gnu/h-x86_64-mingw32/bin/../lib/gcc/nios2-elf/5.3.0/../../../../../H-x86_64-mingw32/nios2-elf/lib\libc.a(lib_a-memcmp.o)
 .data          0x0000000040001e4c        0x0 g:/programs/17.1/nios2eds/bin/gnu/h-x86_64-mingw32/bin/../lib/gcc/nios2-elf/5.3.0/../../../../../H-x86_64-mingw32/nios2-elf/lib\libc.a(lib_a-__atexit.o)
 .data          0x0000000040001e4c        0x0 g:/programs/17.1/nios2eds/bin/gnu/h-x86_64-mingw32/bin/../lib/gcc/nios2-elf/5.3.0/../../../../../H-x86_64-mingw32/nios2-elf/lib\libc.a(lib_a-__call_atexit.o)
 .data          0x0000000040001e4c        0x0 ../Lab3_mousing_the_mouse_bsp/\libhal_bsp.a(alt_exit.o)
                0x0000000040009e4c                _gp = ABSOLUTE ((. + 0x8000))
                [!provide]                        PROVIDE (gp, _gp)
 *(.rwdata .rwdata.*)
 *(.sdata .sdata.* .gnu.linkonce.s.*)
 .sdata._global_impure_ptr
                0x0000000040001e4c        0x4 g:/programs/17.1/nios2eds/bin/gnu/h-x86_64-mingw32/bin/../lib/gcc/nios2-elf/5.3.0/../../../../../H-x86_64-mingw32/nios2-elf/lib\libc.a(lib_a-impure.o)
                0x0000000040001e4c                _global_impure_ptr
 .sdata._impure_ptr
                0x0000000040001e50        0x4 g:/programs/17.1/nios2eds/bin/gnu/h-x86_64-mingw32/bin/../lib/gcc/nios2-elf/5.3.0/../../../../../H-x86_64-mingw32/nios2-elf/lib\libc.a(lib_a-impure.o)
                0x0000000040001e50                _impure_ptr
 .sdata.__mb_cur_max
                0x0000000040001e54        0x4 g:/programs/17.1/nios2eds/bin/gnu/h-x86_64-mingw32/bin/../lib/gcc/nios2-elf/5.3.0/../../../../../H-x86_64-mingw32/nios2-elf/lib\libc.a(lib_a-locale.o)
                0x0000000040001e54                __mb_cur_max
 .sdata.__malloc_sbrk_base
                0x0000000040001e58        0x4 g:/programs/17.1/nios2eds/bin/gnu/h-x86_64-mingw32/bin/../lib/gcc/nios2-elf/5.3.0/../../../../../H-x86_64-mingw32/nios2-elf/lib\libc.a(lib_a-mallocr.o)
                0x0000000040001e58                __malloc_sbrk_base
 .sdata.__malloc_trim_threshold
                0x0000000040001e5c        0x4 g:/programs/17.1/nios2eds/bin/gnu/h-x86_64-mingw32/bin/../lib/gcc/nios2-elf/5.3.0/../../../../../H-x86_64-mingw32/nios2-elf/lib\libc.a(lib_a-mallocr.o)
                0x0000000040001e5c                __malloc_trim_threshold
 .sdata.__wctomb
                0x0000000040001e60        0x4 g:/programs/17.1/nios2eds/bin/gnu/h-x86_64-mingw32/bin/../lib/gcc/nios2-elf/5.3.0/../../../../../H-x86_64-mingw32/nios2-elf/lib\libc.a(lib_a-wctomb_r.o)
                0x0000000040001e60                __wctomb
 .sdata         0x0000000040001e64       0x14 ../Lab3_mousing_the_mouse_bsp/\libhal_bsp.a(alt_dev.o)
                0x0000000040001e64                alt_max_fd
                0x0000000040001e68                alt_dev_list
                0x0000000040001e70                alt_fs_list
 .sdata         0x0000000040001e78        0x4 ../Lab3_mousing_the_mouse_bsp/\libhal_bsp.a(alt_errno.o)
                0x0000000040001e78                alt_errno
 .sdata         0x0000000040001e7c        0x4 ../Lab3_mousing_the_mouse_bsp/\libhal_bsp.a(alt_sbrk.o)
 .sdata         0x0000000040001e80        0x4 ../Lab3_mousing_the_mouse_bsp/\libhal_bsp.a(alt_irq_vars.o)
                0x0000000040001e80                alt_priority_mask
 .sdata         0x0000000040001e84        0x8 ../Lab3_mousing_the_mouse_bsp/\libhal_bsp.a(alt_tick.o)
                0x0000000040001e84                alt_alarm_list
 *(.sdata2 .sdata2.* .gnu.linkonce.s2.*)
                0x0000000040001e8c                . = ALIGN (0x4)
                0x0000000040001e8c                _edata = ABSOLUTE (.)
                [!provide]                        PROVIDE (edata, ABSOLUTE (.))
                0x0000000040001e8c                PROVIDE (__ram_rwdata_end, ABSOLUTE (.))
                0x00000000200127f0                PROVIDE (__flash_rwdata_start, LOADADDR (.rwdata))

.bss            0x0000000040001e8c      0x160 load address 0x0000000020014324
                0x0000000040001e8c                __bss_start = ABSOLUTE (.)
                [!provide]                        PROVIDE (__sbss_start, ABSOLUTE (.))
                [!provide]                        PROVIDE (___sbss_start, ABSOLUTE (.))
 *(.dynsbss)
 *(.sbss .sbss.* .gnu.linkonce.sb.*)
 .sbss._PathLocale
                0x0000000040001e8c        0x4 g:/programs/17.1/nios2eds/bin/gnu/h-x86_64-mingw32/bin/../lib/gcc/nios2-elf/5.3.0/../../../../../H-x86_64-mingw32/nios2-elf/lib\libc.a(lib_a-locale.o)
                0x0000000040001e8c                _PathLocale
 .sbss.__mlocale_changed
                0x0000000040001e90        0x4 g:/programs/17.1/nios2eds/bin/gnu/h-x86_64-mingw32/bin/../lib/gcc/nios2-elf/5.3.0/../../../../../H-x86_64-mingw32/nios2-elf/lib\libc.a(lib_a-locale.o)
                0x0000000040001e90                __mlocale_changed
 .sbss.__nlocale_changed
                0x0000000040001e94        0x4 g:/programs/17.1/nios2eds/bin/gnu/h-x86_64-mingw32/bin/../lib/gcc/nios2-elf/5.3.0/../../../../../H-x86_64-mingw32/nios2-elf/lib\libc.a(lib_a-locale.o)
                0x0000000040001e94                __nlocale_changed
 .sbss.__malloc_max_total_mem
                0x0000000040001e98        0x4 g:/programs/17.1/nios2eds/bin/gnu/h-x86_64-mingw32/bin/../lib/gcc/nios2-elf/5.3.0/../../../../../H-x86_64-mingw32/nios2-elf/lib\libc.a(lib_a-mallocr.o)
                0x0000000040001e98                __malloc_max_total_mem
 .sbss.__malloc_max_sbrked_mem
                0x0000000040001e9c        0x4 g:/programs/17.1/nios2eds/bin/gnu/h-x86_64-mingw32/bin/../lib/gcc/nios2-elf/5.3.0/../../../../../H-x86_64-mingw32/nios2-elf/lib\libc.a(lib_a-mallocr.o)
                0x0000000040001e9c                __malloc_max_sbrked_mem
 .sbss.__malloc_top_pad
                0x0000000040001ea0        0x4 g:/programs/17.1/nios2eds/bin/gnu/h-x86_64-mingw32/bin/../lib/gcc/nios2-elf/5.3.0/../../../../../H-x86_64-mingw32/nios2-elf/lib\libc.a(lib_a-mallocr.o)
                0x0000000040001ea0                __malloc_top_pad
 .sbss          0x0000000040001ea4        0x4 g:/programs/17.1/nios2eds/bin/gnu/h-x86_64-mingw32/bin/../lib/gcc/nios2-elf/5.3.0/../../../../../H-x86_64-mingw32/nios2-elf/lib\libc.a(lib_a-int_errno.o)
                0x0000000040001ea4                errno
 .sbss          0x0000000040001ea8        0xc ../Lab3_mousing_the_mouse_bsp/\libhal_bsp.a(alt_main.o)
                0x0000000040001ea8                alt_envp
                0x0000000040001eac                alt_argv
                0x0000000040001eb0                alt_argc
 .sbss          0x0000000040001eb4        0x4 ../Lab3_mousing_the_mouse_bsp/\libhal_bsp.a(alt_irq_vars.o)
                0x0000000040001eb4                alt_irq_active
 .sbss          0x0000000040001eb8        0x8 ../Lab3_mousing_the_mouse_bsp/\libhal_bsp.a(alt_tick.o)
                0x0000000040001eb8                _alt_nticks
                0x0000000040001ebc                _alt_tick_rate
 .sbss          0x0000000040001ec0        0x4 ../Lab3_mousing_the_mouse_bsp/\libhal_bsp.a(alt_instruction_exception_entry.o)
                0x0000000040001ec0                alt_instruction_exception_handler
 *(.sbss2 .sbss2.* .gnu.linkonce.sb2.*)
 *(.scommon)
                [!provide]                        PROVIDE (__sbss_end, ABSOLUTE (.))
                [!provide]                        PROVIDE (___sbss_end, ABSOLUTE (.))
 *(.dynbss)
 *(.bss .bss.* .gnu.linkonce.b.*)
 .bss           0x0000000040001ec4        0x0 ../Lab3_mousing_the_mouse_bsp//obj/HAL/src/crt0.o
 .bss           0x0000000040001ec4        0x0 obj/default/src/LED.o
 .bss           0x0000000040001ec4        0x0 obj/default/src/SEG7.o
 .bss           0x0000000040001ec4        0x0 obj/default/src/debug.o
 .bss           0x0000000040001ec4        0x0 obj/default/src/main.o
 .bss           0x0000000040001ec4        0x0 obj/default/src/mouse.o
 .bss           0x0000000040001ec4        0x0 g:/programs/17.1/nios2eds/bin/gnu/h-x86_64-mingw32/bin/../lib/gcc/nios2-elf/5.3.0\libgcc.a(lib2-divmod.o)
 .bss           0x0000000040001ec4        0x0 g:/programs/17.1/nios2eds/bin/gnu/h-x86_64-mingw32/bin/../lib/gcc/nios2-elf/5.3.0/../../../../../H-x86_64-mingw32/nios2-elf/lib\libc.a(lib_a-printf.o)
 .bss           0x0000000040001ec4        0x0 g:/programs/17.1/nios2eds/bin/gnu/h-x86_64-mingw32/bin/../lib/gcc/nios2-elf/5.3.0/../../../../../H-x86_64-mingw32/nios2-elf/lib\libc.a(lib_a-puts.o)
 .bss           0x0000000040001ec4        0x0 g:/programs/17.1/nios2eds/bin/gnu/h-x86_64-mingw32/bin/../lib/gcc/nios2-elf/5.3.0/../../../../../H-x86_64-mingw32/nios2-elf/lib\libc.a(lib_a-sprintf.o)
 .bss           0x0000000040001ec4        0x0 g:/programs/17.1/nios2eds/bin/gnu/h-x86_64-mingw32/bin/../lib/gcc/nios2-elf/5.3.0/../../../../../H-x86_64-mingw32/nios2-elf/lib\libc.a(lib_a-strlen.o)
 .bss           0x0000000040001ec4        0x0 g:/programs/17.1/nios2eds/bin/gnu/h-x86_64-mingw32/bin/../lib/gcc/nios2-elf/5.3.0/../../../../../H-x86_64-mingw32/nios2-elf/lib\libc.a(lib_a-svfprintf.o)
 .bss           0x0000000040001ec4        0x0 g:/programs/17.1/nios2eds/bin/gnu/h-x86_64-mingw32/bin/../lib/gcc/nios2-elf/5.3.0/../../../../../H-x86_64-mingw32/nios2-elf/lib\libc.a(lib_a-vfprintf.o)
 .bss           0x0000000040001ec4        0x0 g:/programs/17.1/nios2eds/bin/gnu/h-x86_64-mingw32/bin/../lib/gcc/nios2-elf/5.3.0/../../../../../H-x86_64-mingw32/nios2-elf/lib\libc.a(lib_a-vsnprintf.o)
 .bss           0x0000000040001ec4        0x0 g:/programs/17.1/nios2eds/bin/gnu/h-x86_64-mingw32/bin/../lib/gcc/nios2-elf/5.3.0/../../../../../H-x86_64-mingw32/nios2-elf/lib\libc.a(lib_a-wsetup.o)
 .bss           0x0000000040001ec4        0x0 g:/programs/17.1/nios2eds/bin/gnu/h-x86_64-mingw32/bin/../lib/gcc/nios2-elf/5.3.0/../../../../../H-x86_64-mingw32/nios2-elf/lib\libc.a(lib_a-dtoa.o)
 .bss           0x0000000040001ec4        0x0 g:/programs/17.1/nios2eds/bin/gnu/h-x86_64-mingw32/bin/../lib/gcc/nios2-elf/5.3.0/../../../../../H-x86_64-mingw32/nios2-elf/lib\libc.a(lib_a-fflush.o)
 .bss           0x0000000040001ec4        0x0 g:/programs/17.1/nios2eds/bin/gnu/h-x86_64-mingw32/bin/../lib/gcc/nios2-elf/5.3.0/../../../../../H-x86_64-mingw32/nios2-elf/lib\libc.a(lib_a-findfp.o)