Info: Starting: Create simulation model
Info: qsys-generate E:\CodingSpace\SDDD\Lab3\Audio\audio_nios.qsys --simulation=VERILOG --allow-mixed-language-simulation --output-directory=E:\CodingSpace\SDDD\Lab3\Audio\audio_nios\simulation --family="Cyclone V" --part=5CSEMA5F31C6
Progress: Loading Audio/audio_nios.qsys
Progress: Reading input file
Progress: Adding altpll_audio [altera_pll 17.1]
Progress: Parameterizing module altpll_audio
Progress: Adding audio [AUDIO_IF 1.0]
Progress: Parameterizing module audio
Progress: Adding clk_50 [clock_source 17.1]
Progress: Parameterizing module clk_50
Progress: Adding cpu [altera_nios2_gen2 17.1]
Progress: Parameterizing module cpu
Progress: Adding cpu_peripheral_bridge [altera_avalon_mm_clock_crossing_bridge 17.1]
Progress: Parameterizing module cpu_peripheral_bridge
Progress: Adding i2c_scl [altera_avalon_pio 17.1]
Progress: Parameterizing module i2c_scl
Progress: Adding i2c_sda [altera_avalon_pio 17.1]
Progress: Parameterizing module i2c_sda
Progress: Adding jtag_uart [altera_avalon_jtag_uart 17.1]
Progress: Parameterizing module jtag_uart
Progress: Adding key [altera_avalon_pio 17.1]
Progress: Parameterizing module key
Progress: Adding onchip_memory2 [altera_avalon_onchip_memory2 17.1]
Progress: Parameterizing module onchip_memory2
Progress: Adding pio_led [altera_avalon_pio 17.1]
Progress: Parameterizing module pio_led
Progress: Adding pll [altera_pll 17.1]
Progress: Parameterizing module pll
Progress: Adding ps2_0 [altera_up_avalon_ps2 17.1]
Progress: Parameterizing module ps2_0
Progress: Adding sdram [altera_avalon_new_sdram_controller 17.1]
Progress: Parameterizing module sdram
Progress: Adding seg7 [SEG7_IF 1.0]
Progress: Parameterizing module seg7
Progress: Adding sw [altera_avalon_pio 17.1]
Progress: Parameterizing module sw
Progress: Adding sysid_qsys [altera_avalon_sysid_qsys 17.1]
Progress: Parameterizing module sysid_qsys
Progress: Adding timer [altera_avalon_timer 17.1]
Progress: Parameterizing module timer
Progress: Building connections
Progress: Parameterizing connections
Progress: Validating
Progress: Done reading input file
Info: audio_nios.altpll_audio: The legal reference clock frequency is 50.0 MHz..800.0 MHz
Info: audio_nios.altpll_audio: Able to implement PLL with user settings
Info: audio_nios.i2c_sda: PIO inputs are not hardwired in test bench. Undefined values will be read from PIO inputs during simulation.
Info: audio_nios.jtag_uart: JTAG UART IP input clock need to be at least double (2x) the operating frequency of JTAG TCK on board
Info: audio_nios.key: PIO inputs are not hardwired in test bench. Undefined values will be read from PIO inputs during simulation.
Info: audio_nios.pll: The legal reference clock frequency is 5.0 MHz..800.0 MHz
Info: audio_nios.pll: Able to implement PLL with user settings
Info: audio_nios.sdram: SDRAM Controller will only be supported in Quartus Prime Standard Edition in the future release.
Info: audio_nios.sw: PIO inputs are not hardwired in test bench. Undefined values will be read from PIO inputs during simulation.
Info: audio_nios.sysid_qsys: System ID is not assigned automatically. Edit the System ID parameter to provide a unique ID
Info: audio_nios.sysid_qsys: Time stamp will be automatically updated when this component is generated.
Info: audio_nios: Generating audio_nios "audio_nios" for SIM_VERILOG
Info: Inserting clock-crossing logic between cmd_demux.src1 and cmd_mux_001.sink0
Info: Inserting clock-crossing logic between cmd_demux.src2 and cmd_mux_002.sink0
Info: Inserting clock-crossing logic between rsp_demux_001.src0 and rsp_mux.sink1
Info: Inserting clock-crossing logic between rsp_demux_002.src0 and rsp_mux.sink2
Info: altpll_audio: Generating simgen model
Info: altpll_audio: Info: ******************************************************************* Info: Running Quartus Prime Shell     Info: Version 17.1.0 Build 590 10/25/2017 SJ Lite Edition     Info: Copyright (C) 2017  Intel Corporation. All rights reserved.     Info: Your use of Intel Corporation's design tools, logic functions      Info: and other software and tools, and its AMPP partner logic      Info: functions, and any output files from any of the foregoing      Info: (including device programming or simulation files), and any      Info: associated documentation or information are expressly subject      Info: to the terms and conditions of the Intel Program License      Info: Subscription Agreement, the Intel Quartus Prime License Agreement,     Info: the Intel FPGA IP License Agreement, or other applicable license     Info: agreement, including, without limitation, that your use is for     Info: the sole purpose of programming logic devices manufactured by     Info: Intel and sold by Intel or its authorized distributors.  Please     Info: refer to the applicable agreement for further details.     Info: Processing started: Sat Oct 18 15:01:01 2025 Info: Command: quartus_sh -t run_simgen_cmd.tcl Info: ******************************************************************* Info: Running Quartus Prime Analysis & Synthesis     Info: Version 17.1.0 Build 590 10/25/2017 SJ Lite Edition     Info: Copyright (C) 2017  Intel Corporation. All rights reserved.     Info: Your use of Intel Corporation's design tools, logic functions      Info: and other software and tools, and its AMPP partner logic      Info: functions, and any output files from any of the foregoing      Info: (including device programming or simulation files), and any      Info: associated documentation or information are expressly subject      Info: to the terms and conditions of the Intel Program License      Info: Subscription Agreement, the Intel Quartus Prime License Agreement,     Info: the Intel FPGA IP License Agreement, or other applicable license     Info: agreement, including, without limitation, that your use is for     Info: the sole purpose of programming logic devices manufactured by     Info: Intel and sold by Intel or its authorized distributors.  Please     Info: refer to the applicable agreement for further details.     Info: Processing started: Sat Oct 18 15:01:02 2025 Info: Command: quartus_map audio_nios_altpll_audio.qpf --simgen --ini=disable_check_quartus_compatibility_qsys_only=on --simgen_parameter=CBX_HDL_LANGUAGE=VERILOG Info (20034): Auto device selection is not supported for Cyclone V device family. The default device, 5CGXFC7C7F23C8, is set. Warning (18236): Number of processors has not been specified which may cause overloading on shared machines.  Set the global assignment NUM_PARALLEL_PROCESSORS in your QSF to an appropriate value for best performance. Info (20030): Parallel compilation is enabled and will use 12 of the 12 processors detected Info (12021): Found 1 design units, including 1 entities, in source file audio_nios_altpll_audio.v     Info (12023): Found entity 1: audio_nios_altpll_audio File: C:/Users/Íèêèòà/AppData/Local/Temp/alt0379_4847091610783023235.dir/0002_altpll_audio_gen/audio_nios_altpll_audio.v Line: 2 Info (12127): Elaborating entity "audio_nios_altpll_audio" for the top level hierarchy Info (12128): Elaborating entity "altera_pll" for hierarchy "altera_pll:altera_pll_i" File: C:/Users/Íèêèòà/AppData/Local/Temp/alt0379_4847091610783023235.dir/0002_altpll_audio_gen/audio_nios_altpll_audio.v Line: 85 Info (10008): Verilog HDL or VHDL information: EDA Netlist Writer cannot regroup multidimensional array "wire_to_nowhere_64" into its bus Info (12130): Elaborated megafunction instantiation "altera_pll:altera_pll_i" File: C:/Users/Íèêèòà/AppData/Local/Temp/alt0379_4847091610783023235.dir/0002_altpll_audio_gen/audio_nios_altpll_audio.v Line: 85 Info (12133): Instantiated megafunction "altera_pll:altera_pll_i" with the following parameter: File: C:/Users/Íèêèòà/AppData/Local/Temp/alt0379_4847091610783023235.dir/0002_altpll_audio_gen/audio_nios_altpll_audio.v Line: 85     Info (12134): Parameter "fractional_vco_multiplier" = "true"     Info (12134): Parameter "reference_clock_frequency" = "50.0 MHz"     Info (12134): Parameter "operation_mode" = "normal"     Info (12134): Parameter "number_of_clocks" = "1"     Info (12134): Parameter "output_clock_frequency0" = "18.432000 MHz"     Info (12134): Parameter "phase_shift0" = "0 ps"     Info (12134): Parameter "duty_cycle0" = "50"     Info (12134): Parameter "output_clock_frequency1" = "0 MHz"     Info (12134): Parameter "phase_shift1" = "0 ps"     Info (12134): Parameter "duty_cycle1" = "50"     Info (12134): Parameter "output_clock_frequency2" = "0 MHz"     Info (12134): Parameter "phase_shift2" = "0 ps"     Info (12134): Parameter "duty_cycle2" = "50"     Info (12134): Parameter "output_clock_frequency3" = "0 MHz"     Info (12134): Parameter "phase_shift3" = "0 ps"     Info (12134): Parameter "duty_cycle3" = "50"     Info (12134): Parameter "output_clock_frequency4" = "0 MHz"     Info (12134): Parameter "phase_shift4" = "0 ps"     Info (12134): Parameter "duty_cycle4" = "50"     Info (12134): Parameter "output_clock_frequency5" = "0 MHz"     Info (12134): Parameter "phase_shift5" = "0 ps"     Info (12134): Parameter "duty_cycle5" = "50"     Info (12134): Parameter "output_clock_frequency6" = "0 MHz"     Info (12134): Parameter "phase_shift6" = "0 ps"     Info (12134): Parameter "duty_cycle6" = "50"     Info (12134): Parameter "output_clock_frequency7" = "0 MHz"     Info (12134): Parameter "phase_shift7" = "0 ps"     Info (12134): Parameter "duty_cycle7" = "50"     Info (12134): Parameter "output_clock_frequency8" = "0 MHz"     Info (12134): Parameter "phase_shift8" = "0 ps"     Info (12134): Parameter "duty_cycle8" = "50"     Info (12134): Parameter "output_clock_frequency9" = "0 MHz"     Info (12134): Parameter "phase_shift9" = "0 ps"     Info (12134): Parameter "duty_cycle9" = "50"     Info (12134): Parameter "output_clock_frequency10" = "0 MHz"     Info (12134): Parameter "phase_shift10" = "0 ps"     Info (12134): Parameter "duty_cycle10" = "50"     Info (12134): Parameter "output_clock_frequency11" = "0 MHz"     Info (12134): Parameter "phase_shift11" = "0 ps"     Info (12134): Parameter "duty_cycle11" = "50"     Info (12134): Parameter "output_clock_frequency12" = "0 MHz"     Info (12134): Parameter "phase_shift12" = "0 ps"     Info (12134): Parameter "duty_cycle12" = "50"     Info (12134): Parameter "output_clock_frequency13" = "0 MHz"     Info (12134): Parameter "phase_shift13" = "0 ps"     Info (12134): Parameter "duty_cycle13" = "50"     Info (12134): Parameter "output_clock_frequency14" = "0 MHz"     Info (12134): Parameter "phase_shift14" = "0 ps"     Info (12134): Parameter "duty_cycle14" = "50"     Info (12134): Parameter "output_clock_frequency15" = "0 MHz"     Info (12134): Parameter "phase_shift15" = "0 ps"     Info (12134): Parameter "duty_cycle15" = "50"     Info (12134): Parameter "output_clock_frequency16" = "0 MHz"     Info (12134): Parameter "phase_shift16" = "0 ps"     Info (12134): Parameter "duty_cycle16" = "50"     Info (12134): Parameter "output_clock_frequency17" = "0 MHz"     Info (12134): Parameter "phase_shift17" = "0 ps"     Info (12134): Parameter "duty_cycle17" = "50"     Info (12134): Parameter "pll_type" = "General"     Info (12134): Parameter "pll_subtype" = "General" Info (281010): Generating sgate simulator netlist using Simgen SIMGEN_PROGRESS Start of Model generation -- 0% complete SIMGEN_PROGRESS Phase 1 : Internal Objects created -- 25% complete SIMGEN_PROGRESS Phase 2 : Connections between internal objects made -- 60% complete SIMGEN_PROGRESS Phase 3 : Netlist generated -- 100% complete Info: Quartus Prime Analysis & Synthesis was successful. 0 errors, 1 warning     Info: Peak virtual memory: 4776 megabytes     Info: Processing ended: Sat Oct 18 15:01:19 2025     Info: Elapsed time: 00:00:17     Info: Total CPU time (on all processors): 00:00:05 Info (23030): Evaluation of Tcl script run_simgen_cmd.tcl was successful Info: Quartus Prime Shell was successful. 0 errors, 0 warnings     Info: Peak virtual memory: 4648 megabytes     Info: Processing ended: Sat Oct 18 15:01:20 2025     Info: Elapsed time: 00:00:19     Info: Total CPU time (on all processors): 00:00:09
Info: altpll_audio: Simgen was successful
Info: altpll_audio: "audio_nios" instantiated altera_pll "altpll_audio"
Error: audio: AUDIO_IF does not support generation for Verilog Simulation. Generation is available for: Quartus Synthesis.
Error: Generation stopped, 26 or more modules remaining
Info: audio_nios: Done "audio_nios" with 23 modules, 2 files
Error: qsys-generate failed with exit code 1: 2 Errors, 0 Warnings
Info: Finished: Create simulation model
Info: Starting: Create Modelsim Project.
Info: sim-script-gen --spd=E:\CodingSpace\SDDD\Lab3\Audio\audio_nios\audio_nios.spd --output-directory=E:/CodingSpace/SDDD/Lab3/Audio/audio_nios/simulation/ --use-relative-paths=true
Info: Doing: ip-make-simscript --spd=E:\CodingSpace\SDDD\Lab3\Audio\audio_nios\audio_nios.spd --output-directory=E:/CodingSpace/SDDD/Lab3/Audio/audio_nios/simulation/ --use-relative-paths=true
Info: Generating the following file(s) for MODELSIM simulator in E:/CodingSpace/SDDD/Lab3/Audio/audio_nios/simulation/ directory:
Info: 	mentor/msim_setup.tcl
Info: Generating the following file(s) for VCS simulator in E:/CodingSpace/SDDD/Lab3/Audio/audio_nios/simulation/ directory:
Info: 	synopsys/vcs/vcs_setup.sh
Info: Generating the following file(s) for VCSMX simulator in E:/CodingSpace/SDDD/Lab3/Audio/audio_nios/simulation/ directory:
Info: 	synopsys/vcsmx/synopsys_sim.setup
Info: 	synopsys/vcsmx/vcsmx_setup.sh
Info: Generating the following file(s) for NCSIM simulator in E:/CodingSpace/SDDD/Lab3/Audio/audio_nios/simulation/ directory:
Info: 	cadence/cds.lib
Info: 	cadence/hdl.var
Info: 	cadence/ncsim_setup.sh
Info: 	1 .cds.lib files in cadence/cds_libs/ directory
Info: Generating the following file(s) for RIVIERA simulator in E:/CodingSpace/SDDD/Lab3/Audio/audio_nios/simulation/ directory:
Info: 	aldec/rivierapro_setup.tcl
Info: For information on how to simulate your IP, see the explanatory comments in the simulator-specific subdirectories under E:/CodingSpace/SDDD/Lab3/Audio/audio_nios/simulation/.
Info: Regenerate these scripts whenever you make any change to any Quartus-generated IP in your project.
Info: Finished: Create Modelsim Project.
Info: Starting: Create block symbol file (.bsf)
Info: qsys-generate E:\CodingSpace\SDDD\Lab3\Audio\audio_nios.qsys --block-symbol-file --output-directory=E:\CodingSpace\SDDD\Lab3\Audio\audio_nios --family="Cyclone V" --part=5CSEMA5F31C6
Progress: Loading Audio/audio_nios.qsys
Progress: Reading input file
Progress: Adding altpll_audio [altera_pll 17.1]
Progress: Parameterizing module altpll_audio
Progress: Adding audio [AUDIO_IF 1.0]
Progress: Parameterizing module audio
Progress: Adding clk_50 [clock_source 17.1]
Progress: Parameterizing module clk_50
Progress: Adding cpu [altera_nios2_gen2 17.1]
Progress: Parameterizing module cpu
Progress: Adding cpu_peripheral_bridge [altera_avalon_mm_clock_crossing_bridge 17.1]
Progress: Parameterizing module cpu_peripheral_bridge
Progress: Adding i2c_scl [altera_avalon_pio 17.1]
Progress: Parameterizing module i2c_scl
Progress: Adding i2c_sda [altera_avalon_pio 17.1]
Progress: Parameterizing module i2c_sda
Progress: Adding jtag_uart [altera_avalon_jtag_uart 17.1]
Progress: Parameterizing module jtag_uart
Progress: Adding key [altera_avalon_pio 17.1]
Progress: Parameterizing module key
Progress: Adding onchip_memory2 [altera_avalon_onchip_memory2 17.1]
Progress: Parameterizing module onchip_memory2
Progress: Adding pio_led [altera_avalon_pio 17.1]
Progress: Parameterizing module pio_led
Progress: Adding pll [altera_pll 17.1]
Progress: Parameterizing module pll
Progress: Adding ps2_0 [altera_up_avalon_ps2 17.1]
Progress: Parameterizing module ps2_0
Progress: Adding sdram [altera_avalon_new_sdram_controller 17.1]
Progress: Parameterizing module sdram
Progress: Adding seg7 [SEG7_IF 1.0]
Progress: Parameterizing module seg7
Progress: Adding sw [altera_avalon_pio 17.1]
Progress: Parameterizing module sw
Progress: Adding sysid_qsys [altera_avalon_sysid_qsys 17.1]
Progress: Parameterizing module sysid_qsys
Progress: Adding timer [altera_avalon_timer 17.1]
Progress: Parameterizing module timer
Progress: Building connections
Progress: Parameterizing connections
Progress: Validating
Progress: Done reading input file
Info: audio_nios.altpll_audio: The legal reference clock frequency is 50.0 MHz..800.0 MHz
Info: audio_nios.altpll_audio: Able to implement PLL with user settings
Info: audio_nios.i2c_sda: PIO inputs are not hardwired in test bench. Undefined values will be read from PIO inputs during simulation.
Info: audio_nios.jtag_uart: JTAG UART IP input clock need to be at least double (2x) the operating frequency of JTAG TCK on board
Info: audio_nios.key: PIO inputs are not hardwired in test bench. Undefined values will be read from PIO inputs during simulation.
Info: audio_nios.pll: The legal reference clock frequency is 5.0 MHz..800.0 MHz
Info: audio_nios.pll: Able to implement PLL with user settings
Info: audio_nios.sdram: SDRAM Controller will only be supported in Quartus Prime Standard Edition in the future release.
Info: audio_nios.sw: PIO inputs are not hardwired in test bench. Undefined values will be read from PIO inputs during simulation.
Info: audio_nios.sysid_qsys: System ID is not assigned automatically. Edit the System ID parameter to provide a unique ID
Info: audio_nios.sysid_qsys: Time stamp will be automatically updated when this component is generated.
Info: qsys-generate succeeded.
Info: Finished: Create block symbol file (.bsf)
Info: 
Info: Starting: Create HDL design files for synthesis
Info: qsys-generate E:\CodingSpace\SDDD\Lab3\Audio\audio_nios.qsys --synthesis=VERILOG --output-directory=E:\CodingSpace\SDDD\Lab3\Audio\audio_nios\synthesis --family="Cyclone V" --part=5CSEMA5F31C6
Progress: Loading Audio/audio_nios.qsys
Progress: Reading input file
Progress: Adding altpll_audio [altera_pll 17.1]
Progress: Parameterizing module altpll_audio
Progress: Adding audio [AUDIO_IF 1.0]
Progress: Parameterizing module audio
Progress: Adding clk_50 [clock_source 17.1]
Progress: Parameterizing module clk_50
Progress: Adding cpu [altera_nios2_gen2 17.1]
Progress: Parameterizing module cpu
Progress: Adding cpu_peripheral_bridge [altera_avalon_mm_clock_crossing_bridge 17.1]
Progress: Parameterizing module cpu_peripheral_bridge
Progress: Adding i2c_scl [altera_avalon_pio 17.1]
Progress: Parameterizing module i2c_scl
Progress: Adding i2c_sda [altera_avalon_pio 17.1]
Progress: Parameterizing module i2c_sda
Progress: Adding jtag_uart [altera_avalon_jtag_uart 17.1]
Progress: Parameterizing module jtag_uart
Progress: Adding key [altera_avalon_pio 17.1]
Progress: Parameterizing module key
Progress: Adding onchip_memory2 [altera_avalon_onchip_memory2 17.1]
Progress: Parameterizing module onchip_memory2
Progress: Adding pio_led [altera_avalon_pio 17.1]
Progress: Parameterizing module pio_led
Progress: Adding pll [altera_pll 17.1]
Progress: Parameterizing module pll
Progress: Adding ps2_0 [altera_up_avalon_ps2 17.1]
Progress: Parameterizing module ps2_0
Progress: Adding sdram [altera_avalon_new_sdram_controller 17.1]
Progress: Parameterizing module sdram
Progress: Adding seg7 [SEG7_IF 1.0]
Progress: Parameterizing module seg7
Progress: Adding sw [altera_avalon_pio 17.1]
Progress: Parameterizing module sw
Progress: Adding sysid_qsys [altera_avalon_sysid_qsys 17.1]
Progress: Parameterizing module sysid_qsys
Progress: Adding timer [altera_avalon_timer 17.1]
Progress: Parameterizing module timer
Progress: Building connections
Progress: Parameterizing connections
Progress: Validating
Progress: Done reading input file
Info: audio_nios.altpll_audio: The legal reference clock frequency is 50.0 MHz..800.0 MHz
Info: audio_nios.altpll_audio: Able to implement PLL with user settings
Info: audio_nios.i2c_sda: PIO inputs are not hardwired in test bench. Undefined values will be read from PIO inputs during simulation.
Info: audio_nios.jtag_uart: JTAG UART IP input clock need to be at least double (2x) the operating frequency of JTAG TCK on board
Info: audio_nios.key: PIO inputs are not hardwired in test bench. Undefined values will be read from PIO inputs during simulation.
Info: audio_nios.pll: The legal reference clock frequency is 5.0 MHz..800.0 MHz
Info: audio_nios.pll: Able to implement PLL with user settings
Info: audio_nios.sdram: SDRAM Controller will only be supported in Quartus Prime Standard Edition in the future release.
Info: audio_nios.sw: PIO inputs are not hardwired in test bench. Undefined values will be read from PIO inputs during simulation.
Info: audio_nios.sysid_qsys: System ID is not assigned automatically. Edit the System ID parameter to provide a unique ID
Info: audio_nios.sysid_qsys: Time stamp will be automatically updated when this component is generated.
Info: audio_nios: Generating audio_nios "audio_nios" for QUARTUS_SYNTH
Info: Inserting clock-crossing logic between cmd_demux.src1 and cmd_mux_001.sink0
Info: Inserting clock-crossing logic between cmd_demux.src2 and cmd_mux_002.sink0
Info: Inserting clock-crossing logic between rsp_demux_001.src0 and rsp_mux.sink1
Info: Inserting clock-crossing logic between rsp_demux_002.src0 and rsp_mux.sink2
Info: altpll_audio: "audio_nios" instantiated altera_pll "altpll_audio"
Info: audio: "audio_nios" instantiated AUDIO_IF "audio"
Info: cpu: "audio_nios" instantiated altera_nios2_gen2 "cpu"
Info: cpu_peripheral_bridge: "audio_nios" instantiated altera_avalon_mm_clock_crossing_bridge "cpu_peripheral_bridge"
Info: i2c_scl: Starting RTL generation for module 'audio_nios_i2c_scl'
Info: i2c_scl:   Generation command is [exec E:/intelfpga_lite/17.1/quartus/bin64/perl/bin/perl.exe -I E:/intelfpga_lite/17.1/quartus/bin64/perl/lib -I E:/intelfpga_lite/17.1/quartus/sopc_builder/bin/europa -I E:/intelfpga_lite/17.1/quartus/sopc_builder/bin/perl_lib -I E:/intelfpga_lite/17.1/quartus/sopc_builder/bin -I E:/intelfpga_lite/17.1/quartus/../ip/altera/sopc_builder_ip/common -I E:/intelfpga_lite/17.1/quartus/../ip/altera/sopc_builder_ip/altera_avalon_pio -- E:/intelfpga_lite/17.1/quartus/../ip/altera/sopc_builder_ip/altera_avalon_pio/generate_rtl.pl --name=audio_nios_i2c_scl --dir=C:/Users/843E~1/AppData/Local/Temp/alt0379_4847091610783023235.dir/0007_i2c_scl_gen/ --quartus_dir=E:/intelfpga_lite/17.1/quartus --verilog --config=C:/Users/843E~1/AppData/Local/Temp/alt0379_4847091610783023235.dir/0007_i2c_scl_gen//audio_nios_i2c_scl_component_configuration.pl  --do_build_sim=0  ]
Info: i2c_scl: Done RTL generation for module 'audio_nios_i2c_scl'
Info: i2c_scl: "audio_nios" instantiated altera_avalon_pio "i2c_scl"
Info: i2c_sda: Starting RTL generation for module 'audio_nios_i2c_sda'
Info: i2c_sda:   Generation command is [exec E:/intelfpga_lite/17.1/quartus/bin64/perl/bin/perl.exe -I E:/intelfpga_lite/17.1/quartus/bin64/perl/lib -I E:/intelfpga_lite/17.1/quartus/sopc_builder/bin/europa -I E:/intelfpga_lite/17.1/quartus/sopc_builder/bin/perl_lib -I E:/intelfpga_lite/17.1/quartus/sopc_builder/bin -I E:/intelfpga_lite/17.1/quartus/../ip/altera/sopc_builder_ip/common -I E:/intelfpga_lite/17.1/quartus/../ip/altera/sopc_builder_ip/altera_avalon_pio -- E:/intelfpga_lite/17.1/quartus/../ip/altera/sopc_builder_ip/altera_avalon_pio/generate_rtl.pl --name=audio_nios_i2c_sda --dir=C:/Users/843E~1/AppData/Local/Temp/alt0379_4847091610783023235.dir/0008_i2c_sda_gen/ --quartus_dir=E:/intelfpga_lite/17.1/quartus --verilog --config=C:/Users/843E~1/AppData/Local/Temp/alt0379_4847091610783023235.dir/0008_i2c_sda_gen//audio_nios_i2c_sda_component_configuration.pl  --do_build_sim=0  ]
Info: i2c_sda: Done RTL generation for module 'audio_nios_i2c_sda'
Info: i2c_sda: "audio_nios" instantiated altera_avalon_pio "i2c_sda"
Info: jtag_uart: Starting RTL generation for module 'audio_nios_jtag_uart'
Info: jtag_uart:   Generation command is [exec E:/intelfpga_lite/17.1/quartus/bin64/perl/bin/perl.exe -I E:/intelfpga_lite/17.1/quartus/bin64/perl/lib -I E:/intelfpga_lite/17.1/quartus/sopc_builder/bin/europa -I E:/intelfpga_lite/17.1/quartus/sopc_builder/bin/perl_lib -I E:/intelfpga_lite/17.1/quartus/sopc_builder/bin -I E:/intelfpga_lite/17.1/quartus/../ip/altera/sopc_builder_ip/common -I E:/intelfpga_lite/17.1/quartus/../ip/altera/sopc_builder_ip/altera_avalon_jtag_uart -- E:/intelfpga_lite/17.1/quartus/../ip/altera/sopc_builder_ip/altera_avalon_jtag_uart/generate_rtl.pl --name=audio_nios_jtag_uart --dir=C:/Users/843E~1/AppData/Local/Temp/alt0379_4847091610783023235.dir/0009_jtag_uart_gen/ --quartus_dir=E:/intelfpga_lite/17.1/quartus --verilog --config=C:/Users/843E~1/AppData/Local/Temp/alt0379_4847091610783023235.dir/0009_jtag_uart_gen//audio_nios_jtag_uart_component_configuration.pl  --do_build_sim=0  ]
Info: jtag_uart: Done RTL generation for module 'audio_nios_jtag_uart'
Info: jtag_uart: "audio_nios" instantiated altera_avalon_jtag_uart "jtag_uart"
Info: key: Starting RTL generation for module 'audio_nios_key'
Info: key:   Generation command is [exec E:/intelfpga_lite/17.1/quartus/bin64/perl/bin/perl.exe -I E:/intelfpga_lite/17.1/quartus/bin64/perl/lib -I E:/intelfpga_lite/17.1/quartus/sopc_builder/bin/europa -I E:/intelfpga_lite/17.1/quartus/sopc_builder/bin/perl_lib -I E:/intelfpga_lite/17.1/quartus/sopc_builder/bin -I E:/intelfpga_lite/17.1/quartus/../ip/altera/sopc_builder_ip/common -I E:/intelfpga_lite/17.1/quartus/../ip/altera/sopc_builder_ip/altera_avalon_pio -- E:/intelfpga_lite/17.1/quartus/../ip/altera/sopc_builder_ip/altera_avalon_pio/generate_rtl.pl --name=audio_nios_key --dir=C:/Users/843E~1/AppData/Local/Temp/alt0379_4847091610783023235.dir/0010_key_gen/ --quartus_dir=E:/intelfpga_lite/17.1/quartus --verilog --config=C:/Users/843E~1/AppData/Local/Temp/alt0379_4847091610783023235.dir/0010_key_gen//audio_nios_key_component_configuration.pl  --do_build_sim=0  ]
Info: key: Done RTL generation for module 'audio_nios_key'
Info: key: "audio_nios" instantiated altera_avalon_pio "key"
Info: onchip_memory2: Starting RTL generation for module 'audio_nios_onchip_memory2'
Info: onchip_memory2:   Generation command is [exec E:/intelfpga_lite/17.1/quartus/bin64/perl/bin/perl.exe -I E:/intelfpga_lite/17.1/quartus/bin64/perl/lib -I E:/intelfpga_lite/17.1/quartus/sopc_builder/bin/europa -I E:/intelfpga_lite/17.1/quartus/sopc_builder/bin/perl_lib -I E:/intelfpga_lite/17.1/quartus/sopc_builder/bin -I E:/intelfpga_lite/17.1/quartus/../ip/altera/sopc_builder_ip/common -I E:/intelfpga_lite/17.1/quartus/../ip/altera/sopc_builder_ip/altera_avalon_onchip_memory2 -- E:/intelfpga_lite/17.1/quartus/../ip/altera/sopc_builder_ip/altera_avalon_onchip_memory2/generate_rtl.pl --name=audio_nios_onchip_memory2 --dir=C:/Users/843E~1/AppData/Local/Temp/alt0379_4847091610783023235.dir/0011_onchip_memory2_gen/ --quartus_dir=E:/intelfpga_lite/17.1/quartus --verilog --config=C:/Users/843E~1/AppData/Local/Temp/alt0379_4847091610783023235.dir/0011_onchip_memory2_gen//audio_nios_onchip_memory2_component_configuration.pl  --do_build_sim=0  ]
Info: onchip_memory2: Done RTL generation for module 'audio_nios_onchip_memory2'
Info: onchip_memory2: "audio_nios" instantiated altera_avalon_onchip_memory2 "onchip_memory2"
Info: pio_led: Starting RTL generation for module 'audio_nios_pio_led'
Info: pio_led:   Generation command is [exec E:/intelfpga_lite/17.1/quartus/bin64/perl/bin/perl.exe -I E:/intelfpga_lite/17.1/quartus/bin64/perl/lib -I E:/intelfpga_lite/17.1/quartus/sopc_builder/bin/europa -I E:/intelfpga_lite/17.1/quartus/sopc_builder/bin/perl_lib -I E:/intelfpga_lite/17.1/quartus/sopc_builder/bin -I E:/intelfpga_lite/17.1/quartus/../ip/altera/sopc_builder_ip/common -I E:/intelfpga_lite/17.1/quartus/../ip/altera/sopc_builder_ip/altera_avalon_pio -- E:/intelfpga_lite/17.1/quartus/../ip/altera/sopc_builder_ip/altera_avalon_pio/generate_rtl.pl --name=audio_nios_pio_led --dir=C:/Users/843E~1/AppData/Local/Temp/alt0379_4847091610783023235.dir/0012_pio_led_gen/ --quartus_dir=E:/intelfpga_lite/17.1/quartus --verilog --config=C:/Users/843E~1/AppData/Local/Temp/alt0379_4847091610783023235.dir/0012_pio_led_gen//audio_nios_pio_led_component_configuration.pl  --do_build_sim=0  ]
Info: pio_led: Done RTL generation for module 'audio_nios_pio_led'
Info: pio_led: "audio_nios" instantiated altera_avalon_pio "pio_led"
Info: pll: "audio_nios" instantiated altera_pll "pll"
Info: ps2_0: Starting Generation of PS2 Controller
Info: ps2_0: "audio_nios" instantiated altera_up_avalon_ps2 "ps2_0"
Info: sdram: Starting RTL generation for module 'audio_nios_sdram'
Info: sdram:   Generation command is [exec E:/intelfpga_lite/17.1/quartus/bin64/perl/bin/perl.exe -I E:/intelfpga_lite/17.1/quartus/bin64/perl/lib -I E:/intelfpga_lite/17.1/quartus/sopc_builder/bin/europa -I E:/intelfpga_lite/17.1/quartus/sopc_builder/bin/perl_lib -I E:/intelfpga_lite/17.1/quartus/sopc_builder/bin -I E:/intelfpga_lite/17.1/quartus/../ip/altera/sopc_builder_ip/common -I E:/intelfpga_lite/17.1/quartus/../ip/altera/sopc_builder_ip/altera_avalon_new_sdram_controller -- E:/intelfpga_lite/17.1/quartus/../ip/altera/sopc_builder_ip/altera_avalon_new_sdram_controller/generate_rtl.pl --name=audio_nios_sdram --dir=C:/Users/843E~1/AppData/Local/Temp/alt0379_4847091610783023235.dir/0015_sdram_gen/ --quartus_dir=E:/intelfpga_lite/17.1/quartus --verilog --config=C:/Users/843E~1/AppData/Local/Temp/alt0379_4847091610783023235.dir/0015_sdram_gen//audio_nios_sdram_component_configuration.pl  --do_build_sim=0  ]
Info: sdram: Done RTL generation for module 'audio_nios_sdram'
Info: sdram: "audio_nios" instantiated altera_avalon_new_sdram_controller "sdram"
Info: seg7: "audio_nios" instantiated SEG7_IF "seg7"
Info: sw: Starting RTL generation for module 'audio_nios_sw'
Info: sw:   Generation command is [exec E:/intelfpga_lite/17.1/quartus/bin64/perl/bin/perl.exe -I E:/intelfpga_lite/17.1/quartus/bin64/perl/lib -I E:/intelfpga_lite/17.1/quartus/sopc_builder/bin/europa -I E:/intelfpga_lite/17.1/quartus/sopc_builder/bin/perl_lib -I E:/intelfpga_lite/17.1/quartus/sopc_builder/bin -I E:/intelfpga_lite/17.1/quartus/../ip/altera/sopc_builder_ip/common -I E:/intelfpga_lite/17.1/quartus/../ip/altera/sopc_builder_ip/altera_avalon_pio -- E:/intelfpga_lite/17.1/quartus/../ip/altera/sopc_builder_ip/altera_avalon_pio/generate_rtl.pl --name=audio_nios_sw --dir=C:/Users/843E~1/AppData/Local/Temp/alt0379_4847091610783023235.dir/0017_sw_gen/ --quartus_dir=E:/intelfpga_lite/17.1/quartus --verilog --config=C:/Users/843E~1/AppData/Local/Temp/alt0379_4847091610783023235.dir/0017_sw_gen//audio_nios_sw_component_configuration.pl  --do_build_sim=0  ]
Info: sw: Done RTL generation for module 'audio_nios_sw'
Info: sw: "audio_nios" instantiated altera_avalon_pio "sw"
Info: sysid_qsys: "audio_nios" instantiated altera_avalon_sysid_qsys "sysid_qsys"
Info: timer: Starting RTL generation for module 'audio_nios_timer'
Info: timer:   Generation command is [exec E:/intelFPGA_lite/17.1/quartus/bin64//perl/bin/perl.exe -I E:/intelFPGA_lite/17.1/quartus/bin64//perl/lib -I E:/intelfpga_lite/17.1/quartus/sopc_builder/bin/europa -I E:/intelfpga_lite/17.1/quartus/sopc_builder/bin/perl_lib -I E:/intelfpga_lite/17.1/quartus/sopc_builder/bin -I E:/intelfpga_lite/17.1/quartus/../ip/altera/sopc_builder_ip/common -I E:/intelfpga_lite/17.1/quartus/../ip/altera/sopc_builder_ip/altera_avalon_timer -- E:/intelfpga_lite/17.1/quartus/../ip/altera/sopc_builder_ip/altera_avalon_timer/generate_rtl.pl --name=audio_nios_timer --dir=C:/Users/843E~1/AppData/Local/Temp/alt0379_4847091610783023235.dir/0019_timer_gen/ --quartus_dir=E:/intelfpga_lite/17.1/quartus --verilog --config=C:/Users/843E~1/AppData/Local/Temp/alt0379_4847091610783023235.dir/0019_timer_gen//audio_nios_timer_component_configuration.pl  --do_build_sim=0  ]
Info: timer: Done RTL generation for module 'audio_nios_timer'
Info: timer: "audio_nios" instantiated altera_avalon_timer "timer"
Info: avalon_st_adapter: Inserting error_adapter: error_adapter_0
Info: avalon_st_adapter_001: Inserting error_adapter: error_adapter_0
Info: avalon_st_adapter_002: Inserting error_adapter: error_adapter_0
Info: avalon_st_adapter_003: Inserting error_adapter: error_adapter_0
Info: avalon_st_adapter_004: Inserting error_adapter: error_adapter_0
Info: avalon_st_adapter_005: Inserting error_adapter: error_adapter_0
Info: avalon_st_adapter_006: Inserting error_adapter: error_adapter_0
Info: avalon_st_adapter_007: Inserting error_adapter: error_adapter_0
Info: avalon_st_adapter_008: Inserting error_adapter: error_adapter_0
Info: mm_interconnect_0: "audio_nios" instantiated altera_mm_interconnect "mm_interconnect_0"
Info: avalon_st_adapter: Inserting error_adapter: error_adapter_0
Info: avalon_st_adapter_001: Inserting error_adapter: error_adapter_0
Info: avalon_st_adapter_002: Inserting error_adapter: error_adapter_0
Info: avalon_st_adapter_003: Inserting error_adapter: error_adapter_0
Info: avalon_st_adapter_004: Inserting error_adapter: error_adapter_0
Info: avalon_st_adapter_005: Inserting error_adapter: error_adapter_0
Info: mm_interconnect_1: "audio_nios" instantiated altera_mm_interconnect "mm_interconnect_1"
Info: irq_mapper: "audio_nios" instantiated altera_irq_mapper "irq_mapper"
Info: irq_synchronizer: "audio_nios" instantiated altera_irq_clock_crosser "irq_synchronizer"
Info: rst_controller: "audio_nios" instantiated altera_reset_controller "rst_controller"
Info: cpu: Starting RTL generation for module 'audio_nios_cpu_cpu'
Info: cpu:   Generation command is [exec E:/intelFPGA_lite/17.1/quartus/bin64//eperlcmd.exe -I E:/intelFPGA_lite/17.1/quartus/bin64//perl/lib -I E:/intelfpga_lite/17.1/quartus/sopc_builder/bin/europa -I E:/intelfpga_lite/17.1/quartus/sopc_builder/bin/perl_lib -I E:/intelfpga_lite/17.1/quartus/sopc_builder/bin -I E:/intelfpga_lite/17.1/quartus/../ip/altera/nios2_ip/altera_nios2_gen2/cpu_lib -I E:/intelfpga_lite/17.1/quartus/../ip/altera/nios2_ip/altera_nios2_gen2/nios_lib -I E:/intelfpga_lite/17.1/quartus/../ip/altera/nios2_ip/altera_nios2_gen2 -I E:/intelfpga_lite/17.1/quartus/../ip/altera/nios2_ip/altera_nios2_gen2 -- E:/intelfpga_lite/17.1/quartus/../ip/altera/nios2_ip/altera_nios2_gen2/generate_rtl.epl --name=audio_nios_cpu_cpu --dir=C:/Users/843E~1/AppData/Local/Temp/alt0379_4847091610783023235.dir/0023_cpu_gen/ --quartus_bindir=E:/intelFPGA_lite/17.1/quartus/bin64/ --verilog --config=C:/Users/843E~1/AppData/Local/Temp/alt0379_4847091610783023235.dir/0023_cpu_gen//audio_nios_cpu_cpu_processor_configuration.pl  --do_build_sim=0  ]
Info: cpu: # 2025.10.18 15:02:59 (*) Starting Nios II generation
Info: cpu: # 2025.10.18 15:02:59 (*)   Checking for plaintext license.
Info: cpu: # 2025.10.18 15:03:00 (*)   Couldn't query license setup in Quartus directory E:/intelFPGA_lite/17.1/quartus/bin64/
Info: cpu: # 2025.10.18 15:03:00 (*)   Defaulting to contents of LM_LICENSE_FILE environment variable
Info: cpu: # 2025.10.18 15:03:00 (*)   LM_LICENSE_FILE environment variable is empty
Info: cpu: # 2025.10.18 15:03:00 (*)   Plaintext license not found.
Info: cpu: # 2025.10.18 15:03:00 (*)   Checking for encrypted license (non-evaluation).
Info: cpu: # 2025.10.18 15:03:00 (*)   Couldn't query license setup in Quartus directory E:/intelFPGA_lite/17.1/quartus/bin64/
Info: cpu: # 2025.10.18 15:03:00 (*)   Defaulting to contents of LM_LICENSE_FILE environment variable
Info: cpu: # 2025.10.18 15:03:00 (*)   LM_LICENSE_FILE environment variable is empty
Info: cpu: # 2025.10.18 15:03:00 (*)   Encrypted license not found.  Defaulting to OCP evaluation license (produces a time-limited SOF)
Info: cpu: # 2025.10.18 15:03:00 (*)   Elaborating CPU configuration settings
Info: cpu: # 2025.10.18 15:03:00 (*)   Creating all objects for CPU
Info: cpu: # 2025.10.18 15:03:00 (*)     Testbench
Info: cpu: # 2025.10.18 15:03:01 (*)     Instruction decoding
Info: cpu: # 2025.10.18 15:03:01 (*)       Instruction fields
Info: cpu: # 2025.10.18 15:03:01 (*)       Instruction decodes
Info: cpu: # 2025.10.18 15:03:02 (*)       Signals for RTL simulation waveforms
Info: cpu: # 2025.10.18 15:03:02 (*)       Instruction controls
Info: cpu: # 2025.10.18 15:03:02 (*)     Pipeline frontend
Info: cpu: # 2025.10.18 15:03:02 (*)     Pipeline backend
Info: cpu: # 2025.10.18 15:03:06 (*)   Generating RTL from CPU objects
Info: cpu: # 2025.10.18 15:03:09 (*)   Creating encrypted RTL
Info: cpu: # 2025.10.18 15:03:10 (*) Done Nios II generation
Info: cpu: Done RTL generation for module 'audio_nios_cpu_cpu'
Info: cpu: "cpu" instantiated altera_nios2_gen2_unit "cpu"
Info: cpu_data_master_translator: "mm_interconnect_0" instantiated altera_merlin_master_translator "cpu_data_master_translator"
Info: jtag_uart_avalon_jtag_slave_translator: "mm_interconnect_0" instantiated altera_merlin_slave_translator "jtag_uart_avalon_jtag_slave_translator"
Info: cpu_data_master_agent: "mm_interconnect_0" instantiated altera_merlin_master_agent "cpu_data_master_agent"
Info: jtag_uart_avalon_jtag_slave_agent: "mm_interconnect_0" instantiated altera_merlin_slave_agent "jtag_uart_avalon_jtag_slave_agent"
Info: jtag_uart_avalon_jtag_slave_agent_rsp_fifo: "mm_interconnect_0" instantiated altera_avalon_sc_fifo "jtag_uart_avalon_jtag_slave_agent_rsp_fifo"
Info: router: "mm_interconnect_0" instantiated altera_merlin_router "router"
Info: router_001: "mm_interconnect_0" instantiated altera_merlin_router "router_001"
Info: router_002: "mm_interconnect_0" instantiated altera_merlin_router "router_002"
Info: router_006: "mm_interconnect_0" instantiated altera_merlin_router "router_006"
Info: router_008: "mm_interconnect_0" instantiated altera_merlin_router "router_008"
Info: cpu_data_master_limiter: "mm_interconnect_0" instantiated altera_merlin_traffic_limiter "cpu_data_master_limiter"
Info: Reusing file E:/CodingSpace/SDDD/Lab3/Audio/audio_nios/synthesis/submodules/altera_avalon_sc_fifo.v
Info: sdram_s1_burst_adapter: "mm_interconnect_0" instantiated altera_merlin_burst_adapter "sdram_s1_burst_adapter"
Info: Reusing file E:/CodingSpace/SDDD/Lab3/Audio/audio_nios/synthesis/submodules/altera_avalon_st_pipeline_base.v
Info: cmd_demux: "mm_interconnect_0" instantiated altera_merlin_demultiplexer "cmd_demux"
Info: cmd_demux_001: "mm_interconnect_0" instantiated altera_merlin_demultiplexer "cmd_demux_001"
Info: cmd_mux: "mm_interconnect_0" instantiated altera_merlin_multiplexer "cmd_mux"
Info: cmd_mux_004: "mm_interconnect_0" instantiated altera_merlin_multiplexer "cmd_mux_004"
Info: Reusing file E:/CodingSpace/SDDD/Lab3/Audio/audio_nios/synthesis/submodules/altera_merlin_arbitrator.sv
Info: rsp_demux: "mm_interconnect_0" instantiated altera_merlin_demultiplexer "rsp_demux"
Info: rsp_demux_001: "mm_interconnect_0" instantiated altera_merlin_demultiplexer "rsp_demux_001"
Info: rsp_demux_002: "mm_interconnect_0" instantiated altera_merlin_demultiplexer "rsp_demux_002"
Info: rsp_demux_004: "mm_interconnect_0" instantiated altera_merlin_demultiplexer "rsp_demux_004"
Info: rsp_mux: "mm_interconnect_0" instantiated altera_merlin_multiplexer "rsp_mux"
Info: Reusing file E:/CodingSpace/SDDD/Lab3/Audio/audio_nios/synthesis/submodules/altera_merlin_arbitrator.sv
Info: rsp_mux_001: "mm_interconnect_0" instantiated altera_merlin_multiplexer "rsp_mux_001"
Info: Reusing file E:/CodingSpace/SDDD/Lab3/Audio/audio_nios/synthesis/submodules/altera_merlin_arbitrator.sv
Info: sdram_s1_rsp_width_adapter: "mm_interconnect_0" instantiated altera_merlin_width_adapter "sdram_s1_rsp_width_adapter"
Info: Reusing file E:/CodingSpace/SDDD/Lab3/Audio/audio_nios/synthesis/submodules/altera_merlin_address_alignment.sv
Info: Reusing file E:/CodingSpace/SDDD/Lab3/Audio/audio_nios/synthesis/submodules/altera_merlin_burst_uncompressor.sv
Info: crosser: "mm_interconnect_0" instantiated altera_avalon_st_handshake_clock_crosser "crosser"
Info: Reusing file E:/CodingSpace/SDDD/Lab3/Audio/audio_nios/synthesis/submodules/altera_avalon_st_pipeline_base.v
Info: Reusing file E:/CodingSpace/SDDD/Lab3/Audio/audio_nios/synthesis/submodules/altera_std_synchronizer_nocut.v
Info: avalon_st_adapter: "mm_interconnect_0" instantiated altera_avalon_st_adapter "avalon_st_adapter"
Info: avalon_st_adapter_006: "mm_interconnect_0" instantiated altera_avalon_st_adapter "avalon_st_adapter_006"
Info: router: "mm_interconnect_1" instantiated altera_merlin_router "router"
Info: router_001: "mm_interconnect_1" instantiated altera_merlin_router "router_001"
Info: cmd_demux: "mm_interconnect_1" instantiated altera_merlin_demultiplexer "cmd_demux"
Info: cmd_mux: "mm_interconnect_1" instantiated altera_merlin_multiplexer "cmd_mux"
Info: Reusing file E:/CodingSpace/SDDD/Lab3/Audio/audio_nios/synthesis/submodules/altera_merlin_arbitrator.sv
Info: rsp_demux: "mm_interconnect_1" instantiated altera_merlin_demultiplexer "rsp_demux"
Info: rsp_mux: "mm_interconnect_1" instantiated altera_merlin_multiplexer "rsp_mux"
Info: Reusing file E:/CodingSpace/SDDD/Lab3/Audio/audio_nios/synthesis/submodules/altera_merlin_arbitrator.sv
Info: error_adapter_0: "avalon_st_adapter" instantiated error_adapter "error_adapter_0"
Info: error_adapter_0: "avalon_st_adapter_006" instantiated error_adapter "error_adapter_0"
Info: audio_nios: Done "audio_nios" with 58 modules, 98 files
Info: qsys-generate succeeded.
Info: Finished: Create HDL design files for synthesis
