Info: Starting: Create block symbol file (.bsf)
Info: qsys-generate /home/mich/Desktop/SDDD/SystemDesignOfDigitalDevices/Lab4/nios.qsys --block-symbol-file --output-directory=/home/mich/Desktop/SDDD/SystemDesignOfDigitalDevices/Lab4/nios --family="Cyclone V" --part=5CSEMA5F31C6
Progress: Loading Lab4/nios.qsys
Progress: Reading input file
Progress: Adding bitshuffler_avalon_interface_0 [bitshuffler_avalon_interface 1.0]
Progress: Parameterizing module bitshuffler_avalon_interface_0
Progress: Adding clk [clock_source 17.1]
Progress: Parameterizing module clk
Progress: Adding jtag_uart [altera_avalon_jtag_uart 17.1]
Progress: Parameterizing module jtag_uart
Progress: Adding led_out [altera_avalon_pio 17.1]
Progress: Parameterizing module led_out
Progress: Adding nios2_qsys [altera_nios2_qsys 16.1]
Progress: Parameterizing module nios2_qsys
Progress: Adding ram [altera_avalon_onchip_memory2 17.1]
Progress: Parameterizing module ram
Progress: Adding reg32_avalon_interface_0 [reg32_avalon_interface 1.0]
Progress: Parameterizing module reg32_avalon_interface_0
Progress: Adding sw_in [altera_avalon_pio 17.1]
Progress: Parameterizing module sw_in
Progress: Building connections
Progress: Parameterizing connections
Progress: Validating
Progress: Done reading input file
Info: nios.jtag_uart: JTAG UART IP input clock need to be at least double (2x) the operating frequency of JTAG TCK on board
Warning: nios.nios2_qsys: Nios II Classic cores are no longer recommended for new projects
Info: nios.sw_in: PIO inputs are not hardwired in test bench. Undefined values will be read from PIO inputs during simulation.
Info: qsys-generate succeeded.
Info: Finished: Create block symbol file (.bsf)
