IP Upgrade report for DE1_SoC_Audio
Sat Oct 18 13:02:52 2025
Quartus Prime Version 17.1.0 Build 590 10/25/2017 SJ Lite Edition


---------------------
; Table of Contents ;
---------------------
  1. Legal Notice
  2. IP Upgrade Summary
  3. Failed Upgrade IP Components
  4. IP Upgrade Messages



----------------
; Legal Notice ;
----------------
Copyright (C) 2017  Intel Corporation. All rights reserved.
Your use of Intel Corporation's design tools, logic functions 
and other software and tools, and its AMPP partner logic 
functions, and any output files from any of the foregoing 
(including device programming or simulation files), and any 
associated documentation or information are expressly subject 
to the terms and conditions of the Intel Program License 
Subscription Agreement, the Intel Quartus Prime License Agreement,
the Intel FPGA IP License Agreement, or other applicable license
agreement, including, without limitation, that your use is for
the sole purpose of programming logic devices manufactured by
Intel and sold by Intel or its authorized distributors.  Please
refer to the applicable agreement for further details.



+----------------------------------------------------------------------------+
; IP Upgrade Summary                                                         ;
+------------------------------+---------------------------------------------+
; IP Components Upgrade Status ; Passed - Sat Oct 18 13:02:52 2025           ;
; Quartus Prime Version        ; 17.1.0 Build 590 10/25/2017 SJ Lite Edition ;
; Revision Name                ; DE1_SoC_Audio                               ;
; Top-level Entity Name        ; DE1_SoC_Audio                               ;
; Family                       ; Cyclone V                                   ;
+------------------------------+---------------------------------------------+


+----------------------------------------------------------------------------------------------------------------------------------------------------------------------------------+
; Failed Upgrade IP Components                                                                                                                                                     ;
+-------------+----------------+---------+-------------------------------------+----------------------+-----------------+----------------------------------------------------------+
; Entity Name ; Component Name ; Version ; Original Source File                ; Generation File Path ; New Source File ; Message                                                  ;
+-------------+----------------+---------+-------------------------------------+----------------------+-----------------+----------------------------------------------------------+
; audio_nios  ; Qsys           ; 13.1    ; audio_nios/synthesis/audio_nios.qip ; audio_nios.qsys      ;                 ; Error upgrading Platform Designer file "audio_nios.qsys" ;
+-------------+----------------+---------+-------------------------------------+----------------------+-----------------+----------------------------------------------------------+


+---------------------+
; IP Upgrade Messages ;
+---------------------+
Info (11902): Backing up file "audio_nios.qsys" to "audio_nios.BAK.qsys"
Info (11902): Backing up file "audio_nios/synthesis/audio_nios.v" to "audio_nios.BAK.v"
Info (11837): Started upgrading IP component Qsys with file "audio_nios.qsys"
Info: 2025.10.18.14:00:59 Info: Starting to upgrade the IP cores in the Platform Designer system
Info: 2025.10.18.14:00:59 Info: Upgrading from core type Nios II (Classic) Processor with version 13.1 to core type Nios II Processor with version 17.1
Info: 2025.10.18.14:01:00 Info: Migration Successful
Info: 2025.10.18.14:01:00 Info: Finished upgrading the ip cores
Info: 2025.10.18.14:01:10 Info: Saving generation log to E:/CodingSpace/SDDD/Lab3/audio_nios
Info: 2025.10.18.14:01:10 Info: Starting: Create simulation model
Info: 2025.10.18.14:01:10 Info: qsys-generate E:\CodingSpace\SDDD\Lab3\audio_nios.qsys --simulation=VERILOG --allow-mixed-language-simulation --output-directory=E:\CodingSpace\SDDD\Lab3\audio_nios\simulation --family="Cyclone V" --part=5CSEMA5F31C6
Info: 2025.10.18.14:01:10 Info: Loading Lab3
Info: 2025.10.18.14:01:11 Info: Reading input file
Info: 2025.10.18.14:01:11 Info: Adding altpll_audio [altera_pll 17.1]
Info: 2025.10.18.14:01:11 Info: Parameterizing module altpll_audio
Info: 2025.10.18.14:01:11 Info: Adding audio [AUDIO_IF 1.0]
Info: 2025.10.18.14:01:11 Info: Parameterizing module audio
Info: 2025.10.18.14:01:11 Info: Adding clk_50 [clock_source 17.1]
Info: 2025.10.18.14:01:11 Info: Parameterizing module clk_50
Info: 2025.10.18.14:01:11 Info: Adding cpu [altera_nios2_gen2 17.1]
Info: 2025.10.18.14:01:11 Info: Parameterizing module cpu
Info: 2025.10.18.14:01:11 Info: Adding cpu_peripheral_bridge [altera_avalon_mm_clock_crossing_bridge 17.1]
Info: 2025.10.18.14:01:11 Info: Parameterizing module cpu_peripheral_bridge
Info: 2025.10.18.14:01:11 Info: Adding i2c_scl [altera_avalon_pio 17.1]
Info: 2025.10.18.14:01:11 Info: Parameterizing module i2c_scl
Info: 2025.10.18.14:01:11 Info: Adding i2c_sda [altera_avalon_pio 17.1]
Info: 2025.10.18.14:01:11 Info: Parameterizing module i2c_sda
Info: 2025.10.18.14:01:11 Info: Adding jtag_uart [altera_avalon_jtag_uart 17.1]
Info: 2025.10.18.14:01:11 Info: Parameterizing module jtag_uart
Info: 2025.10.18.14:01:11 Info: Adding key [altera_avalon_pio 17.1]
Info: 2025.10.18.14:01:11 Info: Parameterizing module key
Info: 2025.10.18.14:01:11 Info: Adding onchip_memory2 [altera_avalon_onchip_memory2 17.1]
Info: 2025.10.18.14:01:11 Info: Parameterizing module onchip_memory2
Info: 2025.10.18.14:01:11 Info: Adding pio_led [altera_avalon_pio 17.1]
Info: 2025.10.18.14:01:11 Info: Parameterizing module pio_led
Info: 2025.10.18.14:01:11 Info: Adding pll [altera_pll 17.1]
Info: 2025.10.18.14:01:11 Info: Parameterizing module pll
Info: 2025.10.18.14:01:11 Info: Adding sdram [altera_avalon_new_sdram_controller 17.1]
Info: 2025.10.18.14:01:11 Info: Parameterizing module sdram
Info: 2025.10.18.14:01:11 Info: Adding seg7 [SEG7_IF 1.0]
Info: 2025.10.18.14:01:11 Info: Parameterizing module seg7
Info: 2025.10.18.14:01:11 Info: Adding sw [altera_avalon_pio 17.1]
Info: 2025.10.18.14:01:11 Info: Parameterizing module sw
Info: 2025.10.18.14:01:11 Info: Adding sysid_qsys [altera_avalon_sysid_qsys 17.1]
Info: 2025.10.18.14:01:11 Info: Parameterizing module sysid_qsys
Info: 2025.10.18.14:01:11 Info: Adding timer [altera_avalon_timer 17.1]
Info: 2025.10.18.14:01:11 Info: Parameterizing module timer
Info: 2025.10.18.14:01:11 Info: Building connections
Info: 2025.10.18.14:01:11 Info: Parameterizing connections
Info: 2025.10.18.14:01:11 Info: Validating
Info: 2025.10.18.14:01:12 Info: Done reading input file
Info: 2025.10.18.14:01:15 Info: audio_nios.altpll_audio: The legal reference clock frequency is 50.0 MHz..800.0 MHz
Info: 2025.10.18.14:01:15 Info: audio_nios.altpll_audio: Able to implement PLL with user settings
Info: 2025.10.18.14:01:15 Info: audio_nios.i2c_sda: PIO inputs are not hardwired in test bench. Undefined values will be read from PIO inputs during simulation.
Info: 2025.10.18.14:01:15 Info: audio_nios.jtag_uart: JTAG UART IP input clock need to be at least double (2x) the operating frequency of JTAG TCK on board
Info: 2025.10.18.14:01:15 Info: audio_nios.key: PIO inputs are not hardwired in test bench. Undefined values will be read from PIO inputs during simulation.
Info: 2025.10.18.14:01:15 Info: audio_nios.pll: The legal reference clock frequency is 5.0 MHz..800.0 MHz
Info: 2025.10.18.14:01:15 Info: audio_nios.pll: Able to implement PLL with user settings
Info: 2025.10.18.14:01:15 Info: audio_nios.sdram: SDRAM Controller will only be supported in Quartus Prime Standard Edition in the future release.
Info: 2025.10.18.14:01:15 Info: audio_nios.sw: PIO inputs are not hardwired in test bench. Undefined values will be read from PIO inputs during simulation.
Info: 2025.10.18.14:01:15 Info: audio_nios.sysid_qsys: System ID is not assigned automatically. Edit the System ID parameter to provide a unique ID
Info: 2025.10.18.14:01:15 Info: audio_nios.sysid_qsys: Time stamp will be automatically updated when this component is generated.
Info: 2025.10.18.14:01:15 Info: audio_nios: Generating audio_nios "audio_nios" for SIM_VERILOG
Info: 2025.10.18.14:01:19 Info: Inserting clock-crossing logic between cmd_demux.src1 and cmd_mux_001.sink0
Info: 2025.10.18.14:01:19 Info: Inserting clock-crossing logic between rsp_demux_001.src0 and rsp_mux.sink1
Info: 2025.10.18.14:01:26 Info: altpll_audio: Generating simgen model
Info: 2025.10.18.14:01:39 Info: altpll_audio: Simgen was successful
Info: 2025.10.18.14:01:40 Info: altpll_audio: "audio_nios" instantiated altera_pll "altpll_audio"
Error: 2025.10.18.14:01:40 Error: audio: AUDIO_IF does not support generation for Verilog Simulation. Generation is available for: Quartus Synthesis.
Error: 2025.10.18.14:01:40 Error: Generation stopped, 23 or more modules remaining
Info: 2025.10.18.14:01:40 Info: audio_nios: Done "audio_nios" with 22 modules, 2 files
Error: 2025.10.18.14:01:40 Error: qsys-generate failed with exit code 1: 2 Errors, 0 Warnings
Info: 2025.10.18.14:01:40 Info: Finished: Create simulation model
Info: 2025.10.18.14:01:40 Info: Starting: Create Modelsim Project.
Info: 2025.10.18.14:01:40 Info: sim-script-gen --spd=E:\CodingSpace\SDDD\Lab3\audio_nios\audio_nios.spd --output-directory=E:/CodingSpace/SDDD/Lab3/audio_nios/simulation
Info: 2025.10.18.14:01:40 Info: Doing: ip-make-simscript --spd=E:\CodingSpace\SDDD\Lab3\audio_nios\audio_nios.spd --output-directory=E:/CodingSpace/SDDD/Lab3/audio_nios/simulation
Info: 2025.10.18.14:01:42 Info: Generating the following file(s) for MODELSIM simulator in E:/CodingSpace/SDDD/Lab3/audio_nios/simulation
Info: 2025.10.18.14:01:42 Info:     mentor
Info: 2025.10.18.14:01:42 Info: Generating the following file(s) for VCS simulator in E:/CodingSpace/SDDD/Lab3/audio_nios/simulation
Info: 2025.10.18.14:01:42 Info:     synopsys/vcs
Info: 2025.10.18.14:01:42 Info: Generating the following file(s) for VCSMX simulator in E:/CodingSpace/SDDD/Lab3/audio_nios/simulation
Info: 2025.10.18.14:01:42 Info:     synopsys/vcsmx
Info: 2025.10.18.14:01:42 Info:     synopsys/vcsmx
Info: 2025.10.18.14:01:42 Info: Generating the following file(s) for NCSIM simulator in E:/CodingSpace/SDDD/Lab3/audio_nios/simulation
Info: 2025.10.18.14:01:42 Info:     cadence
Info: 2025.10.18.14:01:42 Info:     cadence
Info: 2025.10.18.14:01:42 Info:     cadence
Info: 2025.10.18.14:01:42 Info:     1 .cds.lib files in cadence/cds_libs
Info: 2025.10.18.14:01:42 Info: Generating the following file(s) for RIVIERA simulator in E:/CodingSpace/SDDD/Lab3/audio_nios/simulation
Info: 2025.10.18.14:01:42 Info:     aldec
Info: 2025.10.18.14:01:42 Info: For information on how to simulate your IP, see the explanatory comments in the simulator-specific subdirectories under E:/CodingSpace/SDDD/Lab3/audio_nios/simulation
Info: 2025.10.18.14:01:42 Info: Regenerate these scripts whenever you make any change to any Quartus-generated IP in your project.
Info: 2025.10.18.14:01:42 Info: Finished: Create Modelsim Project.
Info: 2025.10.18.14:01:42 Info: Starting: Create block symbol file (.bsf)
Info: 2025.10.18.14:01:42 Info: qsys-generate E:\CodingSpace\SDDD\Lab3\audio_nios.qsys --block-symbol-file --output-directory=E:\CodingSpace\SDDD\Lab3\audio_nios --family="Cyclone V" --part=5CSEMA5F31C6
Info: 2025.10.18.14:01:42 Info: Loading Lab3
Info: 2025.10.18.14:01:43 Info: Reading input file
Info: 2025.10.18.14:01:43 Info: Adding altpll_audio [altera_pll 17.1]
Info: 2025.10.18.14:01:43 Info: Parameterizing module altpll_audio
Info: 2025.10.18.14:01:43 Info: Adding audio [AUDIO_IF 1.0]
Info: 2025.10.18.14:01:43 Info: Parameterizing module audio
Info: 2025.10.18.14:01:43 Info: Adding clk_50 [clock_source 17.1]
Info: 2025.10.18.14:01:43 Info: Parameterizing module clk_50
Info: 2025.10.18.14:01:43 Info: Adding cpu [altera_nios2_gen2 17.1]
Info: 2025.10.18.14:01:43 Info: Parameterizing module cpu
Info: 2025.10.18.14:01:43 Info: Adding cpu_peripheral_bridge [altera_avalon_mm_clock_crossing_bridge 17.1]
Info: 2025.10.18.14:01:43 Info: Parameterizing module cpu_peripheral_bridge
Info: 2025.10.18.14:01:43 Info: Adding i2c_scl [altera_avalon_pio 17.1]
Info: 2025.10.18.14:01:43 Info: Parameterizing module i2c_scl
Info: 2025.10.18.14:01:43 Info: Adding i2c_sda [altera_avalon_pio 17.1]
Info: 2025.10.18.14:01:43 Info: Parameterizing module i2c_sda
Info: 2025.10.18.14:01:43 Info: Adding jtag_uart [altera_avalon_jtag_uart 17.1]
Info: 2025.10.18.14:01:43 Info: Parameterizing module jtag_uart
Info: 2025.10.18.14:01:43 Info: Adding key [altera_avalon_pio 17.1]
Info: 2025.10.18.14:01:43 Info: Parameterizing module key
Info: 2025.10.18.14:01:43 Info: Adding onchip_memory2 [altera_avalon_onchip_memory2 17.1]
Info: 2025.10.18.14:01:43 Info: Parameterizing module onchip_memory2
Info: 2025.10.18.14:01:43 Info: Adding pio_led [altera_avalon_pio 17.1]
Info: 2025.10.18.14:01:43 Info: Parameterizing module pio_led
Info: 2025.10.18.14:01:43 Info: Adding pll [altera_pll 17.1]
Info: 2025.10.18.14:01:43 Info: Parameterizing module pll
Info: 2025.10.18.14:01:43 Info: Adding sdram [altera_avalon_new_sdram_controller 17.1]
Info: 2025.10.18.14:01:43 Info: Parameterizing module sdram
Info: 2025.10.18.14:01:43 Info: Adding seg7 [SEG7_IF 1.0]
Info: 2025.10.18.14:01:43 Info: Parameterizing module seg7
Info: 2025.10.18.14:01:43 Info: Adding sw [altera_avalon_pio 17.1]
Info: 2025.10.18.14:01:43 Info: Parameterizing module sw
Info: 2025.10.18.14:01:43 Info: Adding sysid_qsys [altera_avalon_sysid_qsys 17.1]
Info: 2025.10.18.14:01:43 Info: Parameterizing module sysid_qsys
Info: 2025.10.18.14:01:43 Info: Adding timer [altera_avalon_timer 17.1]
Info: 2025.10.18.14:01:43 Info: Parameterizing module timer
Info: 2025.10.18.14:01:43 Info: Building connections
Info: 2025.10.18.14:01:43 Info: Parameterizing connections
Info: 2025.10.18.14:01:43 Info: Validating
Info: 2025.10.18.14:01:44 Info: Done reading input file
Info: 2025.10.18.14:01:45 Info: audio_nios.altpll_audio: The legal reference clock frequency is 50.0 MHz..800.0 MHz
Info: 2025.10.18.14:01:45 Info: audio_nios.altpll_audio: Able to implement PLL with user settings
Info: 2025.10.18.14:01:45 Info: audio_nios.i2c_sda: PIO inputs are not hardwired in test bench. Undefined values will be read from PIO inputs during simulation.
Info: 2025.10.18.14:01:45 Info: audio_nios.jtag_uart: JTAG UART IP input clock need to be at least double (2x) the operating frequency of JTAG TCK on board
Info: 2025.10.18.14:01:45 Info: audio_nios.key: PIO inputs are not hardwired in test bench. Undefined values will be read from PIO inputs during simulation.
Info: 2025.10.18.14:01:45 Info: audio_nios.pll: The legal reference clock frequency is 5.0 MHz..800.0 MHz
Info: 2025.10.18.14:01:45 Info: audio_nios.pll: Able to implement PLL with user settings
Info: 2025.10.18.14:01:45 Info: audio_nios.sdram: SDRAM Controller will only be supported in Quartus Prime Standard Edition in the future release.
Info: 2025.10.18.14:01:45 Info: audio_nios.sw: PIO inputs are not hardwired in test bench. Undefined values will be read from PIO inputs during simulation.
Info: 2025.10.18.14:01:45 Info: audio_nios.sysid_qsys: System ID is not assigned automatically. Edit the System ID parameter to provide a unique ID
Info: 2025.10.18.14:01:45 Info: audio_nios.sysid_qsys: Time stamp will be automatically updated when this component is generated.
Info: 2025.10.18.14:01:46 Info: qsys-generate succeeded.
Info: 2025.10.18.14:01:46 Info: Finished: Create block symbol file (.bsf)
Info: 2025.10.18.14:01:46 Info:
Info: 2025.10.18.14:01:46 Info: Starting: Create HDL design files for synthesis
Info: 2025.10.18.14:01:46 Info: qsys-generate E:\CodingSpace\SDDD\Lab3\audio_nios.qsys --synthesis=VERILOG --output-directory=E:\CodingSpace\SDDD\Lab3\audio_nios\synthesis --family="Cyclone V" --part=5CSEMA5F31C6
Info: 2025.10.18.14:01:46 Info: Loading Lab3
Info: 2025.10.18.14:01:47 Info: Reading input file
Info: 2025.10.18.14:01:47 Info: Adding altpll_audio [altera_pll 17.1]
Info: 2025.10.18.14:01:47 Info: Parameterizing module altpll_audio
Info: 2025.10.18.14:01:47 Info: Adding audio [AUDIO_IF 1.0]
Info: 2025.10.18.14:01:47 Info: Parameterizing module audio
Info: 2025.10.18.14:01:47 Info: Adding clk_50 [clock_source 17.1]
Info: 2025.10.18.14:01:47 Info: Parameterizing module clk_50
Info: 2025.10.18.14:01:47 Info: Adding cpu [altera_nios2_gen2 17.1]
Info: 2025.10.18.14:01:47 Info: Parameterizing module cpu
Info: 2025.10.18.14:01:47 Info: Adding cpu_peripheral_bridge [altera_avalon_mm_clock_crossing_bridge 17.1]
Info: 2025.10.18.14:01:47 Info: Parameterizing module cpu_peripheral_bridge
Info: 2025.10.18.14:01:47 Info: Adding i2c_scl [altera_avalon_pio 17.1]
Info: 2025.10.18.14:01:47 Info: Parameterizing module i2c_scl
Info: 2025.10.18.14:01:47 Info: Adding i2c_sda [altera_avalon_pio 17.1]
Info: 2025.10.18.14:01:47 Info: Parameterizing module i2c_sda
Info: 2025.10.18.14:01:47 Info: Adding jtag_uart [altera_avalon_jtag_uart 17.1]
Info: 2025.10.18.14:01:47 Info: Parameterizing module jtag_uart
Info: 2025.10.18.14:01:47 Info: Adding key [altera_avalon_pio 17.1]
Info: 2025.10.18.14:01:47 Info: Parameterizing module key
Info: 2025.10.18.14:01:47 Info: Adding onchip_memory2 [altera_avalon_onchip_memory2 17.1]
Info: 2025.10.18.14:01:47 Info: Parameterizing module onchip_memory2
Info: 2025.10.18.14:01:47 Info: Adding pio_led [altera_avalon_pio 17.1]
Info: 2025.10.18.14:01:47 Info: Parameterizing module pio_led
Info: 2025.10.18.14:01:47 Info: Adding pll [altera_pll 17.1]
Info: 2025.10.18.14:01:47 Info: Parameterizing module pll
Info: 2025.10.18.14:01:47 Info: Adding sdram [altera_avalon_new_sdram_controller 17.1]
Info: 2025.10.18.14:01:47 Info: Parameterizing module sdram
Info: 2025.10.18.14:01:47 Info: Adding seg7 [SEG7_IF 1.0]
Info: 2025.10.18.14:01:47 Info: Parameterizing module seg7
Info: 2025.10.18.14:01:47 Info: Adding sw [altera_avalon_pio 17.1]
Info: 2025.10.18.14:01:47 Info: Parameterizing module sw
Info: 2025.10.18.14:01:47 Info: Adding sysid_qsys [altera_avalon_sysid_qsys 17.1]
Info: 2025.10.18.14:01:47 Info: Parameterizing module sysid_qsys
Info: 2025.10.18.14:01:47 Info: Adding timer [altera_avalon_timer 17.1]
Info: 2025.10.18.14:01:47 Info: Parameterizing module timer
Info: 2025.10.18.14:01:47 Info: Building connections
Info: 2025.10.18.14:01:47 Info: Parameterizing connections
Info: 2025.10.18.14:01:47 Info: Validating
Info: 2025.10.18.14:01:48 Info: Done reading input file
Info: 2025.10.18.14:01:49 Info: audio_nios.altpll_audio: The legal reference clock frequency is 50.0 MHz..800.0 MHz
Info: 2025.10.18.14:01:49 Info: audio_nios.altpll_audio: Able to implement PLL with user settings
Info: 2025.10.18.14:01:49 Info: audio_nios.i2c_sda: PIO inputs are not hardwired in test bench. Undefined values will be read from PIO inputs during simulation.
Info: 2025.10.18.14:01:49 Info: audio_nios.jtag_uart: JTAG UART IP input clock need to be at least double (2x) the operating frequency of JTAG TCK on board
Info: 2025.10.18.14:01:49 Info: audio_nios.key: PIO inputs are not hardwired in test bench. Undefined values will be read from PIO inputs during simulation.
Info: 2025.10.18.14:01:49 Info: audio_nios.pll: The legal reference clock frequency is 5.0 MHz..800.0 MHz
Info: 2025.10.18.14:01:49 Info: audio_nios.pll: Able to implement PLL with user settings
Info: 2025.10.18.14:01:49 Info: audio_nios.sdram: SDRAM Controller will only be supported in Quartus Prime Standard Edition in the future release.
Info: 2025.10.18.14:01:49 Info: audio_nios.sw: PIO inputs are not hardwired in test bench. Undefined values will be read from PIO inputs during simulation.
Info: 2025.10.18.14:01:49 Info: audio_nios.sysid_qsys: System ID is not assigned automatically. Edit the System ID parameter to provide a unique ID
Info: 2025.10.18.14:01:49 Info: audio_nios.sysid_qsys: Time stamp will be automatically updated when this component is generated.
Info: 2025.10.18.14:01:57 Info: audio_nios: Generating audio_nios "audio_nios" for QUARTUS_SYNTH
Info: 2025.10.18.14:02:00 Info: Inserting clock-crossing logic between cmd_demux.src1 and cmd_mux_001.sink0
Info: 2025.10.18.14:02:00 Info: Inserting clock-crossing logic between rsp_demux_001.src0 and rsp_mux.sink1
Info: 2025.10.18.14:02:06 Info: altpll_audio: "audio_nios" instantiated altera_pll "altpll_audio"
Info: 2025.10.18.14:02:06 Info: audio: "audio_nios" instantiated AUDIO_IF "audio"
Info: 2025.10.18.14:02:08 Info: cpu: "audio_nios" instantiated altera_nios2_gen2 "cpu"
Info: 2025.10.18.14:02:08 Info: cpu_peripheral_bridge: "audio_nios" instantiated altera_avalon_mm_clock_crossing_bridge "cpu_peripheral_bridge"
Info: 2025.10.18.14:02:08 Info: i2c_scl: Starting RTL generation for module 'audio_nios_i2c_scl'
Info: 2025.10.18.14:02:08 Info: i2c_scl:   Generation command is [exec E:/intelfpga_lite/17.1/quartus/bin64/perl/bin/perl.exe -I E:/intelfpga_lite/17.1/quartus/bin64/perl/lib -I E:/intelfpga_lite/17.1/quartus/sopc_builder/bin/europa -I E:/intelfpga_lite/17.1/quartus/sopc_builder/bin/perl_lib -I E:/intelfpga_lite/17.1/quartus/sopc_builder/bin -I E:/intelfpga_lite/17.1/quartus/../ip/altera/sopc_builder_ip/common -I E:/intelfpga_lite/17.1/quartus/../ip/altera/sopc_builder_ip/altera_avalon_pio -- E:/intelfpga_lite/17.1/quartus/../ip/altera/sopc_builder_ip/altera_avalon_pio/generate_rtl.pl --name=audio_nios_i2c_scl --dir=C:/Users/843E~1/AppData/Local/Temp/alt0379_1819960864523078788.dir/0007_i2c_scl_gen/ --quartus_dir=E:/intelfpga_lite/17.1/quartus --verilog --config=C:/Users/843E~1/AppData/Local/Temp/alt0379_1819960864523078788.dir/0007_i2c_scl_gen/
Info: 2025.10.18.14:02:09 Info: i2c_scl: Done RTL generation for module 'audio_nios_i2c_scl'
Info: 2025.10.18.14:02:09 Info: i2c_scl: "audio_nios" instantiated altera_avalon_pio "i2c_scl"
Info: 2025.10.18.14:02:09 Info: i2c_sda: Starting RTL generation for module 'audio_nios_i2c_sda'
Info: 2025.10.18.14:02:09 Info: i2c_sda:   Generation command is [exec E:/intelfpga_lite/17.1/quartus/bin64/perl/bin/perl.exe -I E:/intelfpga_lite/17.1/quartus/bin64/perl/lib -I E:/intelfpga_lite/17.1/quartus/sopc_builder/bin/europa -I E:/intelfpga_lite/17.1/quartus/sopc_builder/bin/perl_lib -I E:/intelfpga_lite/17.1/quartus/sopc_builder/bin -I E:/intelfpga_lite/17.1/quartus/../ip/altera/sopc_builder_ip/common -I E:/intelfpga_lite/17.1/quartus/../ip/altera/sopc_builder_ip/altera_avalon_pio -- E:/intelfpga_lite/17.1/quartus/../ip/altera/sopc_builder_ip/altera_avalon_pio/generate_rtl.pl --name=audio_nios_i2c_sda --dir=C:/Users/843E~1/AppData/Local/Temp/alt0379_1819960864523078788.dir/0008_i2c_sda_gen/ --quartus_dir=E:/intelfpga_lite/17.1/quartus --verilog --config=C:/Users/843E~1/AppData/Local/Temp/alt0379_1819960864523078788.dir/0008_i2c_sda_gen/
Info: 2025.10.18.14:02:09 Info: i2c_sda: Done RTL generation for module 'audio_nios_i2c_sda'
Info: 2025.10.18.14:02:09 Info: i2c_sda: "audio_nios" instantiated altera_avalon_pio "i2c_sda"
Info: 2025.10.18.14:02:09 Info: jtag_uart: Starting RTL generation for module 'audio_nios_jtag_uart'
Info: 2025.10.18.14:02:09 Info: jtag_uart:   Generation command is [exec E:/intelfpga_lite/17.1/quartus/bin64/perl/bin/perl.exe -I E:/intelfpga_lite/17.1/quartus/bin64/perl/lib -I E:/intelfpga_lite/17.1/quartus/sopc_builder/bin/europa -I E:/intelfpga_lite/17.1/quartus/sopc_builder/bin/perl_lib -I E:/intelfpga_lite/17.1/quartus/sopc_builder/bin -I E:/intelfpga_lite/17.1/quartus/../ip/altera/sopc_builder_ip/common -I E:/intelfpga_lite/17.1/quartus/../ip/altera/sopc_builder_ip/altera_avalon_jtag_uart -- E:/intelfpga_lite/17.1/quartus/../ip/altera/sopc_builder_ip/altera_avalon_jtag_uart/generate_rtl.pl --name=audio_nios_jtag_uart --dir=C:/Users/843E~1/AppData/Local/Temp/alt0379_1819960864523078788.dir/0009_jtag_uart_gen/ --quartus_dir=E:/intelfpga_lite/17.1/quartus --verilog --config=C:/Users/843E~1/AppData/Local/Temp/alt0379_1819960864523078788.dir/0009_jtag_uart_gen/
Info: 2025.10.18.14:02:10 Info: jtag_uart: Done RTL generation for module 'audio_nios_jtag_uart'
Info: 2025.10.18.14:02:10 Info: jtag_uart: "audio_nios" instantiated altera_avalon_jtag_uart "jtag_uart"
Info: 2025.10.18.14:02:10 Info: key: Starting RTL generation for module 'audio_nios_key'
Info: 2025.10.18.14:02:10 Info: key:   Generation command is [exec E:/intelfpga_lite/17.1/quartus/bin64/perl/bin/perl.exe -I E:/intelfpga_lite/17.1/quartus/bin64/perl/lib -I E:/intelfpga_lite/17.1/quartus/sopc_builder/bin/europa -I E:/intelfpga_lite/17.1/quartus/sopc_builder/bin/perl_lib -I E:/intelfpga_lite/17.1/quartus/sopc_builder/bin -I E:/intelfpga_lite/17.1/quartus/../ip/altera/sopc_builder_ip/common -I E:/intelfpga_lite/17.1/quartus/../ip/altera/sopc_builder_ip/altera_avalon_pio -- E:/intelfpga_lite/17.1/quartus/../ip/altera/sopc_builder_ip/altera_avalon_pio/generate_rtl.pl --name=audio_nios_key --dir=C:/Users/843E~1/AppData/Local/Temp/alt0379_1819960864523078788.dir/0010_key_gen/ --quartus_dir=E:/intelfpga_lite/17.1/quartus --verilog --config=C:/Users/843E~1/AppData/Local/Temp/alt0379_1819960864523078788.dir/0010_key_gen/
Info: 2025.10.18.14:02:10 Info: key: Done RTL generation for module 'audio_nios_key'
Info: 2025.10.18.14:02:10 Info: key: "audio_nios" instantiated altera_avalon_pio "key"
Info: 2025.10.18.14:02:10 Info: onchip_memory2: Starting RTL generation for module 'audio_nios_onchip_memory2'
Info: 2025.10.18.14:02:10 Info: onchip_memory2:   Generation command is [exec E:/intelfpga_lite/17.1/quartus/bin64/perl/bin/perl.exe -I E:/intelfpga_lite/17.1/quartus/bin64/perl/lib -I E:/intelfpga_lite/17.1/quartus/sopc_builder/bin/europa -I E:/intelfpga_lite/17.1/quartus/sopc_builder/bin/perl_lib -I E:/intelfpga_lite/17.1/quartus/sopc_builder/bin -I E:/intelfpga_lite/17.1/quartus/../ip/altera/sopc_builder_ip/common -I E:/intelfpga_lite/17.1/quartus/../ip/altera/sopc_builder_ip/altera_avalon_onchip_memory2 -- E:/intelfpga_lite/17.1/quartus/../ip/altera/sopc_builder_ip/altera_avalon_onchip_memory2/generate_rtl.pl --name=audio_nios_onchip_memory2 --dir=C:/Users/843E~1/AppData/Local/Temp/alt0379_1819960864523078788.dir/0011_onchip_memory2_gen/ --quartus_dir=E:/intelfpga_lite/17.1/quartus --verilog --config=C:/Users/843E~1/AppData/Local/Temp/alt0379_1819960864523078788.dir/0011_onchip_memory2_gen/
Info: 2025.10.18.14:02:12 Info: onchip_memory2: Done RTL generation for module 'audio_nios_onchip_memory2'
Info: 2025.10.18.14:02:12 Info: onchip_memory2: "audio_nios" instantiated altera_avalon_onchip_memory2 "onchip_memory2"
Info: 2025.10.18.14:02:12 Info: pio_led: Starting RTL generation for module 'audio_nios_pio_led'
Info: 2025.10.18.14:02:12 Info: pio_led:   Generation command is [exec E:/intelfpga_lite/17.1/quartus/bin64/perl/bin/perl.exe -I E:/intelfpga_lite/17.1/quartus/bin64/perl/lib -I E:/intelfpga_lite/17.1/quartus/sopc_builder/bin/europa -I E:/intelfpga_lite/17.1/quartus/sopc_builder/bin/perl_lib -I E:/intelfpga_lite/17.1/quartus/sopc_builder/bin -I E:/intelfpga_lite/17.1/quartus/../ip/altera/sopc_builder_ip/common -I E:/intelfpga_lite/17.1/quartus/../ip/altera/sopc_builder_ip/altera_avalon_pio -- E:/intelfpga_lite/17.1/quartus/../ip/altera/sopc_builder_ip/altera_avalon_pio/generate_rtl.pl --name=audio_nios_pio_led --dir=C:/Users/843E~1/AppData/Local/Temp/alt0379_1819960864523078788.dir/0012_pio_led_gen/ --quartus_dir=E:/intelfpga_lite/17.1/quartus --verilog --config=C:/Users/843E~1/AppData/Local/Temp/alt0379_1819960864523078788.dir/0012_pio_led_gen/
Info: 2025.10.18.14:02:12 Info: pio_led: Done RTL generation for module 'audio_nios_pio_led'
Info: 2025.10.18.14:02:12 Info: pio_led: "audio_nios" instantiated altera_avalon_pio "pio_led"
Info: 2025.10.18.14:02:12 Info: pll: "audio_nios" instantiated altera_pll "pll"
Info: 2025.10.18.14:02:12 Info: sdram: Starting RTL generation for module 'audio_nios_sdram'
Info: 2025.10.18.14:02:12 Info: sdram:   Generation command is [exec E:/intelfpga_lite/17.1/quartus/bin64/perl/bin/perl.exe -I E:/intelfpga_lite/17.1/quartus/bin64/perl/lib -I E:/intelfpga_lite/17.1/quartus/sopc_builder/bin/europa -I E:/intelfpga_lite/17.1/quartus/sopc_builder/bin/perl_lib -I E:/intelfpga_lite/17.1/quartus/sopc_builder/bin -I E:/intelfpga_lite/17.1/quartus/../ip/altera/sopc_builder_ip/common -I E:/intelfpga_lite/17.1/quartus/../ip/altera/sopc_builder_ip/altera_avalon_new_sdram_controller -- E:/intelfpga_lite/17.1/quartus/../ip/altera/sopc_builder_ip/altera_avalon_new_sdram_controller/generate_rtl.pl --name=audio_nios_sdram --dir=C:/Users/843E~1/AppData/Local/Temp/alt0379_1819960864523078788.dir/0014_sdram_gen/ --quartus_dir=E:/intelfpga_lite/17.1/quartus --verilog --config=C:/Users/843E~1/AppData/Local/Temp/alt0379_1819960864523078788.dir/0014_sdram_gen/
Info: 2025.10.18.14:02:13 Info: sdram: Done RTL generation for module 'audio_nios_sdram'
Info: 2025.10.18.14:02:13 Info: sdram: "audio_nios" instantiated altera_avalon_new_sdram_controller "sdram"
Info: 2025.10.18.14:02:13 Info: seg7: "audio_nios" instantiated SEG7_IF "seg7"
Info: 2025.10.18.14:02:13 Info: sw: Starting RTL generation for module 'audio_nios_sw'
Info: 2025.10.18.14:02:13 Info: sw:   Generation command is [exec E:/intelfpga_lite/17.1/quartus/bin64/perl/bin/perl.exe -I E:/intelfpga_lite/17.1/quartus/bin64/perl/lib -I E:/intelfpga_lite/17.1/quartus/sopc_builder/bin/europa -I E:/intelfpga_lite/17.1/quartus/sopc_builder/bin/perl_lib -I E:/intelfpga_lite/17.1/quartus/sopc_builder/bin -I E:/intelfpga_lite/17.1/quartus/../ip/altera/sopc_builder_ip/common -I E:/intelfpga_lite/17.1/quartus/../ip/altera/sopc_builder_ip/altera_avalon_pio -- E:/intelfpga_lite/17.1/quartus/../ip/altera/sopc_builder_ip/altera_avalon_pio/generate_rtl.pl --name=audio_nios_sw --dir=C:/Users/843E~1/AppData/Local/Temp/alt0379_1819960864523078788.dir/0016_sw_gen/ --quartus_dir=E:/intelfpga_lite/17.1/quartus --verilog --config=C:/Users/843E~1/AppData/Local/Temp/alt0379_1819960864523078788.dir/0016_sw_gen/
Info: 2025.10.18.14:02:13 Info: sw: Done RTL generation for module 'audio_nios_sw'
Info: 2025.10.18.14:02:14 Info: sw: "audio_nios" instantiated altera_avalon_pio "sw"
Info: 2025.10.18.14:02:14 Info: sysid_qsys: "audio_nios" instantiated altera_avalon_sysid_qsys "sysid_qsys"
Info: 2025.10.18.14:02:14 Info: timer: Starting RTL generation for module 'audio_nios_timer'
Info: 2025.10.18.14:02:14 Info: timer:   Generation command is [exec E:/intelFPGA_lite/17.1/quartus/bin64//perl/bin/perl.exe -I E:/intelFPGA_lite/17.1/quartus/bin64//perl/lib -I E:/intelfpga_lite/17.1/quartus/sopc_builder/bin/europa -I E:/intelfpga_lite/17.1/quartus/sopc_builder/bin/perl_lib -I E:/intelfpga_lite/17.1/quartus/sopc_builder/bin -I E:/intelfpga_lite/17.1/quartus/../ip/altera/sopc_builder_ip/common -I E:/intelfpga_lite/17.1/quartus/../ip/altera/sopc_builder_ip/altera_avalon_timer -- E:/intelfpga_lite/17.1/quartus/../ip/altera/sopc_builder_ip/altera_avalon_timer/generate_rtl.pl --name=audio_nios_timer --dir=C:/Users/843E~1/AppData/Local/Temp/alt0379_1819960864523078788.dir/0018_timer_gen/ --quartus_dir=E:/intelfpga_lite/17.1/quartus --verilog --config=C:/Users/843E~1/AppData/Local/Temp/alt0379_1819960864523078788.dir/0018_timer_gen/
Info: 2025.10.18.14:02:14 Info: timer: Done RTL generation for module 'audio_nios_timer'
Info: 2025.10.18.14:02:14 Info: timer: "audio_nios" instantiated altera_avalon_timer "timer"
Info: 2025.10.18.14:02:21 Info: avalon_st_adapter: Inserting error_adapter: error_adapter_0
Info: 2025.10.18.14:02:22 Info: avalon_st_adapter_001: Inserting error_adapter: error_adapter_0
Info: 2025.10.18.14:02:22 Info: avalon_st_adapter_002: Inserting error_adapter: error_adapter_0
Info: 2025.10.18.14:02:23 Info: avalon_st_adapter_003: Inserting error_adapter: error_adapter_0
Info: 2025.10.18.14:02:23 Info: avalon_st_adapter_004: Inserting error_adapter: error_adapter_0
Info: 2025.10.18.14:02:24 Info: avalon_st_adapter_005: Inserting error_adapter: error_adapter_0
Info: 2025.10.18.14:02:25 Info: avalon_st_adapter_006: Inserting error_adapter: error_adapter_0
Info: 2025.10.18.14:02:25 Info: avalon_st_adapter_007: Inserting error_adapter: error_adapter_0
Info: 2025.10.18.14:02:30 Info: mm_interconnect_0: "audio_nios" instantiated altera_mm_interconnect "mm_interconnect_0"
Info: 2025.10.18.14:02:35 Info: avalon_st_adapter: Inserting error_adapter: error_adapter_0
Info: 2025.10.18.14:02:35 Info: avalon_st_adapter_001: Inserting error_adapter: error_adapter_0
Info: 2025.10.18.14:02:35 Info: avalon_st_adapter_002: Inserting error_adapter: error_adapter_0
Info: 2025.10.18.14:02:36 Info: avalon_st_adapter_003: Inserting error_adapter: error_adapter_0
Info: 2025.10.18.14:02:36 Info: avalon_st_adapter_004: Inserting error_adapter: error_adapter_0
Info: 2025.10.18.14:02:37 Info: avalon_st_adapter_005: Inserting error_adapter: error_adapter_0
Info: 2025.10.18.14:02:41 Info: mm_interconnect_1: "audio_nios" instantiated altera_mm_interconnect "mm_interconnect_1"
Info: 2025.10.18.14:02:41 Info: irq_mapper: "audio_nios" instantiated altera_irq_mapper "irq_mapper"
Info: 2025.10.18.14:02:41 Info: irq_synchronizer: "audio_nios" instantiated altera_irq_clock_crosser "irq_synchronizer"
Info: 2025.10.18.14:02:41 Info: rst_controller: "audio_nios" instantiated altera_reset_controller "rst_controller"
Info: 2025.10.18.14:02:41 Info: cpu: Starting RTL generation for module 'audio_nios_cpu_cpu'
Info: 2025.10.18.14:02:41 Info: cpu:   Generation command is [exec E:/intelFPGA_lite/17.1/quartus/bin64//eperlcmd.exe -I E:/intelFPGA_lite/17.1/quartus/bin64//perl/lib -I E:/intelfpga_lite/17.1/quartus/sopc_builder/bin/europa -I E:/intelfpga_lite/17.1/quartus/sopc_builder/bin/perl_lib -I E:/intelfpga_lite/17.1/quartus/sopc_builder/bin -I E:/intelfpga_lite/17.1/quartus/../ip/altera/nios2_ip/altera_nios2_gen2/cpu_lib -I E:/intelfpga_lite/17.1/quartus/../ip/altera/nios2_ip/altera_nios2_gen2/nios_lib -I E:/intelfpga_lite/17.1/quartus/../ip/altera/nios2_ip/altera_nios2_gen2 -I E:/intelfpga_lite/17.1/quartus/../ip/altera/nios2_ip/altera_nios2_gen2 -- E:/intelfpga_lite/17.1/quartus/../ip/altera/nios2_ip/altera_nios2_gen2/generate_rtl.epl --name=audio_nios_cpu_cpu --dir=C:/Users/843E~1/AppData/Local/Temp/alt0379_1819960864523078788.dir/0022_cpu_gen/ --quartus_bindir=E:/intelFPGA_lite/17.1/quartus/bin64/ --verilog --config=C:/Users/843E~1/AppData/Local/Temp/alt0379_1819960864523078788.dir/0022_cpu_gen/
Info: 2025.10.18.14:02:49 Info: cpu: # 2025.10.18 13:02:43 (*) Starting Nios II generation
Info: 2025.10.18.14:02:49 Info: cpu: # 2025.10.18 13:02:43 (*)   Checking for plaintext license.
Info: 2025.10.18.14:02:49 Info: cpu: # 2025.10.18 13:02:43 (*)   Couldn't query license setup in Quartus directory E:/intelFPGA_lite/17.1/quartus/bin64
Info: 2025.10.18.14:02:49 Info: cpu: # 2025.10.18 13:02:43 (*)   Defaulting to contents of LM_LICENSE_FILE environment variable
Info: 2025.10.18.14:02:49 Info: cpu: # 2025.10.18 13:02:43 (*)   LM_LICENSE_FILE environment variable is empty
Info: 2025.10.18.14:02:49 Info: cpu: # 2025.10.18 13:02:43 (*)   Plaintext license not found.
Info: 2025.10.18.14:02:49 Info: cpu: # 2025.10.18 13:02:43 (*)   Checking for encrypted license (non-evaluation).
Info: 2025.10.18.14:02:49 Info: cpu: # 2025.10.18 13:02:44 (*)   Couldn't query license setup in Quartus directory E:/intelFPGA_lite/17.1/quartus/bin64
Info: 2025.10.18.14:02:49 Info: cpu: # 2025.10.18 13:02:44 (*)   Defaulting to contents of LM_LICENSE_FILE environment variable
Info: 2025.10.18.14:02:49 Info: cpu: # 2025.10.18 13:02:44 (*)   LM_LICENSE_FILE environment variable is empty
Info: 2025.10.18.14:02:49 Info: cpu: # 2025.10.18 13:02:44 (*)   Encrypted license not found.  Defaulting to OCP evaluation license (produces a time-limited SOF)
Info: 2025.10.18.14:02:49 Info: cpu: # 2025.10.18 13:02:44 (*)   Elaborating CPU configuration settings
Info: 2025.10.18.14:02:49 Info: cpu: # 2025.10.18 13:02:44 (*)   Creating all objects for CPU
Info: 2025.10.18.14:02:49 Info: cpu: # 2025.10.18 13:02:44 (*)     Testbench
Info: 2025.10.18.14:02:49 Info: cpu: # 2025.10.18 13:02:44 (*)     Instruction decoding
Info: 2025.10.18.14:02:49 Info: cpu: # 2025.10.18 13:02:44 (*)       Instruction fields
Info: 2025.10.18.14:02:49 Info: cpu: # 2025.10.18 13:02:44 (*)       Instruction decodes
Info: 2025.10.18.14:02:49 Info: cpu: # 2025.10.18 13:02:44 (*)       Signals for RTL simulation waveforms
Info: 2025.10.18.14:02:49 Info: cpu: # 2025.10.18 13:02:44 (*)       Instruction controls
Info: 2025.10.18.14:02:49 Info: cpu: # 2025.10.18 13:02:44 (*)     Pipeline frontend
Info: 2025.10.18.14:02:49 Info: cpu: # 2025.10.18 13:02:44 (*)     Pipeline backend
Info: 2025.10.18.14:02:49 Info: cpu: # 2025.10.18 13:02:47 (*)   Generating RTL from CPU objects
Info: 2025.10.18.14:02:49 Info: cpu: # 2025.10.18 13:02:48 (*)   Creating encrypted RTL
Info: 2025.10.18.14:02:49 Info: cpu: # 2025.10.18 13:02:49 (*) Done Nios II generation
Info: 2025.10.18.14:02:49 Info: cpu: Done RTL generation for module 'audio_nios_cpu_cpu'
Info: 2025.10.18.14:02:49 Info: cpu: "cpu" instantiated altera_nios2_gen2_unit "cpu"
Info: 2025.10.18.14:02:49 Info: cpu_data_master_translator: "mm_interconnect_0" instantiated altera_merlin_master_translator "cpu_data_master_translator"
Info: 2025.10.18.14:02:49 Info: jtag_uart_avalon_jtag_slave_translator: "mm_interconnect_0" instantiated altera_merlin_slave_translator "jtag_uart_avalon_jtag_slave_translator"
Info: 2025.10.18.14:02:49 Info: cpu_data_master_agent: "mm_interconnect_0" instantiated altera_merlin_master_agent "cpu_data_master_agent"
Info: 2025.10.18.14:02:49 Info: jtag_uart_avalon_jtag_slave_agent: "mm_interconnect_0" instantiated altera_merlin_slave_agent "jtag_uart_avalon_jtag_slave_agent"
Info: 2025.10.18.14:02:49 Info: jtag_uart_avalon_jtag_slave_agent_rsp_fifo: "mm_interconnect_0" instantiated altera_avalon_sc_fifo "jtag_uart_avalon_jtag_slave_agent_rsp_fifo"
Info: 2025.10.18.14:02:49 Info: router: "mm_interconnect_0" instantiated altera_merlin_router "router"
Info: 2025.10.18.14:02:49 Info: router_001: "mm_interconnect_0" instantiated altera_merlin_router "router_001"
Info: 2025.10.18.14:02:49 Info: router_002: "mm_interconnect_0" instantiated altera_merlin_router "router_002"
Info: 2025.10.18.14:02:49 Info: router_005: "mm_interconnect_0" instantiated altera_merlin_router "router_005"
Info: 2025.10.18.14:02:49 Info: router_007: "mm_interconnect_0" instantiated altera_merlin_router "router_007"
Info: 2025.10.18.14:02:49 Info: cpu_data_master_limiter: "mm_interconnect_0" instantiated altera_merlin_traffic_limiter "cpu_data_master_limiter"
Info: 2025.10.18.14:02:49 Info: Reusing file E:/CodingSpace/SDDD/Lab3/audio_nios/synthesis/submodules
Info: 2025.10.18.14:02:49 Info: sdram_s1_burst_adapter: "mm_interconnect_0" instantiated altera_merlin_burst_adapter "sdram_s1_burst_adapter"
Info: 2025.10.18.14:02:49 Info: Reusing file E:/CodingSpace/SDDD/Lab3/audio_nios/synthesis/submodules
Info: 2025.10.18.14:02:50 Info: cmd_demux: "mm_interconnect_0" instantiated altera_merlin_demultiplexer "cmd_demux"
Info: 2025.10.18.14:02:50 Info: cmd_demux_001: "mm_interconnect_0" instantiated altera_merlin_demultiplexer "cmd_demux_001"
Info: 2025.10.18.14:02:50 Info: cmd_mux: "mm_interconnect_0" instantiated altera_merlin_multiplexer "cmd_mux"
Info: 2025.10.18.14:02:50 Info: cmd_mux_003: "mm_interconnect_0" instantiated altera_merlin_multiplexer "cmd_mux_003"
Info: 2025.10.18.14:02:50 Info: Reusing file E:/CodingSpace/SDDD/Lab3/audio_nios/synthesis/submodules
Info: 2025.10.18.14:02:50 Info: rsp_demux: "mm_interconnect_0" instantiated altera_merlin_demultiplexer "rsp_demux"
Info: 2025.10.18.14:02:50 Info: rsp_demux_001: "mm_interconnect_0" instantiated altera_merlin_demultiplexer "rsp_demux_001"
Info: 2025.10.18.14:02:50 Info: rsp_demux_003: "mm_interconnect_0" instantiated altera_merlin_demultiplexer "rsp_demux_003"
Info: 2025.10.18.14:02:50 Info: rsp_mux: "mm_interconnect_0" instantiated altera_merlin_multiplexer "rsp_mux"
Info: 2025.10.18.14:02:50 Info: Reusing file E:/CodingSpace/SDDD/Lab3/audio_nios/synthesis/submodules
Info: 2025.10.18.14:02:50 Info: rsp_mux_001: "mm_interconnect_0" instantiated altera_merlin_multiplexer "rsp_mux_001"
Info: 2025.10.18.14:02:50 Info: Reusing file E:/CodingSpace/SDDD/Lab3/audio_nios/synthesis/submodules
Info: 2025.10.18.14:02:50 Info: sdram_s1_rsp_width_adapter: "mm_interconnect_0" instantiated altera_merlin_width_adapter "sdram_s1_rsp_width_adapter"
Info: 2025.10.18.14:02:50 Info: Reusing file E:/CodingSpace/SDDD/Lab3/audio_nios/synthesis/submodules
Info: 2025.10.18.14:02:50 Info: Reusing file E:/CodingSpace/SDDD/Lab3/audio_nios/synthesis/submodules
Info: 2025.10.18.14:02:50 Info: crosser: "mm_interconnect_0" instantiated altera_avalon_st_handshake_clock_crosser "crosser"
Info: 2025.10.18.14:02:50 Info: Reusing file E:/CodingSpace/SDDD/Lab3/audio_nios/synthesis/submodules
Info: 2025.10.18.14:02:50 Info: Reusing file E:/CodingSpace/SDDD/Lab3/audio_nios/synthesis/submodules
Info: 2025.10.18.14:02:51 Info: avalon_st_adapter: "mm_interconnect_0" instantiated altera_avalon_st_adapter "avalon_st_adapter"
Info: 2025.10.18.14:02:52 Info: avalon_st_adapter_005: "mm_interconnect_0" instantiated altera_avalon_st_adapter "avalon_st_adapter_005"
Info: 2025.10.18.14:02:52 Info: router: "mm_interconnect_1" instantiated altera_merlin_router "router"
Info: 2025.10.18.14:02:52 Info: router_001: "mm_interconnect_1" instantiated altera_merlin_router "router_001"
Info: 2025.10.18.14:02:52 Info: cmd_demux: "mm_interconnect_1" instantiated altera_merlin_demultiplexer "cmd_demux"
Info: 2025.10.18.14:02:52 Info: cmd_mux: "mm_interconnect_1" instantiated altera_merlin_multiplexer "cmd_mux"
Info: 2025.10.18.14:02:52 Info: Reusing file E:/CodingSpace/SDDD/Lab3/audio_nios/synthesis/submodules
Info: 2025.10.18.14:02:52 Info: rsp_demux: "mm_interconnect_1" instantiated altera_merlin_demultiplexer "rsp_demux"
Info: 2025.10.18.14:02:52 Info: rsp_mux: "mm_interconnect_1" instantiated altera_merlin_multiplexer "rsp_mux"
Info: 2025.10.18.14:02:52 Info: Reusing file E:/CodingSpace/SDDD/Lab3/audio_nios/synthesis/submodules
Info: 2025.10.18.14:02:52 Info: error_adapter_0: "avalon_st_adapter" instantiated error_adapter "error_adapter_0"
Info: 2025.10.18.14:02:52 Info: error_adapter_0: "avalon_st_adapter_005" instantiated error_adapter "error_adapter_0"
Info: 2025.10.18.14:02:52 Info: audio_nios: Done "audio_nios" with 56 modules, 93 files
Info: 2025.10.18.14:02:52 Info: qsys-generate succeeded.
Info: 2025.10.18.14:02:52 Info: Finished: Create HDL design files for synthesis
Info (11904): Restoring file "audio_nios.BAK.qsys" to "audio_nios.qsys"
Error (14923): Error upgrading Platform Designer file "audio_nios.qsys"
Error (11890): Unable to automatically upgrade Platform Designer component. Please manually upgrade "audio_nios.qsys" in Platform Designer
Error (23031): Evaluation of Tcl script e:/intelfpga_lite/17.1/quartus/common/tcl/internal/ip_regen/ip_regen.tcl unsuccessful
Error: Quartus Prime Shell was unsuccessful. 6 errors, 0 warnings
    Error: Peak virtual memory: 4856 megabytes
    Error: Processing ended: Sat Oct 18 13:02:54 2025
    Error: Elapsed time: 00:02:27
    Error: Total CPU time (on all processors): 00:02:30


