15:10:56 **** Build of configuration Nios II for project Lab3_mousing_the_mouse ****
make all 
Info: Building ../Lab3_mousing_the_mouse_bsp/
G:/Programs/17.1/nios2eds/bin/gnu/H-x86_64-mingw32/bin/make --no-print-directory -C ../Lab3_mousing_the_mouse_bsp/
[BSP build complete]
Info: Compiling src/LED.c to obj/default/src/LED.o
nios2-elf-gcc -xc -MP -MMD -c -I../Lab3_mousing_the_mouse_bsp//newlib/nios2-elf/include -I../Lab3_mousing_the_mouse_bsp//HAL/inc -I../Lab3_mousing_the_mouse_bsp/ -I../Lab3_mousing_the_mouse_bsp//drivers/inc  -pipe -D__hal__ -DALT_NO_INSTRUCTION_EMULATION -DALT_SINGLE_THREADED    -O0 -g -Wall   -mno-hw-div -mhw-mul -mno-hw-mulx -mgpopt=global -fno-math-errno -mcustom-fabss=224 -mcustom-fadds=253 -mcustom-fcmpeqs=227 -mcustom-fcmpges=228 -mcustom-fcmpgts=229 -mcustom-fcmples=230 -mcustom-fcmplts=231 -mcustom-fcmpnes=226 -mcustom-fdivs=255 -mcustom-fixsi=249 -mcustom-floatis=250 -mcustom-fmuls=252 -mcustom-fnegs=225 -mcustom-fsubs=254  -o obj/default/src/LED.o src/LED.c
Info: Compiling src/SEG7.c to obj/default/src/SEG7.o
nios2-elf-gcc -xc -MP -MMD -c -I../Lab3_mousing_the_mouse_bsp//newlib/nios2-elf/include -I../Lab3_mousing_the_mouse_bsp//HAL/inc -I../Lab3_mousing_the_mouse_bsp/ -I../Lab3_mousing_the_mouse_bsp//drivers/inc  -pipe -D__hal__ -DALT_NO_INSTRUCTION_EMULATION -DALT_SINGLE_THREADED    -O0 -g -Wall   -mno-hw-div -mhw-mul -mno-hw-mulx -mgpopt=global -fno-math-errno -mcustom-fabss=224 -mcustom-fadds=253 -mcustom-fcmpeqs=227 -mcustom-fcmpges=228 -mcustom-fcmpgts=229 -mcustom-fcmples=230 -mcustom-fcmplts=231 -mcustom-fcmpnes=226 -mcustom-fdivs=255 -mcustom-fixsi=249 -mcustom-floatis=250 -mcustom-fmuls=252 -mcustom-fnegs=225 -mcustom-fsubs=254  -o obj/default/src/SEG7.o src/SEG7.c
Info: Compiling src/debug.c to obj/default/src/debug.o
nios2-elf-gcc -xc -MP -MMD -c -I../Lab3_mousing_the_mouse_bsp//newlib/nios2-elf/include -I../Lab3_mousing_the_mouse_bsp//HAL/inc -I../Lab3_mousing_the_mouse_bsp/ -I../Lab3_mousing_the_mouse_bsp//drivers/inc  -pipe -D__hal__ -DALT_NO_INSTRUCTION_EMULATION -DALT_SINGLE_THREADED    -O0 -g -Wall   -mno-hw-div -mhw-mul -mno-hw-mulx -mgpopt=global -fno-math-errno -mcustom-fabss=224 -mcustom-fadds=253 -mcustom-fcmpeqs=227 -mcustom-fcmpges=228 -mcustom-fcmpgts=229 -mcustom-fcmples=230 -mcustom-fcmplts=231 -mcustom-fcmpnes=226 -mcustom-fdivs=255 -mcustom-fixsi=249 -mcustom-floatis=250 -mcustom-fmuls=252 -mcustom-fnegs=225 -mcustom-fsubs=254  -o obj/default/src/debug.o src/debug.c
src/debug.c: In function 'myprintf_hex_array':
src/debug.c:72:17: warning: pointer targets in passing argument 1 of 'sprintf' differ in signedness [-Wpointer-sign]
         sprintf(szText, "[%02X]", *(pHex+i));
                 ^
In file included from ../Lab3_mousing_the_mouse_bsp//newlib/nios2-elf/include/stdio.h:29:0,
                 from src/debug.c:32:
../Lab3_mousing_the_mouse_bsp//newlib/nios2-elf/include/stdio.h:258:12: note: expected 'char * restrict' but argument is of type 'unsigned char *'
 int _EXFUN(sprintf, (char *__restrict, const char *__restrict, ...)
            ^
../Lab3_mousing_the_mouse_bsp//newlib/nios2-elf/include/_ansi.h:65:30: note: in definition of macro '_EXFUN'
 #define _EXFUN(name, proto)  name proto
                              ^
Info: Compiling src/main.c to obj/default/src/main.o
nios2-elf-gcc -xc -MP -MMD -c -I../Lab3_mousing_the_mouse_bsp//newlib/nios2-elf/include -I../Lab3_mousing_the_mouse_bsp//HAL/inc -I../Lab3_mousing_the_mouse_bsp/ -I../Lab3_mousing_the_mouse_bsp//drivers/inc  -pipe -D__hal__ -DALT_NO_INSTRUCTION_EMULATION -DALT_SINGLE_THREADED    -O0 -g -Wall   -mno-hw-div -mhw-mul -mno-hw-mulx -mgpopt=global -fno-math-errno -mcustom-fabss=224 -mcustom-fadds=253 -mcustom-fcmpeqs=227 -mcustom-fcmpges=228 -mcustom-fcmpgts=229 -mcustom-fcmples=230 -mcustom-fcmplts=231 -mcustom-fcmpnes=226 -mcustom-fdivs=255 -mcustom-fixsi=249 -mcustom-floatis=250 -mcustom-fmuls=252 -mcustom-fnegs=225 -mcustom-fsubs=254  -o obj/default/src/main.o src/main.c
src/main.c: In function 'main':
src/main.c:121:14: warning: unused variable 'dist' [-Wunused-variable]
        float dist = sqrtf(X_move*X_move + Y_move*Y_move);
              ^
Info: Compiling src/mouse.c to obj/default/src/mouse.o
nios2-elf-gcc -xc -MP -MMD -c -I../Lab3_mousing_the_mouse_bsp//newlib/nios2-elf/include -I../Lab3_mousing_the_mouse_bsp//HAL/inc -I../Lab3_mousing_the_mouse_bsp/ -I../Lab3_mousing_the_mouse_bsp//drivers/inc  -pipe -D__hal__ -DALT_NO_INSTRUCTION_EMULATION -DALT_SINGLE_THREADED    -O0 -g -Wall   -mno-hw-div -mhw-mul -mno-hw-mulx -mgpopt=global -fno-math-errno -mcustom-fabss=224 -mcustom-fadds=253 -mcustom-fcmpeqs=227 -mcustom-fcmpges=228 -mcustom-fcmpgts=229 -mcustom-fcmples=230 -mcustom-fcmplts=231 -mcustom-fcmpnes=226 -mcustom-fdivs=255 -mcustom-fixsi=249 -mcustom-floatis=250 -mcustom-fmuls=252 -mcustom-fnegs=225 -mcustom-fsubs=254  -o obj/default/src/mouse.o src/mouse.c
Info: Linking Lab3_mousing_the_mouse.elf
nios2-elf-g++  -T'../Lab3_mousing_the_mouse_bsp//linker.x' -msys-crt0='../Lab3_mousing_the_mouse_bsp//obj/HAL/src/crt0.o' -msys-lib=hal_bsp -L../Lab3_mousing_the_mouse_bsp/ -L../Lab3_mousing_the_mouse_bsp//newlib/nios2-elf/lib   -Wl,-Map=Lab3_mousing_the_mouse.map   -O0 -g -Wall   -mno-hw-div -mhw-mul -mno-hw-mulx -mgpopt=global -fno-math-errno -mcustom-fabss=224 -mcustom-fadds=253 -mcustom-fcmpeqs=227 -mcustom-fcmpges=228 -mcustom-fcmpgts=229 -mcustom-fcmples=230 -mcustom-fcmplts=231 -mcustom-fcmpnes=226 -mcustom-fdivs=255 -mcustom-fixsi=249 -mcustom-floatis=250 -mcustom-fmuls=252 -mcustom-fnegs=225 -mcustom-fsubs=254  -o Lab3_mousing_the_mouse.elf obj/default/src/LED.o obj/default/src/SEG7.o obj/default/src/debug.o obj/default/src/main.o obj/default/src/mouse.o -lm -msys-lib=m
nios2-elf-insert Lab3_mousing_the_mouse.elf --thread_model hal --cpu_name nios2_gen2_0 --qsys true --simulation_enabled false --id 0 --sidp 0x0 --timestamp 1760831205 --stderr_dev jtag_uart_0 --stdin_dev jtag_uart_0 --stdout_dev jtag_uart_0 --sopc_system_name laincore --quartus_project_dir "G:/CodingSpace/SystemDesignOfDigitalDevices/Lab3/Mouse" --jdi ../..//output_files/Mouse.jdi --sopcinfo G:/CodingSpace/SystemDesignOfDigitalDevices/Lab3/Mouse/software/Lab3_mousing_the_mouse_bsp/../../laincore.sopcinfo
Info: (Lab3_mousing_the_mouse.elf) 81 KBytes program size (code + initialized data).
Info:                              65527 KBytes free for stack + heap.
Info: Creating Lab3_mousing_the_mouse.objdump
nios2-elf-objdump --disassemble --syms --all-header --source Lab3_mousing_the_mouse.elf >Lab3_mousing_the_mouse.objdump
[Lab3_mousing_the_mouse build complete]
