Archive member included to satisfy reference by file (symbol)

g:/programs/17.1/nios2eds/bin/gnu/h-x86_64-mingw32/bin/../lib/gcc/nios2-elf/5.3.0\libgcc.a(lib2-divmod.o)
                              obj/default/SEG7.o (__udivsi3)
g:/programs/17.1/nios2eds/bin/gnu/h-x86_64-mingw32/bin/../lib/gcc/nios2-elf/5.3.0/../../../../../H-x86_64-mingw32/nios2-elf/lib\libc.a(lib_a-printf.o)
                              obj/default/debug.o (printf)
g:/programs/17.1/nios2eds/bin/gnu/h-x86_64-mingw32/bin/../lib/gcc/nios2-elf/5.3.0/../../../../../H-x86_64-mingw32/nios2-elf/lib\libc.a(lib_a-puts.o)
                              obj/default/main.o (puts)
g:/programs/17.1/nios2eds/bin/gnu/h-x86_64-mingw32/bin/../lib/gcc/nios2-elf/5.3.0/../../../../../H-x86_64-mingw32/nios2-elf/lib\libc.a(lib_a-sprintf.o)
                              obj/default/debug.o (sprintf)
g:/programs/17.1/nios2eds/bin/gnu/h-x86_64-mingw32/bin/../lib/gcc/nios2-elf/5.3.0/../../../../../H-x86_64-mingw32/nios2-elf/lib\libc.a(lib_a-strlen.o)
                              g:/programs/17.1/nios2eds/bin/gnu/h-x86_64-mingw32/bin/../lib/gcc/nios2-elf/5.3.0/../../../../../H-x86_64-mingw32/nios2-elf/lib\libc.a(lib_a-puts.o) (strlen)
g:/programs/17.1/nios2eds/bin/gnu/h-x86_64-mingw32/bin/../lib/gcc/nios2-elf/5.3.0/../../../../../H-x86_64-mingw32/nios2-elf/lib\libc.a(lib_a-svfprintf.o)
                              g:/programs/17.1/nios2eds/bin/gnu/h-x86_64-mingw32/bin/../lib/gcc/nios2-elf/5.3.0/../../../../../H-x86_64-mingw32/nios2-elf/lib\libc.a(lib_a-sprintf.o) (___svfprintf_internal_r)
g:/programs/17.1/nios2eds/bin/gnu/h-x86_64-mingw32/bin/../lib/gcc/nios2-elf/5.3.0/../../../../../H-x86_64-mingw32/nios2-elf/lib\libc.a(lib_a-vfprintf.o)
                              g:/programs/17.1/nios2eds/bin/gnu/h-x86_64-mingw32/bin/../lib/gcc/nios2-elf/5.3.0/../../../../../H-x86_64-mingw32/nios2-elf/lib\libc.a(lib_a-printf.o) (___vfprintf_internal_r)
g:/programs/17.1/nios2eds/bin/gnu/h-x86_64-mingw32/bin/../lib/gcc/nios2-elf/5.3.0/../../../../../H-x86_64-mingw32/nios2-elf/lib\libc.a(lib_a-vsnprintf.o)
                              obj/default/debug.o (vsnprintf)
g:/programs/17.1/nios2eds/bin/gnu/h-x86_64-mingw32/bin/../lib/gcc/nios2-elf/5.3.0/../../../../../H-x86_64-mingw32/nios2-elf/lib\libc.a(lib_a-wsetup.o)
                              g:/programs/17.1/nios2eds/bin/gnu/h-x86_64-mingw32/bin/../lib/gcc/nios2-elf/5.3.0/../../../../../H-x86_64-mingw32/nios2-elf/lib\libc.a(lib_a-vfprintf.o) (__swsetup_r)
g:/programs/17.1/nios2eds/bin/gnu/h-x86_64-mingw32/bin/../lib/gcc/nios2-elf/5.3.0/../../../../../H-x86_64-mingw32/nios2-elf/lib\libc.a(lib_a-dtoa.o)
                              g:/programs/17.1/nios2eds/bin/gnu/h-x86_64-mingw32/bin/../lib/gcc/nios2-elf/5.3.0/../../../../../H-x86_64-mingw32/nios2-elf/lib\libc.a(lib_a-svfprintf.o) (_dtoa_r)
g:/programs/17.1/nios2eds/bin/gnu/h-x86_64-mingw32/bin/../lib/gcc/nios2-elf/5.3.0/../../../../../H-x86_64-mingw32/nios2-elf/lib\libc.a(lib_a-fflush.o)
                              g:/programs/17.1/nios2eds/bin/gnu/h-x86_64-mingw32/bin/../lib/gcc/nios2-elf/5.3.0/../../../../../H-x86_64-mingw32/nios2-elf/lib\libc.a(lib_a-vfprintf.o) (_fflush_r)
g:/programs/17.1/nios2eds/bin/gnu/h-x86_64-mingw32/bin/../lib/gcc/nios2-elf/5.3.0/../../../../../H-x86_64-mingw32/nios2-elf/lib\libc.a(lib_a-findfp.o)
                              g:/programs/17.1/nios2eds/bin/gnu/h-x86_64-mingw32/bin/../lib/gcc/nios2-elf/5.3.0/../../../../../H-x86_64-mingw32/nios2-elf/lib\libc.a(lib_a-puts.o) (__sinit)
g:/programs/17.1/nios2eds/bin/gnu/h-x86_64-mingw32/bin/../lib/gcc/nios2-elf/5.3.0/../../../../../H-x86_64-mingw32/nios2-elf/lib\libc.a(lib_a-freer.o)
                              g:/programs/17.1/nios2eds/bin/gnu/h-x86_64-mingw32/bin/../lib/gcc/nios2-elf/5.3.0/../../../../../H-x86_64-mingw32/nios2-elf/lib\libc.a(lib_a-wsetup.o) (_free_r)
g:/programs/17.1/nios2eds/bin/gnu/h-x86_64-mingw32/bin/../lib/gcc/nios2-elf/5.3.0/../../../../../H-x86_64-mingw32/nios2-elf/lib\libc.a(lib_a-fvwrite.o)
                              g:/programs/17.1/nios2eds/bin/gnu/h-x86_64-mingw32/bin/../lib/gcc/nios2-elf/5.3.0/../../../../../H-x86_64-mingw32/nios2-elf/lib\libc.a(lib_a-puts.o) (__sfvwrite_r)
g:/programs/17.1/nios2eds/bin/gnu/h-x86_64-mingw32/bin/../lib/gcc/nios2-elf/5.3.0/../../../../../H-x86_64-mingw32/nios2-elf/lib\libc.a(lib_a-fwalk.o)
                              g:/programs/17.1/nios2eds/bin/gnu/h-x86_64-mingw32/bin/../lib/gcc/nios2-elf/5.3.0/../../../../../H-x86_64-mingw32/nios2-elf/lib\libc.a(lib_a-findfp.o) (_fwalk)
g:/programs/17.1/nios2eds/bin/gnu/h-x86_64-mingw32/bin/../lib/gcc/nios2-elf/5.3.0/../../../../../H-x86_64-mingw32/nios2-elf/lib\libc.a(lib_a-impure.o)
                              g:/programs/17.1/nios2eds/bin/gnu/h-x86_64-mingw32/bin/../lib/gcc/nios2-elf/5.3.0/../../../../../H-x86_64-mingw32/nios2-elf/lib\libc.a(lib_a-fflush.o) (_global_impure_ptr)
[...]
Memory Configuration

Name             Origin             Length             Attributes
sdram            0x0000000000000000 0x0000000004000000
reset            0x0000000005080000 0x0000000000000020
onchip_memory2   0x0000000005080020 0x000000000004e1e0
*default*        0x0000000000000000 0xffffffffffffffff

Linker script and memory map

LOAD ../DE1_SoC_Audio_bsp//obj/HAL/src/crt0.o
LOAD obj/default/.metadata/.plugins/org.eclipse.cdt.make.core/specs.o
LOAD obj/default/AUDIO.o
LOAD obj/default/I2C.o
LOAD obj/default/LED.o
LOAD obj/default/SEG7.o
LOAD obj/default/debug.o
LOAD obj/default/main.o
LOAD obj/default/.metadata/.plugins/org.eclipse.cdt.make.core/specs.o
LOAD g:/programs/17.1/nios2eds/bin/gnu/h-x86_64-mingw32/bin/../lib/gcc/nios2-elf/5.3.0/../../../../../H-x86_64-mingw32/nios2-elf/lib\libstdc++.a
LOAD g:/programs/17.1/nios2eds/bin/gnu/h-x86_64-mingw32/bin/../lib/gcc/nios2-elf/5.3.0/../../../../../H-x86_64-mingw32/nios2-elf/lib\libm.a
LOAD g:/programs/17.1/nios2eds/bin/gnu/h-x86_64-mingw32/bin/../lib/gcc/nios2-elf/5.3.0\libgcc.a
START GROUP
LOAD g:/programs/17.1/nios2eds/bin/gnu/h-x86_64-mingw32/bin/../lib/gcc/nios2-elf/5.3.0/../../../../../H-x86_64-mingw32/nios2-elf/lib\libc.a
LOAD g:/programs/17.1/nios2eds/bin/gnu/h-x86_64-mingw32/bin/../lib/gcc/nios2-elf/5.3.0\libgcc.a
LOAD ../DE1_SoC_Audio_bsp/\libhal_bsp.a
END GROUP
LOAD g:/programs/17.1/nios2eds/bin/gnu/h-x86_64-mingw32/bin/../lib/gcc/nios2-elf/5.3.0\libgcc.a
                0x0000000000000000                __alt_mem_sdram = 0x0
                0x0000000005080000                __alt_mem_onchip_memory2 = 0x5080000

.entry          0x0000000005080000       0x20
 *(.entry)
 .entry         0x0000000005080000       0x20 ../DE1_SoC_Audio_bsp//obj/HAL/src/crt0.o
                0x0000000005080000                __reset

.exceptions     0x0000000005080020      0x1a4
                0x0000000005080020                PROVIDE (__ram_exceptions_start, ABSOLUTE (.))
                0x0000000005080020                . = ALIGN (0x20)
 *(.irq)
 *(.exceptions.entry.label)
 .exceptions.entry.label
                0x0000000005080020        0x0 ../DE1_SoC_Audio_bsp/\libhal_bsp.a(alt_irq_entry.o)
                0x0000000005080020                alt_irq_entry
 .exceptions.entry.label
                0x0000000005080020        0x0 ../DE1_SoC_Audio_bsp/\libhal_bsp.a(alt_exception_entry.o)
                0x0000000005080020                alt_exception
 *(.exceptions.entry.user)
 *(.exceptions.entry.ecc_fatal)
 *(.exceptions.entry)
 .exceptions.entry
                0x0000000005080020       0x54 ../DE1_SoC_Audio_bsp/\libhal_bsp.a(alt_exception_entry.o)
 *(.exceptions.irqtest.user)
 *(.exceptions.irqtest)
 .exceptions.irqtest
                0x0000000005080074       0x10 ../DE1_SoC_Audio_bsp/\libhal_bsp.a(alt_irq_entry.o)
 *(.exceptions.irqhandler.user)
 *(.exceptions.irqhandler)
 .exceptions.irqhandler
                0x0000000005080084        0x4 ../DE1_SoC_Audio_bsp/\libhal_bsp.a(alt_irq_entry.o)
 *(.exceptions.irqreturn.user)
 *(.exceptions.irqreturn)
 .exceptions.irqreturn
                0x0000000005080088        0x4 ../DE1_SoC_Audio_bsp/\libhal_bsp.a(alt_irq_entry.o)
 *(.exceptions.notirq.label)
 .exceptions.notirq.label
                0x000000000508008c        0x0 ../DE1_SoC_Audio_bsp/\libhal_bsp.a(alt_irq_entry.o)
 *(.exceptions.notirq.user)
 *(.exceptions.notirq)
 .exceptions.notirq
                0x000000000508008c        0x8 ../DE1_SoC_Audio_bsp/\libhal_bsp.a(alt_exception_entry.o)
 *(.exceptions.soft.user)
 *(.exceptions.soft)
 *(.exceptions.unknown.user)
 *(.exceptions.unknown)
 .exceptions.unknown
                0x0000000005080094        0x4 ../DE1_SoC_Audio_bsp/\libhal_bsp.a(alt_exception_entry.o)
 *(.exceptions.exit.label)
 .exceptions.exit.label
                0x0000000005080098        0x0 ../DE1_SoC_Audio_bsp/\libhal_bsp.a(alt_irq_entry.o)
 .exceptions.exit.label
                0x0000000005080098        0x0 ../DE1_SoC_Audio_bsp/\libhal_bsp.a(alt_exception_entry.o)
 *(.exceptions.exit.user)
 *(.exceptions.exit)
 .exceptions.exit
                0x0000000005080098       0x54 ../DE1_SoC_Audio_bsp/\libhal_bsp.a(alt_exception_entry.o)
 *(.exceptions)
 .exceptions    0x00000000050800ec       0xd8 ../DE1_SoC_Audio_bsp/\libhal_bsp.a(alt_irq_handler.o)
                0x00000000050800ec                alt_irq_handler
                0x00000000050801c4                PROVIDE (__ram_exceptions_end, ABSOLUTE (.))
                0x0000000005080020                PROVIDE (__flash_exceptions_start, LOADADDR (.exceptions))

.text           0x00000000050801c4    0x1546c
                [!provide]                        PROVIDE (stext, ABSOLUTE (.))
 *(.interp)
 *(.hash)
 *(.dynsym)
 *(.dynstr)
 *(.gnu.version)
 *(.gnu.version_d)
 *(.gnu.version_r)
 *(.rel.init)
 *(.rela.init)
 *(.rel.text .rel.text.* .rel.gnu.linkonce.t.*)
 *(.rela.text .rela.text.* .rela.gnu.linkonce.t.*)
 *(.rel.fini)
 *(.rela.fini)
 *(.rel.rodata .rel.rodata.* .rel.gnu.linkonce.r.*)
 *(.rela.rodata .rela.rodata.* .rela.gnu.linkonce.r.*)
 *(.rel.data .rel.data.* .rel.gnu.linkonce.d.*)
 *(.rela.data .rela.data.* .rela.gnu.linkonce.d.*)
 *(.rel.tdata .rel.tdata.* .rel.gnu.linkonce.td.*)
 *(.rela.tdata .rela.tdata.* .rela.gnu.linkonce.td.*)
 *(.rel.tbss .rel.tbss.* .rel.gnu.linkonce.tb.*)
 *(.rela.tbss .rela.tbss.* .rela.gnu.linkonce.tb.*)
 *(.rel.ctors)
 *(.rela.ctors)
 *(.rel.dtors)
 *(.rela.dtors)
 *(.rel.got)
 *(.rela.got)
 *(.rel.sdata .rel.sdata.* .rel.gnu.linkonce.s.*)
 *(.rela.sdata .rela.sdata.* .rela.gnu.linkonce.s.*)
 *(.rel.sbss .rel.sbss.* .rel.gnu.linkonce.sb.*)
 *(.rela.sbss .rela.sbss.* .rela.gnu.linkonce.sb.*)
 *(.rel.sdata2 .rel.sdata2.* .rel.gnu.linkonce.s2.*)
 *(.rela.sdata2 .rela.sdata2.* .rela.gnu.linkonce.s2.*)
 *(.rel.sbss2 .rel.sbss2.* .rel.gnu.linkonce.sb2.*)
 *(.rela.sbss2 .rela.sbss2.* .rela.gnu.linkonce.sb2.*)
 *(.rel.bss .rel.bss.* .rel.gnu.linkonce.b.*)
 *(.rela.bss .rela.bss.* .rela.gnu.linkonce.b.*)
 *(.rel.plt)
 *(.rela.plt)
 *(.rel.dyn)
 *(.init)
 *(.plt)
 *(.text .stub .text.* .gnu.linkonce.t.*)
 .text          0x00000000050801c4       0x4c ../DE1_SoC_Audio_bsp//obj/HAL/src/crt0.o
                0x00000000050801c4                _start
 .text          0x0000000005080210        0x0 obj/default/.metadata/.plugins/org.eclipse.cdt.make.core/specs.o
 .text          0x0000000005080210      0xd40 obj/default/AUDIO.o
                0x0000000005080210                AUDIO_Init
                0x0000000005080398                AUDIO_InterfaceActive
                0x00000000050803e0                AUDIO_MicBoost
                0x0000000005080458                AUDIO_AdcEnableHighPassFilter
                0x00000000050804d0                AUDIO_DacDeemphasisControl
                0x0000000005080580                AUDIO_DacEnableZeroCross
                0x0000000005080660                AUDIO_DacEnableSoftMute
                0x00000000050806ec                AUDIO_MicMute
                0x0000000005080778                AUDIO_LineInMute
                0x0000000005080858                AUDIO_SetInputSource
                0x00000000050808e8                AUDIO_SetSampleRate
                0x00000000050809cc                AUDIO_SetLineInVol
                0x0000000005080ae0                AUDIO_SetLineOutVol
                0x0000000005080bf4                AUDIO_EnableByPass
                0x0000000005080c80                AUDIO_EnableSiteTone
                0x0000000005080d0c                aduio_RegWrite
                0x0000000005080e00                AUDIO_DacFifoNotFull
                0x0000000005080e3c                AUDIO_DacFifoSetData
                0x0000000005080e8c                AUDIO_AdcFifoNotEmpty
                0x0000000005080ec8                AUDIO_AdcFifoGetData
                0x0000000005080f20                AUDIO_FifoClear
 .text          0x0000000005080f50      0x728 obj/default/I2C.o
                0x0000000005080f50                I2C_Write
                0x000000000508104c                I2C_Read
                0x0000000005081170                I2C_MultipleRead
                0x00000000050812ec                i2c_start
                0x0000000005081378                i2c_stop
                0x00000000050813f0                i2c_write
                0x0000000005081520                i2c_read
 .text          0x0000000005081678      0x110 obj/default/LED.o
                0x0000000005081678                LED_Display
                0x00000000050816b4                LED_AllOn
                0x00000000050816e4                LED_AllOff
                0x0000000005081714                LED_LightCount
 .text          0x0000000005081788      0x2f0 obj/default/SEG7.o
                0x0000000005081788                SEG7_Clear
                0x00000000050817e8                SEG7_Full
                0x0000000005081848                SEG7_Number
                0x00000000050818bc                SEG7_Hex
                0x000000000508198c                SEG7_Decimal
 .text          0x0000000005081a78      0x1b8 obj/default/debug.o
                0x0000000005081a78                debug_output
                0x0000000005081aac                myprintf
                0x0000000005081b18                myprintf_hex_array
                0x0000000005081ba0                myprintf_dword_array
 .text          0x0000000005081c30      0xadc obj/default/main.o
                0x0000000005081c30                ui_is_mic_record
                0x0000000005081c6c                ui_is_mic_boost
                0x0000000005081ca8                ui_is_dac_zero_cross
                0x0000000005081ce4                ui_get_sample_rate
                0x0000000005081d8c                button_monitor_isr
                0x0000000005081df0                button_monitor_start
                0x0000000005081e74                init_audio
                0x0000000005081ffc                display_time_elapsed
                0x0000000005082050                show_power
                0x00000000050820e8                init
                0x0000000005082140                dump_record_data
                0x0000000005082250                show_menu
                0x00000000050822b4                main
 .text          0x000000000508270c        0x0 obj/default/.metadata/.plugins/org.eclipse.cdt.make.core/specs.o
 .text          0x000000000508270c      0x1b4 g:/programs/17.1/nios2eds/bin/gnu/h-x86_64-mingw32/bin/../lib/gcc/nios2-elf/5.3.0\libgcc.a(lib2-divmod.o)
                0x000000000508270c                __divsi3
                0x0000000005082790                __modsi3
                0x0000000005082804                __udivsi3
                0x0000000005082868                __umodsi3
 .text          0x00000000050828c0        0x0 g:/programs/17.1/nios2eds/bin/gnu/h-x86_64-mingw32/bin/../lib/gcc/nios2-elf/5.3.0/../../../../../H-x86_64-mingw32/nios2-elf/lib\libc.a(lib_a-printf.o)
 .text._printf_r
                0x00000000050828c0       0x30 g:/programs/17.1/nios2eds/bin/gnu/h-x86_64-mingw32/bin/../lib/gcc/nios2-elf/5.3.0/../../../../../H-x86_64-mingw32/nios2-elf/lib\libc.a(lib_a-printf.o)
                0x00000000050828c0                _printf_r
 .text.printf   0x00000000050828f0       0x3c g:/programs/17.1/nios2eds/bin/gnu/h-x86_64-mingw32/bin/../lib/gcc/nios2-elf/5.3.0/../../../../../H-x86_64-mingw32/nios2-elf/lib\libc.a(lib_a-printf.o)
                0x00000000050828f0                printf
 .text          0x000000000508292c        0x0 g:/programs/17.1/nios2eds/bin/gnu/h-x86_64-mingw32/bin/../lib/gcc/nios2-elf/5.3.0/../../../../../H-x86_64-mingw32/nios2-elf/lib\libc.a(lib_a-puts.o)
 .text._puts_r  0x000000000508292c       0xc0 g:/programs/17.1/nios2eds/bin/gnu/h-x86_64-mingw32/bin/../lib/gcc/nios2-elf/5.3.0/../../../../../H-x86_64-mingw32/nios2-elf/lib\libc.a(lib_a-puts.o)
                0x000000000508292c                _puts_r
 .text.puts     0x00000000050829ec       0x14 g:/programs/17.1/nios2eds/bin/gnu/h-x86_64-mingw32/bin/../lib/gcc/nios2-elf/5.3.0/../../../../../H-x86_64-mingw32/nios2-elf/lib\libc.a(lib_a-puts.o)
                0x00000000050829ec                puts
 .text          0x0000000005082a00        0x0 g:/programs/17.1/nios2eds/bin/gnu/h-x86_64-mingw32/bin/../lib/gcc/nios2-elf/5.3.0/../../../../../H-x86_64-mingw32/nios2-elf/lib\libc.a(lib_a-sprintf.o)
 .text._sprintf_r
                0x0000000005082a00       0x58 g:/programs/17.1/nios2eds/bin/gnu/h-x86_64-mingw32/bin/../lib/gcc/nios2-elf/5.3.0/../../../../../H-x86_64-mingw32/nios2-elf/lib\libc.a(lib_a-sprintf.o)
                0x0000000005082a00                _sprintf_r
 .text.sprintf  0x0000000005082a58       0x6c g:/programs/17.1/nios2eds/bin/gnu/h-x86_64-mingw32/bin/../lib/gcc/nios2-elf/5.3.0/../../../../../H-x86_64-mingw32/nios2-elf/lib\libc.a(lib_a-sprintf.o)
                0x0000000005082a58                sprintf
 .text          0x0000000005082ac4        0x0 g:/programs/17.1/nios2eds/bin/gnu/h-x86_64-mingw32/bin/../lib/gcc/nios2-elf/5.3.0/../../../../../H-x86_64-mingw32/nios2-elf/lib\libc.a(lib_a-strlen.o)
 .text.strlen   0x0000000005082ac4       0x98 g:/programs/17.1/nios2eds/bin/gnu/h-x86_64-mingw32/bin/../lib/gcc/nios2-elf/5.3.0/../../../../../H-x86_64-mingw32/nios2-elf/lib\libc.a(lib_a-strlen.o)
                0x0000000005082ac4                strlen
 .text          0x0000000005082b5c        0x0 g:/programs/17.1/nios2eds/bin/gnu/h-x86_64-mingw32/bin/../lib/gcc/nios2-elf/5.3.0/../../../../../H-x86_64-mingw32/nios2-elf/lib\libc.a(lib_a-svfprintf.o)
 .text.___svfprintf_internal_r
                0x0000000005082b5c     0x21d8 g:/programs/17.1/nios2eds/bin/gnu/h-x86_64-mingw32/bin/../lib/gcc/nios2-elf/5.3.0/../../../../../H-x86_64-mingw32/nios2-elf/lib\libc.a(lib_a-svfprintf.o)
                0x0000000005082b5c                ___svfprintf_internal_r
 .text          0x0000000005084d34        0x0 g:/programs/17.1/nios2eds/bin/gnu/h-x86_64-mingw32/bin/../lib/gcc/nios2-elf/5.3.0/../../../../../H-x86_64-mingw32/nios2-elf/lib\libc.a(lib_a-vfprintf.o)
 .text.___vfprintf_internal_r
                0x0000000005084d34     0x21f8 g:/programs/17.1/nios2eds/bin/gnu/h-x86_64-mingw32/bin/../lib/gcc/nios2-elf/5.3.0/../../../../../H-x86_64-mingw32/nios2-elf/lib\libc.a(lib_a-vfprintf.o)
                0x0000000005084d34                ___vfprintf_internal_r
 .text.__vfprintf_internal
                0x0000000005086f2c       0x1c g:/programs/17.1/nios2eds/bin/gnu/h-x86_64-mingw32/bin/../lib/gcc/nios2-elf/5.3.0/../../../../../H-x86_64-mingw32/nios2-elf/lib\libc.a(lib_a-vfprintf.o)
                0x0000000005086f2c                __vfprintf_internal
 .text.__sbprintf
                0x0000000005086f48       0xbc g:/programs/17.1/nios2eds/bin/gnu/h-x86_64-mingw32/bin/../lib/gcc/nios2-elf/5.3.0/../../../../../H-x86_64-mingw32/nios2-elf/lib\libc.a(lib_a-vfprintf.o)
 .text          0x0000000005087004        0x0 g:/programs/17.1/nios2eds/bin/gnu/h-x86_64-mingw32/bin/../lib/gcc/nios2-elf/5.3.0/../../../../../H-x86_64-mingw32/nios2-elf/lib\libc.a(lib_a-vsnprintf.o)
 .text._vsnprintf_r
                0x0000000005087004       0xf0 g:/programs/17.1/nios2eds/bin/gnu/h-x86_64-mingw32/bin/../lib/gcc/nios2-elf/5.3.0/../../../../../H-x86_64-mingw32/nios2-elf/lib\libc.a(lib_a-vsnprintf.o)
                0x0000000005087004                _vsnprintf_r
 .text.vsnprintf
                0x00000000050870f4       0x34 g:/programs/17.1/nios2eds/bin/gnu/h-x86_64-mingw32/bin/../lib/gcc/nios2-elf/5.3.0/../../../../../H-x86_64-mingw32/nios2-elf/lib\libc.a(lib_a-vsnprintf.o)
                0x00000000050870f4                vsnprintf
 .text          0x0000000005087128        0x0 g:/programs/17.1/nios2eds/bin/gnu/h-x86_64-mingw32/bin/../lib/gcc/nios2-elf/5.3.0/../../../../../H-x86_64-mingw32/nios2-elf/lib\libc.a(lib_a-wsetup.o)
 .text.__swsetup_r
                0x0000000005087128      0x154 g:/programs/17.1/nios2eds/bin/gnu/h-x86_64-mingw32/bin/../lib/gcc/nios2-elf/5.3.0/../../../../../H-x86_64-mingw32/nios2-elf/lib\libc.a(lib_a-wsetup.o)
                0x0000000005087128                __swsetup_r
 .text          0x000000000508727c        0x0 g:/programs/17.1/nios2eds/bin/gnu/h-x86_64-mingw32/bin/../lib/gcc/nios2-elf/5.3.0/../../../../../H-x86_64-mingw32/nios2-elf/lib\libc.a(lib_a-dtoa.o)
 .text.quorem   0x000000000508727c      0x200 g:/programs/17.1/nios2eds/bin/gnu/h-x86_64-mingw32/bin/../lib/gcc/nios2-elf/5.3.0/../../../../../H-x86_64-mingw32/nios2-elf/lib\libc.a(lib_a-dtoa.o)
 .text._dtoa_r  0x000000000508747c     0x1688 g:/programs/17.1/nios2eds/bin/gnu/h-x86_64-mingw32/bin/../lib/gcc/nios2-elf/5.3.0/../../../../../H-x86_64-mingw32/nios2-elf/lib\libc.a(lib_a-dtoa.o)
                0x000000000508747c                _dtoa_r
 .text          0x0000000005088b04        0x0 g:/programs/17.1/nios2eds/bin/gnu/h-x86_64-mingw32/bin/../lib/gcc/nios2-elf/5.3.0/../../../../../H-x86_64-mingw32/nios2-elf/lib\libc.a(lib_a-fflush.o)
 .text.__sflush_r
                0x0000000005088b04      0x21c g:/programs/17.1/nios2eds/bin/gnu/h-x86_64-mingw32/bin/../lib/gcc/nios2-elf/5.3.0/../../../../../H-x86_64-mingw32/nios2-elf/lib\libc.a(lib_a-fflush.o)
                0x0000000005088b04                __sflush_r
 .text._fflush_r
                0x0000000005088d20       0x5c g:/programs/17.1/nios2eds/bin/gnu/h-x86_64-mingw32/bin/../lib/gcc/nios2-elf/5.3.0/../../../../../H-x86_64-mingw32/nios2-elf/lib\libc.a(lib_a-fflush.o)
                0x0000000005088d20                _fflush_r
 .text.fflush   0x0000000005088d7c       0x30 g:/programs/17.1/nios2eds/bin/gnu/h-x86_64-mingw32/bin/../lib/gcc/nios2-elf/5.3.0/../../../../../H-x86_64-mingw32/nios2-elf/lib\libc.a(lib_a-fflush.o)
                0x0000000005088d7c                fflush
 .text          0x0000000005088dac        0x0 g:/programs/17.1/nios2eds/bin/gnu/h-x86_64-mingw32/bin/../lib/gcc/nios2-elf/5.3.0/../../../../../H-x86_64-mingw32/nios2-elf/lib\libc.a(lib_a-findfp.o)
 .text.__fp_unlock
                0x0000000005088dac        0x8 g:/programs/17.1/nios2eds/bin/gnu/h-x86_64-mingw32/bin/../lib/gcc/nios2-elf/5.3.0/../../../../../H-x86_64-mingw32/nios2-elf/lib\libc.a(lib_a-findfp.o)
 .text._cleanup_r
                0x0000000005088db4        0xc g:/programs/17.1/nios2eds/bin/gnu/h-x86_64-mingw32/bin/../lib/gcc/nios2-elf/5.3.0/../../../../../H-x86_64-mingw32/nios2-elf/lib\libc.a(lib_a-findfp.o)
                0x0000000005088db4                _cleanup_r
 .text.__sinit.part.1
                0x0000000005088dc0      0x19c g:/programs/17.1/nios2eds/bin/gnu/h-x86_64-mingw32/bin/../lib/gcc/nios2-elf/5.3.0/../../../../../H-x86_64-mingw32/nios2-elf/lib\libc.a(lib_a-findfp.o)
 .text.__fp_lock
                0x0000000005088f5c        0x8 g:/programs/17.1/nios2eds/bin/gnu/h-x86_64-mingw32/bin/../lib/gcc/nios2-elf/5.3.0/../../../../../H-x86_64-mingw32/nios2-elf/lib\libc.a(lib_a-findfp.o)
 .text.__sfmoreglue
                0x0000000005088f64       0x68 g:/programs/17.1/nios2eds/bin/gnu/h-x86_64-mingw32/bin/../lib/gcc/nios2-elf/5.3.0/../../../../../H-x86_64-mingw32/nios2-elf/lib\libc.a(lib_a-findfp.o)
                0x0000000005088f64                __sfmoreglue
 .text.__sfp    0x0000000005088fcc      0x118 g:/programs/17.1/nios2eds/bin/gnu/h-x86_64-mingw32/bin/../lib/gcc/nios2-elf/5.3.0/../../../../../H-x86_64-mingw32/nios2-elf/lib\libc.a(lib_a-findfp.o)
                0x0000000005088fcc                __sfp
 .text._cleanup
                0x00000000050890e4       0x18 g:/programs/17.1/nios2eds/bin/gnu/h-x86_64-mingw32/bin/../lib/gcc/nios2-elf/5.3.0/../../../../../H-x86_64-mingw32/nios2-elf/lib\libc.a(lib_a-findfp.o)
                0x00000000050890e4                _cleanup
 .text.__sinit  0x00000000050890fc       0x10 g:/programs/17.1/nios2eds/bin/gnu/h-x86_64-mingw32/bin/../lib/gcc/nios2-elf/5.3.0/../../../../../H-x86_64-mingw32/nios2-elf/lib\libc.a(lib_a-findfp.o)
                0x00000000050890fc                __sinit
 .text.__sfp_lock_acquire
                0x000000000508910c        0x4 g:/programs/17.1/nios2eds/bin/gnu/h-x86_64-mingw32/bin/../lib/gcc/nios2-elf/5.3.0/../../../../../H-x86_64-mingw32/nios2-elf/lib\libc.a(lib_a-findfp.o)
                0x000000000508910c                __sfp_lock_acquire
 .text.__sfp_lock_release
                0x0000000005089110        0x4 g:/programs/17.1/nios2eds/bin/gnu/h-x86_64-mingw32/bin/../lib/gcc/nios2-elf/5.3.0/../../../../../H-x86_64-mingw32/nios2-elf/lib\libc.a(lib_a-findfp.o)
                0x0000000005089110                __sfp_lock_release
 .text.__sinit_lock_acquire
                0x0000000005089114        0x4 g:/programs/17.1/nios2eds/bin/gnu/h-x86_64-mingw32/bin/../lib/gcc/nios2-elf/5.3.0/../../../../../H-x86_64-mingw32/nios2-elf/lib\libc.a(lib_a-findfp.o)
                0x0000000005089114                __sinit_lock_acquire
 .text.__sinit_lock_release
                0x0000000005089118        0x4 g:/programs/17.1/nios2eds/bin/gnu/h-x86_64-mingw32/bin/../lib/gcc/nios2-elf/5.3.0/../../../../../H-x86_64-mingw32/nios2-elf/lib\libc.a(lib_a-findfp.o)
                0x0000000005089118                __sinit_lock_release
 .text.__fp_lock_all
                0x000000000508911c       0x18 g:/programs/17.1/nios2eds/bin/gnu/h-x86_64-mingw32/bin/../lib/gcc/nios2-elf/5.3.0/../../../../../H-x86_64-mingw32/nios2-elf/lib\libc.a(lib_a-findfp.o)
                0x000000000508911c                __fp_lock_all
 .text.__fp_unlock_all
                0x0000000005089134       0x18 g:/programs/17.1/nios2eds/bin/gnu/h-x86_64-mingw32/bin/../lib/gcc/nios2-elf/5.3.0/../../../../../H-x86_64-mingw32/nios2-elf/lib\libc.a(lib_a-findfp.o)
                0x0000000005089134                __fp_unlock_all
 .text          0x000000000508914c        0x0 g:/programs/17.1/nios2eds/bin/gnu/h-x86_64-mingw32/bin/../lib/gcc/nios2-elf/5.3.0/../../../../../H-x86_64-mingw32/nios2-elf/lib\libc.a(lib_a-freer.o)
 .text._malloc_trim_r
                0x000000000508914c      0x124 g:/programs/17.1/nios2eds/bin/gnu/h-x86_64-mingw32/bin/../lib/gcc/nios2-elf/5.3.0/../../../../../H-x86_64-mingw32/nios2-elf/lib\libc.a(lib_a-freer.o)
                0x000000000508914c                _malloc_trim_r
 .text._free_r  0x0000000005089270      0x310 g:/programs/17.1/nios2eds/bin/gnu/h-x86_64-mingw32/bin/../lib/gcc/nios2-elf/5.3.0/../../../../../H-x86_64-mingw32/nios2-elf/lib\libc.a(lib_a-freer.o)
                0x0000000005089270                _free_r
 .text          0x0000000005089580        0x0 g:/programs/17.1/nios2eds/bin/gnu/h-x86_64-mingw32/bin/../lib/gcc/nios2-elf/5.3.0/../../../../../H-x86_64-mingw32/nios2-elf/lib\libc.a(lib_a-fvwrite.o)
 .text.__sfvwrite_r
                0x0000000005089580      0x4bc g:/programs/17.1/nios2eds/bin/gnu/h-x86_64-mingw32/bin/../lib/gcc/nios2-elf/5.3.0/../../../../../H-x86_64-mingw32/nios2-elf/lib\libc.a(lib_a-fvwrite.o)
                0x0000000005089580                __sfvwrite_r
 .text          0x0000000005089a3c        0x0 g:/programs/17.1/nios2eds/bin/gnu/h-x86_64-mingw32/bin/../lib/gcc/nios2-elf/5.3.0/../../../../../H-x86_64-mingw32/nios2-elf/lib\libc.a(lib_a-fwalk.o)
 .text._fwalk   0x0000000005089a3c       0xc4 g:/programs/17.1/nios2eds/bin/gnu/h-x86_64-mingw32/bin/../lib/gcc/nios2-elf/5.3.0/../../../../../H-x86_64-mingw32/nios2-elf/lib\libc.a(lib_a-fwalk.o)
                0x0000000005089a3c                _fwalk
 .text._fwalk_reent
                0x0000000005089b00       0xc4 g:/programs/17.1/nios2eds/bin/gnu/h-x86_64-mingw32/bin/../lib/gcc/nios2-elf/5.3.0/../../../../../H-x86_64-mingw32/nios2-elf/lib\libc.a(lib_a-fwalk.o)
                0x0000000005089b00                _fwalk_reent
 .text          0x0000000005089bc4        0x0 g:/programs/17.1/nios2eds/bin/gnu/h-x86_64-mingw32/bin/../lib/gcc/nios2-elf/5.3.0/../../../../../H-x86_64-mingw32/nios2-elf/lib\libc.a(lib_a-impure.o)
 .text          0x0000000005089bc4        0x0 g:/programs/17.1/nios2eds/bin/gnu/h-x86_64-mingw32/bin/../lib/gcc/nios2-elf/5.3.0/../../../../../H-x86_64-mingw32/nios2-elf/lib\libc.a(lib_a-locale.o)
 .text._setlocale_r
                0x0000000005089bc4       0x7c g:/programs/17.1/nios2eds/bin/gnu/h-x86_64-mingw32/bin/../lib/gcc/nios2-elf/5.3.0/../../../../../H-x86_64-mingw32/nios2-elf/lib\libc.a(lib_a-locale.o)
                0x0000000005089bc4                _setlocale_r
 .text.__locale_charset
                0x0000000005089c40        0xc g:/programs/17.1/nios2eds/bin/gnu/h-x86_64-mingw32/bin/../lib/gcc/nios2-elf/5.3.0/../../../../../H-x86_64-mingw32/nios2-elf/lib\libc.a(lib_a-locale.o)
                0x0000000005089c40                __locale_charset
 .text.__locale_mb_cur_max
                0x0000000005089c4c       0x10 g:/programs/17.1/nios2eds/bin/gnu/h-x86_64-mingw32/bin/../lib/gcc/nios2-elf/5.3.0/../../../../../H-x86_64-mingw32/nios2-elf/lib\libc.a(lib_a-locale.o)
                0x0000000005089c4c                __locale_mb_cur_max
 .text.__locale_msgcharset
                0x0000000005089c5c        0xc g:/programs/17.1/nios2eds/bin/gnu/h-x86_64-mingw32/bin/../lib/gcc/nios2-elf/5.3.0/../../../../../H-x86_64-mingw32/nios2-elf/lib\libc.a(lib_a-locale.o)
                0x0000000005089c5c                __locale_msgcharset
 .text.__locale_cjk_lang
                0x0000000005089c68        0x8 g:/programs/17.1/nios2eds/bin/gnu/h-x86_64-mingw32/bin/../lib/gcc/nios2-elf/5.3.0/../../../../../H-x86_64-mingw32/nios2-elf/lib\libc.a(lib_a-locale.o)
                0x0000000005089c68                __locale_cjk_lang
 .text._localeconv_r
                0x0000000005089c70        0xc g:/programs/17.1/nios2eds/bin/gnu/h-x86_64-mingw32/bin/../lib/gcc/nios2-elf/5.3.0/../../../../../H-x86_64-mingw32/nios2-elf/lib\libc.a(lib_a-locale.o)
                0x0000000005089c70                _localeconv_r
 .text.setlocale
                0x0000000005089c7c       0x18 g:/programs/17.1/nios2eds/bin/gnu/h-x86_64-mingw32/bin/../lib/gcc/nios2-elf/5.3.0/../../../../../H-x86_64-mingw32/nios2-elf/lib\libc.a(lib_a-locale.o)
                0x0000000005089c7c                setlocale
 .text.localeconv
                0x0000000005089c94        0xc g:/programs/17.1/nios2eds/bin/gnu/h-x86_64-mingw32/bin/../lib/gcc/nios2-elf/5.3.0/../../../../../H-x86_64-mingw32/nios2-elf/lib\libc.a(lib_a-locale.o)
                0x0000000005089c94                localeconv
 .text          0x0000000005089ca0        0x0 g:/programs/17.1/nios2eds/bin/gnu/h-x86_64-mingw32/bin/../lib/gcc/nios2-elf/5.3.0/../../../../../H-x86_64-mingw32/nios2-elf/lib\libc.a(lib_a-makebuf.o)
 .text.__smakebuf_r
                0x0000000005089ca0      0x1bc g:/programs/17.1/nios2eds/bin/gnu/h-x86_64-mingw32/bin/../lib/gcc/nios2-elf/5.3.0/../../../../../H-x86_64-mingw32/nios2-elf/lib\libc.a(lib_a-makebuf.o)
                0x0000000005089ca0                __smakebuf_r
 .text          0x0000000005089e5c        0x0 g:/programs/17.1/nios2eds/bin/gnu/h-x86_64-mingw32/bin/../lib/gcc/nios2-elf/5.3.0/../../../../../H-x86_64-mingw32/nios2-elf/lib\libc.a(lib_a-mallocr.o)
 .text._malloc_r
                0x0000000005089e5c      0x80c g:/programs/17.1/nios2eds/bin/gnu/h-x86_64-mingw32/bin/../lib/gcc/nios2-elf/5.3.0/../../../../../H-x86_64-mingw32/nios2-elf/lib\libc.a(lib_a-mallocr.o)
                0x0000000005089e5c                _malloc_r
 .text          0x000000000508a668        0x0 g:/programs/17.1/nios2eds/bin/gnu/h-x86_64-mingw32/bin/../lib/gcc/nios2-elf/5.3.0/../../../../../H-x86_64-mingw32/nios2-elf/lib\libc.a(lib_a-memchr.o)
 .text.memchr   0x000000000508a668       0xe4 g:/programs/17.1/nios2eds/bin/gnu/h-x86_64-mingw32/bin/../lib/gcc/nios2-elf/5.3.0/../../../../../H-x86_64-mingw32/nios2-elf/lib\libc.a(lib_a-memchr.o)
                0x000000000508a668                memchr
 .text          0x000000000508a74c        0x0 g:/programs/17.1/nios2eds/bin/gnu/h-x86_64-mingw32/bin/../lib/gcc/nios2-elf/5.3.0/../../../../../H-x86_64-mingw32/nios2-elf/lib\libc.a(lib_a-memcpy.o)
 .text.memcpy   0x000000000508a74c      0x148 g:/programs/17.1/nios2eds/bin/gnu/h-x86_64-mingw32/bin/../lib/gcc/nios2-elf/5.3.0/../../../../../H-x86_64-mingw32/nios2-elf/lib\libc.a(lib_a-memcpy.o)
                0x000000000508a74c                memcpy
 .text          0x000000000508a894        0x0 g:/programs/17.1/nios2eds/bin/gnu/h-x86_64-mingw32/bin/../lib/gcc/nios2-elf/5.3.0/../../../../../H-x86_64-mingw32/nios2-elf/lib\libc.a(lib_a-memmove.o)
 .text.memmove  0x000000000508a894      0x15c g:/programs/17.1/nios2eds/bin/gnu/h-x86_64-mingw32/bin/../lib/gcc/nios2-elf/5.3.0/../../../../../H-x86_64-mingw32/nios2-elf/lib\libc.a(lib_a-memmove.o)
                0x000000000508a894                memmove
 .text          0x000000000508a9f0        0x0 g:/programs/17.1/nios2eds/bin/gnu/h-x86_64-mingw32/bin/../lib/gcc/nios2-elf/5.3.0/../../../../../H-x86_64-mingw32/nios2-elf/lib\libc.a(lib_a-memset.o)
 .text.memset   0x000000000508a9f0      0x128 g:/programs/17.1/nios2eds/bin/gnu/h-x86_64-mingw32/bin/../lib/gcc/nios2-elf/5.3.0/../../../../../H-x86_64-mingw32/nios2-elf/lib\libc.a(lib_a-memset.o)
                0x000000000508a9f0                memset
 .text          0x000000000508ab18        0x0 g:/programs/17.1/nios2eds/bin/gnu/h-x86_64-mingw32/bin/../lib/gcc/nios2-elf/5.3.0/../../../../../H-x86_64-mingw32/nios2-elf/lib\libc.a(lib_a-mprec.o)
 .text._Balloc  0x000000000508ab18       0xa8 g:/programs/17.1/nios2eds/bin/gnu/h-x86_64-mingw32/bin/../lib/gcc/nios2-elf/5.3.0/../../../../../H-x86_64-mingw32/nios2-elf/lib\libc.a(lib_a-mprec.o)
                0x000000000508ab18                _Balloc
 .text._Bfree   0x000000000508abc0       0x28 g:/programs/17.1/nios2eds/bin/gnu/h-x86_64-mingw32/bin/../lib/gcc/nios2-elf/5.3.0/../../../../../H-x86_64-mingw32/nios2-elf/lib\libc.a(lib_a-mprec.o)
                0x000000000508abc0                _Bfree
 .text.__multadd
                0x000000000508abe8      0x120 g:/programs/17.1/nios2eds/bin/gnu/h-x86_64-mingw32/bin/../lib/gcc/nios2-elf/5.3.0/../../../../../H-x86_64-mingw32/nios2-elf/lib\libc.a(lib_a-mprec.o)
                0x000000000508abe8                __multadd
 .text.__s2b    0x000000000508ad08      0x104 g:/programs/17.1/nios2eds/bin/gnu/h-x86_64-mingw32/bin/../lib/gcc/nios2-elf/5.3.0/../../../../../H-x86_64-mingw32/nios2-elf/lib\libc.a(lib_a-mprec.o)
                0x000000000508ad08                __s2b
 .text.__hi0bits
                0x000000000508ae0c       0x68 g:/programs/17.1/nios2eds/bin/gnu/h-x86_64-mingw32/bin/../lib/gcc/nios2-elf/5.3.0/../../../../../H-x86_64-mingw32/nios2-elf/lib\libc.a(lib_a-mprec.o)
                0x000000000508ae0c                __hi0bits
 .text.__lo0bits
                0x000000000508ae74       0xb0 g:/programs/17.1/nios2eds/bin/gnu/h-x86_64-mingw32/bin/../lib/gcc/nios2-elf/5.3.0/../../../../../H-x86_64-mingw32/nios2-elf/lib\libc.a(lib_a-mprec.o)
                0x000000000508ae74                __lo0bits
 .text.__i2b    0x000000000508af24       0x3c g:/programs/17.1/nios2eds/bin/gnu/h-x86_64-mingw32/bin/../lib/gcc/nios2-elf/5.3.0/../../../../../H-x86_64-mingw32/nios2-elf/lib\libc.a(lib_a-mprec.o)
                0x000000000508af24                __i2b
 .text.__multiply
                0x000000000508af60      0x1f8 g:/programs/17.1/nios2eds/bin/gnu/h-x86_64-mingw32/bin/../lib/gcc/nios2-elf/5.3.0/../../../../../H-x86_64-mingw32/nios2-elf/lib\libc.a(lib_a-mprec.o)
                0x000000000508af60                __multiply
 .text.__pow5mult
                0x000000000508b158      0x140 g:/programs/17.1/nios2eds/bin/gnu/h-x86_64-mingw32/bin/../lib/gcc/nios2-elf/5.3.0/../../../../../H-x86_64-mingw32/nios2-elf/lib\libc.a(lib_a-mprec.o)
                0x000000000508b158                __pow5mult
 .text.__lshift
                0x000000000508b298      0x148 g:/programs/17.1/nios2eds/bin/gnu/h-x86_64-mingw32/bin/../lib/gcc/nios2-elf/5.3.0/../../../../../H-x86_64-mingw32/nios2-elf/lib\libc.a(lib_a-mprec.o)
                0x000000000508b298                __lshift
 .text.__mcmp   0x000000000508b3e0       0x60 g:/programs/17.1/nios2eds/bin/gnu/h-x86_64-mingw32/bin/../lib/gcc/nios2-elf/5.3.0/../../../../../H-x86_64-mingw32/nios2-elf/lib\libc.a(lib_a-mprec.o)
                0x000000000508b3e0                __mcmp
 .text.__mdiff  0x000000000508b440      0x1fc g:/programs/17.1/nios2eds/bin/gnu/h-x86_64-mingw32/bin/../lib/gcc/nios2-elf/5.3.0/../../../../../H-x86_64-mingw32/nios2-elf/lib\libc.a(lib_a-mprec.o)
                0x000000000508b440                __mdiff
 .text.__ulp    0x000000000508b63c       0x64 g:/programs/17.1/nios2eds/bin/gnu/h-x86_64-mingw32/bin/../lib/gcc/nios2-elf/5.3.0/../../../../../H-x86_64-mingw32/nios2-elf/lib\libc.a(lib_a-mprec.o)
                0x000000000508b63c                __ulp
 .text.__b2d    0x000000000508b6a0      0x10c g:/programs/17.1/nios2eds/bin/gnu/h-x86_64-mingw32/bin/../lib/gcc/nios2-elf/5.3.0/../../../../../H-x86_64-mingw32/nios2-elf/lib\libc.a(lib_a-mprec.o)
                0x000000000508b6a0                __b2d
 .text.__d2b    0x000000000508b7ac      0x14c g:/programs/17.1/nios2eds/bin/gnu/h-x86_64-mingw32/bin/../lib/gcc/nios2-elf/5.3.0/../../../../../H-x86_64-mingw32/nios2-elf/lib\libc.a(lib_a-mprec.o)
                0x000000000508b7ac                __d2b
 .text.__ratio  0x000000000508b8f8       0xa4 g:/programs/17.1/nios2eds/bin/gnu/h-x86_64-mingw32/bin/../lib/gcc/nios2-elf/5.3.0/../../../../../H-x86_64-mingw32/nios2-elf/lib\libc.a(lib_a-mprec.o)
                0x000000000508b8f8                __ratio
 .text._mprec_log10
                0x000000000508b99c       0x74 g:/programs/17.1/nios2eds/bin/gnu/h-x86_64-mingw32/bin/../lib/gcc/nios2-elf/5.3.0/../../../../../H-x86_64-mingw32/nios2-elf/lib\libc.a(lib_a-mprec.o)
                0x000000000508b99c                _mprec_log10
 .text.__copybits
                0x000000000508ba10       0x78 g:/programs/17.1/nios2eds/bin/gnu/h-x86_64-mingw32/bin/../lib/gcc/nios2-elf/5.3.0/../../../../../H-x86_64-mingw32/nios2-elf/lib\libc.a(lib_a-mprec.o)
                0x000000000508ba10                __copybits
 .text.__any_on
                0x000000000508ba88       0x8c g:/programs/17.1/nios2eds/bin/gnu/h-x86_64-mingw32/bin/../lib/gcc/nios2-elf/5.3.0/../../../../../H-x86_64-mingw32/nios2-elf/lib\libc.a(lib_a-mprec.o)
                0x000000000508ba88                __any_on
 .text          0x000000000508bb14        0x0 g:/programs/17.1/nios2eds/bin/gnu/h-x86_64-mingw32/bin/../lib/gcc/nios2-elf/5.3.0/../../../../../H-x86_64-mingw32/nios2-elf/lib\libc.a(lib_a-reallocr.o)
 .text._realloc_r
                0x000000000508bb14      0x564 g:/programs/17.1/nios2eds/bin/gnu/h-x86_64-mingw32/bin/../lib/gcc/nios2-elf/5.3.0/../../../../../H-x86_64-mingw32/nios2-elf/lib\libc.a(lib_a-reallocr.o)
                0x000000000508bb14                _realloc_r
 .text          0x000000000508c078        0x0 g:/programs/17.1/nios2eds/bin/gnu/h-x86_64-mingw32/bin/../lib/gcc/nios2-elf/5.3.0/../../../../../H-x86_64-mingw32/nios2-elf/lib\libc.a(lib_a-s_fpclassify.o)
 .text.__fpclassifyd
                0x000000000508c078       0x74 g:/programs/17.1/nios2eds/bin/gnu/h-x86_64-mingw32/bin/../lib/gcc/nios2-elf/5.3.0/../../../../../H-x86_64-mingw32/nios2-elf/lib\libc.a(lib_a-s_fpclassify.o)
                0x000000000508c078                __fpclassifyd
 .text          0x000000000508c0ec        0x0 g:/programs/17.1/nios2eds/bin/gnu/h-x86_64-mingw32/bin/../lib/gcc/nios2-elf/5.3.0/../../../../../H-x86_64-mingw32/nios2-elf/lib\libc.a(lib_a-sbrkr.o)
 .text._sbrk_r  0x000000000508c0ec       0x54 g:/programs/17.1/nios2eds/bin/gnu/h-x86_64-mingw32/bin/../lib/gcc/nios2-elf/5.3.0/../../../../../H-x86_64-mingw32/nios2-elf/lib\libc.a(lib_a-sbrkr.o)
                0x000000000508c0ec                _sbrk_r
 .text          0x000000000508c140        0x0 g:/programs/17.1/nios2eds/bin/gnu/h-x86_64-mingw32/bin/../lib/gcc/nios2-elf/5.3.0/../../../../../H-x86_64-mingw32/nios2-elf/lib\libc.a(lib_a-stdio.o)
 .text.__sread  0x000000000508c140       0x54 g:/programs/17.1/nios2eds/bin/gnu/h-x86_64-mingw32/bin/../lib/gcc/nios2-elf/5.3.0/../../../../../H-x86_64-mingw32/nios2-elf/lib\libc.a(lib_a-stdio.o)
                0x000000000508c140                __sread
 .text.__seofread
                0x000000000508c194        0x8 g:/programs/17.1/nios2eds/bin/gnu/h-x86_64-mingw32/bin/../lib/gcc/nios2-elf/5.3.0/../../../../../H-x86_64-mingw32/nios2-elf/lib\libc.a(lib_a-stdio.o)
                0x000000000508c194                __seofread
 .text.__swrite
                0x000000000508c19c       0x7c g:/programs/17.1/nios2eds/bin/gnu/h-x86_64-mingw32/bin/../lib/gcc/nios2-elf/5.3.0/../../../../../H-x86_64-mingw32/nios2-elf/lib\libc.a(lib_a-stdio.o)
                0x000000000508c19c                __swrite
 .text.__sseek  0x000000000508c218       0x5c g:/programs/17.1/nios2eds/bin/gnu/h-x86_64-mingw32/bin/../lib/gcc/nios2-elf/5.3.0/../../../../../H-x86_64-mingw32/nios2-elf/lib\libc.a(lib_a-stdio.o)
                0x000000000508c218                __sseek
 .text.__sclose
                0x000000000508c274        0x8 g:/programs/17.1/nios2eds/bin/gnu/h-x86_64-mingw32/bin/../lib/gcc/nios2-elf/5.3.0/../../../../../H-x86_64-mingw32/nios2-elf/lib\libc.a(lib_a-stdio.o)
                0x000000000508c274                __sclose
 .text          0x000000000508c27c        0x0 g:/programs/17.1/nios2eds/bin/gnu/h-x86_64-mingw32/bin/../lib/gcc/nios2-elf/5.3.0/../../../../../H-x86_64-mingw32/nios2-elf/lib\libc.a(lib_a-strcmp.o)
 .text.strcmp   0x000000000508c27c       0xdc g:/programs/17.1/nios2eds/bin/gnu/h-x86_64-mingw32/bin/../lib/gcc/nios2-elf/5.3.0/../../../../../H-x86_64-mingw32/nios2-elf/lib\libc.a(lib_a-strcmp.o)
                0x000000000508c27c                strcmp
 .text          0x000000000508c358        0x0 g:/programs/17.1/nios2eds/bin/gnu/h-x86_64-mingw32/bin/../lib/gcc/nios2-elf/5.3.0/../../../../../H-x86_64-mingw32/nios2-elf/lib\libc.a(lib_a-svfiprintf.o)
 .text.__ssprint_r
                0x000000000508c358      0x1d0 g:/programs/17.1/nios2eds/bin/gnu/h-x86_64-mingw32/bin/../lib/gcc/nios2-elf/5.3.0/../../../../../H-x86_64-mingw32/nios2-elf/lib\libc.a(lib_a-svfiprintf.o)
                0x000000000508c358                __ssprint_r
 .text.___svfiprintf_internal_r
                0x000000000508c528     0x123c g:/programs/17.1/nios2eds/bin/gnu/h-x86_64-mingw32/bin/../lib/gcc/nios2-elf/5.3.0/../../../../../H-x86_64-mingw32/nios2-elf/lib\libc.a(lib_a-svfiprintf.o)
                0x000000000508c528                ___svfiprintf_internal_r
 .text          0x000000000508d764        0x0 g:/programs/17.1/nios2eds/bin/gnu/h-x86_64-mingw32/bin/../lib/gcc/nios2-elf/5.3.0/../../../../../H-x86_64-mingw32/nios2-elf/lib\libc.a(lib_a-vfiprintf.o)
 .text.__sprint_r.part.0
                0x000000000508d764       0xfc g:/programs/17.1/nios2eds/bin/gnu/h-x86_64-mingw32/bin/../lib/gcc/nios2-elf/5.3.0/../../../../../H-x86_64-mingw32/nios2-elf/lib\libc.a(lib_a-vfiprintf.o)
 .text.__sprint_r
                0x000000000508d860       0x18 g:/programs/17.1/nios2eds/bin/gnu/h-x86_64-mingw32/bin/../lib/gcc/nios2-elf/5.3.0/../../../../../H-x86_64-mingw32/nios2-elf/lib\libc.a(lib_a-vfiprintf.o)
                0x000000000508d860                __sprint_r
 .text.___vfiprintf_internal_r
                0x000000000508d878     0x145c g:/programs/17.1/nios2eds/bin/gnu/h-x86_64-mingw32/bin/../lib/gcc/nios2-elf/5.3.0/../../../../../H-x86_64-mingw32/nios2-elf/lib\libc.a(lib_a-vfiprintf.o)
                0x000000000508d878                ___vfiprintf_internal_r
 .text.__vfiprintf_internal
                0x000000000508ecd4       0x1c g:/programs/17.1/nios2eds/bin/gnu/h-x86_64-mingw32/bin/../lib/gcc/nios2-elf/5.3.0/../../../../../H-x86_64-mingw32/nios2-elf/lib\libc.a(lib_a-vfiprintf.o)
                0x000000000508ecd4                __vfiprintf_internal
 .text.__sbprintf
                0x000000000508ecf0       0xbc g:/programs/17.1/nios2eds/bin/gnu/h-x86_64-mingw32/bin/../lib/gcc/nios2-elf/5.3.0/../../../../../H-x86_64-mingw32/nios2-elf/lib\libc.a(lib_a-vfiprintf.o)
 .text          0x000000000508edac        0x0 g:/programs/17.1/nios2eds/bin/gnu/h-x86_64-mingw32/bin/../lib/gcc/nios2-elf/5.3.0/../../../../../H-x86_64-mingw32/nios2-elf/lib\libc.a(lib_a-writer.o)
 .text._write_r
                0x000000000508edac       0x60 g:/programs/17.1/nios2eds/bin/gnu/h-x86_64-mingw32/bin/../lib/gcc/nios2-elf/5.3.0/../../../../../H-x86_64-mingw32/nios2-elf/lib\libc.a(lib_a-writer.o)
                0x000000000508edac                _write_r
 .text          0x000000000508ee0c        0x0 g:/programs/17.1/nios2eds/bin/gnu/h-x86_64-mingw32/bin/../lib/gcc/nios2-elf/5.3.0/../../../../../H-x86_64-mingw32/nios2-elf/lib\libc.a(closer.o)
 .text._close_r
                0x000000000508ee0c       0x54 g:/programs/17.1/nios2eds/bin/gnu/h-x86_64-mingw32/bin/../lib/gcc/nios2-elf/5.3.0/../../../../../H-x86_64-mingw32/nios2-elf/lib\libc.a(closer.o)
                0x000000000508ee0c                _close_r
 .text          0x000000000508ee60        0x0 g:/programs/17.1/nios2eds/bin/gnu/h-x86_64-mingw32/bin/../lib/gcc/nios2-elf/5.3.0/../../../../../H-x86_64-mingw32/nios2-elf/lib\libc.a(lib_a-callocr.o)
 .text._calloc_r
                0x000000000508ee60       0xc4 g:/programs/17.1/nios2eds/bin/gnu/h-x86_64-mingw32/bin/../lib/gcc/nios2-elf/5.3.0/../../../../../H-x86_64-mingw32/nios2-elf/lib\libc.a(lib_a-callocr.o)
                0x000000000508ee60                _calloc_r
 .text          0x000000000508ef24        0x0 g:/programs/17.1/nios2eds/bin/gnu/h-x86_64-mingw32/bin/../lib/gcc/nios2-elf/5.3.0/../../../../../H-x86_64-mingw32/nios2-elf/lib\libc.a(lib_a-fclose.o)
 .text._fclose_r
                0x000000000508ef24       0xf0 g:/programs/17.1/nios2eds/bin/gnu/h-x86_64-mingw32/bin/../lib/gcc/nios2-elf/5.3.0/../../../../../H-x86_64-mingw32/nios2-elf/lib\libc.a(lib_a-fclose.o)
                0x000000000508ef24                _fclose_r
 .text.fclose   0x000000000508f014       0x14 g:/programs/17.1/nios2eds/bin/gnu/h-x86_64-mingw32/bin/../lib/gcc/nios2-elf/5.3.0/../../../../../H-x86_64-mingw32/nios2-elf/lib\libc.a(lib_a-fclose.o)
                0x000000000508f014                fclose
 .text          0x000000000508f028        0x0 g:/programs/17.1/nios2eds/bin/gnu/h-x86_64-mingw32/bin/../lib/gcc/nios2-elf/5.3.0/../../../../../H-x86_64-mingw32/nios2-elf/lib\libc.a(lib_a-fputwc.o)
 .text.__fputwc
                0x000000000508f028      0x164 g:/programs/17.1/nios2eds/bin/gnu/h-x86_64-mingw32/bin/../lib/gcc/nios2-elf/5.3.0/../../../../../H-x86_64-mingw32/nios2-elf/lib\libc.a(lib_a-fputwc.o)
                0x000000000508f028                __fputwc
 .text._fputwc_r
                0x000000000508f18c       0x24 g:/programs/17.1/nios2eds/bin/gnu/h-x86_64-mingw32/bin/../lib/gcc/nios2-elf/5.3.0/../../../../../H-x86_64-mingw32/nios2-elf/lib\libc.a(lib_a-fputwc.o)
                0x000000000508f18c                _fputwc_r
 .text.fputwc   0x000000000508f1b0       0x80 g:/programs/17.1/nios2eds/bin/gnu/h-x86_64-mingw32/bin/../lib/gcc/nios2-elf/5.3.0/../../../../../H-x86_64-mingw32/nios2-elf/lib\libc.a(lib_a-fputwc.o)
                0x000000000508f1b0                fputwc
 .text          0x000000000508f230        0x0 g:/programs/17.1/nios2eds/bin/gnu/h-x86_64-mingw32/bin/../lib/gcc/nios2-elf/5.3.0/../../../../../H-x86_64-mingw32/nios2-elf/lib\libc.a(lib_a-fstatr.o)
 .text._fstat_r
                0x000000000508f230       0x5c g:/programs/17.1/nios2eds/bin/gnu/h-x86_64-mingw32/bin/../lib/gcc/nios2-elf/5.3.0/../../../../../H-x86_64-mingw32/nios2-elf/lib\libc.a(lib_a-fstatr.o)
                0x000000000508f230                _fstat_r
 .text          0x000000000508f28c        0x0 g:/programs/17.1/nios2eds/bin/gnu/h-x86_64-mingw32/bin/../lib/gcc/nios2-elf/5.3.0/../../../../../H-x86_64-mingw32/nios2-elf/lib\libc.a(lib_a-int_errno.o)
 .text          0x000000000508f28c        0x0 g:/programs/17.1/nios2eds/bin/gnu/h-x86_64-mingw32/bin/../lib/gcc/nios2-elf/5.3.0/../../../../../H-x86_64-mingw32/nios2-elf/lib\libc.a(lib_a-isattyr.o)
 .text._isatty_r
                0x000000000508f28c       0x54 g:/programs/17.1/nios2eds/bin/gnu/h-x86_64-mingw32/bin/../lib/gcc/nios2-elf/5.3.0/../../../../../H-x86_64-mingw32/nios2-elf/lib\libc.a(lib_a-isattyr.o)
                0x000000000508f28c                _isatty_r
 .text          0x000000000508f2e0        0x0 g:/programs/17.1/nios2eds/bin/gnu/h-x86_64-mingw32/bin/../lib/gcc/nios2-elf/5.3.0/../../../../../H-x86_64-mingw32/nios2-elf/lib\libc.a(lib_a-lseekr.o)
 .text._lseek_r
                0x000000000508f2e0       0x60 g:/programs/17.1/nios2eds/bin/gnu/h-x86_64-mingw32/bin/../lib/gcc/nios2-elf/5.3.0/../../../../../H-x86_64-mingw32/nios2-elf/lib\libc.a(lib_a-lseekr.o)
                0x000000000508f2e0                _lseek_r
 .text          0x000000000508f340        0x0 g:/programs/17.1/nios2eds/bin/gnu/h-x86_64-mingw32/bin/../lib/gcc/nios2-elf/5.3.0/../../../../../H-x86_64-mingw32/nios2-elf/lib\libc.a(lib_a-readr.o)
 .text._read_r  0x000000000508f340       0x60 g:/programs/17.1/nios2eds/bin/gnu/h-x86_64-mingw32/bin/../lib/gcc/nios2-elf/5.3.0/../../../../../H-x86_64-mingw32/nios2-elf/lib\libc.a(lib_a-readr.o)
                0x000000000508f340                _read_r
 .text          0x000000000508f3a0        0x0 g:/programs/17.1/nios2eds/bin/gnu/h-x86_64-mingw32/bin/../lib/gcc/nios2-elf/5.3.0/../../../../../H-x86_64-mingw32/nios2-elf/lib\libc.a(lib_a-wbuf.o)
 .text.__swbuf_r
                0x000000000508f3a0      0x140 g:/programs/17.1/nios2eds/bin/gnu/h-x86_64-mingw32/bin/../lib/gcc/nios2-elf/5.3.0/../../../../../H-x86_64-mingw32/nios2-elf/lib\libc.a(lib_a-wbuf.o)
                0x000000000508f3a0                __swbuf_r
 .text.__swbuf  0x000000000508f4e0       0x18 g:/programs/17.1/nios2eds/bin/gnu/h-x86_64-mingw32/bin/../lib/gcc/nios2-elf/5.3.0/../../../../../H-x86_64-mingw32/nios2-elf/lib\libc.a(lib_a-wbuf.o)
                0x000000000508f4e0                __swbuf
 .text          0x000000000508f4f8        0x0 g:/programs/17.1/nios2eds/bin/gnu/h-x86_64-mingw32/bin/../lib/gcc/nios2-elf/5.3.0/../../../../../H-x86_64-mingw32/nios2-elf/lib\libc.a(lib_a-wcrtomb.o)
 .text._wcrtomb_r
                0x000000000508f4f8       0x9c g:/programs/17.1/nios2eds/bin/gnu/h-x86_64-mingw32/bin/../lib/gcc/nios2-elf/5.3.0/../../../../../H-x86_64-mingw32/nios2-elf/lib\libc.a(lib_a-wcrtomb.o)
                0x000000000508f4f8                _wcrtomb_r
 .text.wcrtomb  0x000000000508f594       0xc0 g:/programs/17.1/nios2eds/bin/gnu/h-x86_64-mingw32/bin/../lib/gcc/nios2-elf/5.3.0/../../../../../H-x86_64-mingw32/nios2-elf/lib\libc.a(lib_a-wcrtomb.o)
                0x000000000508f594                wcrtomb
 .text          0x000000000508f654        0x0 g:/programs/17.1/nios2eds/bin/gnu/h-x86_64-mingw32/bin/../lib/gcc/nios2-elf/5.3.0/../../../../../H-x86_64-mingw32/nios2-elf/lib\libc.a(lib_a-wctomb_r.o)
 .text.__ascii_wctomb
                0x000000000508f654       0x30 g:/programs/17.1/nios2eds/bin/gnu/h-x86_64-mingw32/bin/../lib/gcc/nios2-elf/5.3.0/../../../../../H-x86_64-mingw32/nios2-elf/lib\libc.a(lib_a-wctomb_r.o)
                0x000000000508f654                __ascii_wctomb
 .text._wctomb_r
                0x000000000508f684       0x5c g:/programs/17.1/nios2eds/bin/gnu/h-x86_64-mingw32/bin/../lib/gcc/nios2-elf/5.3.0/../../../../../H-x86_64-mingw32/nios2-elf/lib\libc.a(lib_a-wctomb_r.o)
                0x000000000508f684                _wctomb_r
 .text          0x000000000508f6e0      0x578 g:/programs/17.1/nios2eds/bin/gnu/h-x86_64-mingw32/bin/../lib/gcc/nios2-elf/5.3.0\libgcc.a(_udivdi3.o)
                0x000000000508f6e0                __udivdi3
 .text          0x000000000508fc58      0x538 g:/programs/17.1/nios2eds/bin/gnu/h-x86_64-mingw32/bin/../lib/gcc/nios2-elf/5.3.0\libgcc.a(_umoddi3.o)
                0x000000000508fc58                __umoddi3
 .text          0x0000000005090190      0x8ac g:/programs/17.1/nios2eds/bin/gnu/h-x86_64-mingw32/bin/../lib/gcc/nios2-elf/5.3.0\libgcc.a(adddf3.o)
                0x0000000005090190                __adddf3
 .text          0x0000000005090a3c      0x8e8 g:/programs/17.1/nios2eds/bin/gnu/h-x86_64-mingw32/bin/../lib/gcc/nios2-elf/5.3.0\libgcc.a(divdf3.o)
                0x0000000005090a3c                __divdf3
 .text          0x0000000005091324       0x88 g:/programs/17.1/nios2eds/bin/gnu/h-x86_64-mingw32/bin/../lib/gcc/nios2-elf/5.3.0\libgcc.a(eqdf2.o)
                0x0000000005091324                __nedf2
                0x0000000005091324                __eqdf2
 .text          0x00000000050913ac       0xdc g:/programs/17.1/nios2eds/bin/gnu/h-x86_64-mingw32/bin/../lib/gcc/nios2-elf/5.3.0\libgcc.a(gedf2.o)
                0x00000000050913ac                __gedf2
                0x00000000050913ac                __gtdf2
 .text          0x0000000005091488       0xf4 g:/programs/17.1/nios2eds/bin/gnu/h-x86_64-mingw32/bin/../lib/gcc/nios2-elf/5.3.0\libgcc.a(ledf2.o)
                0x0000000005091488                __ledf2
                0x0000000005091488                __ltdf2
 .text          0x000000000509157c      0x718 g:/programs/17.1/nios2eds/bin/gnu/h-x86_64-mingw32/bin/../lib/gcc/nios2-elf/5.3.0\libgcc.a(muldf3.o)
                0x000000000509157c                __muldf3
 .text          0x0000000005091c94      0x8fc g:/programs/17.1/nios2eds/bin/gnu/h-x86_64-mingw32/bin/../lib/gcc/nios2-elf/5.3.0\libgcc.a(subdf3.o)
                0x0000000005091c94                __subdf3
 .text          0x0000000005092590       0x80 g:/programs/17.1/nios2eds/bin/gnu/h-x86_64-mingw32/bin/../lib/gcc/nios2-elf/5.3.0\libgcc.a(fixdfsi.o)
                0x0000000005092590                __fixdfsi
 .text          0x0000000005092610       0xdc g:/programs/17.1/nios2eds/bin/gnu/h-x86_64-mingw32/bin/../lib/gcc/nios2-elf/5.3.0\libgcc.a(floatsidf.o)
                0x0000000005092610                __floatsidf
 .text          0x00000000050926ec       0xa8 g:/programs/17.1/nios2eds/bin/gnu/h-x86_64-mingw32/bin/../lib/gcc/nios2-elf/5.3.0\libgcc.a(floatunsidf.o)
                0x00000000050926ec                __floatunsidf
 .text          0x0000000005092794        0x0 g:/programs/17.1/nios2eds/bin/gnu/h-x86_64-mingw32/bin/../lib/gcc/nios2-elf/5.3.0\libgcc.a(_clz.o)
 .text          0x0000000005092794       0x64 g:/programs/17.1/nios2eds/bin/gnu/h-x86_64-mingw32/bin/../lib/gcc/nios2-elf/5.3.0\libgcc.a(_clzsi2.o)
                0x0000000005092794                __clzsi2
 .text          0x00000000050927f8      0x10c ../DE1_SoC_Audio_bsp/\libhal_bsp.a(alt_close.o)
                0x0000000005092834                close
 .text          0x0000000005092904       0x2c ../DE1_SoC_Audio_bsp/\libhal_bsp.a(alt_dev.o)
 .text          0x0000000005092930        0x0 ../DE1_SoC_Audio_bsp/\libhal_bsp.a(alt_errno.o)
 .text          0x0000000005092930       0xec ../DE1_SoC_Audio_bsp/\libhal_bsp.a(alt_fstat.o)
                0x000000000509296c                fstat
 .text          0x0000000005092a1c      0x180 ../DE1_SoC_Audio_bsp/\libhal_bsp.a(alt_irq_register.o)
                0x0000000005092a1c                alt_irq_register
 .text          0x0000000005092b9c        0x0 ../DE1_SoC_Audio_bsp/\libhal_bsp.a(alt_irq_vars.o)
 .text          0x0000000005092b9c       0xe0 ../DE1_SoC_Audio_bsp/\libhal_bsp.a(alt_isatty.o)
                0x0000000005092bd8                isatty
 .text          0x0000000005092c7c       0xec ../DE1_SoC_Audio_bsp/\libhal_bsp.a(alt_load.o)
                0x0000000005092ce4                alt_load
 .text          0x0000000005092d68      0x110 ../DE1_SoC_Audio_bsp/\libhal_bsp.a(alt_lseek.o)
                0x0000000005092da4                lseek
 .text          0x0000000005092e78       0x7c ../DE1_SoC_Audio_bsp/\libhal_bsp.a(alt_main.o)
                0x0000000005092e78                alt_main
 .text          0x0000000005092ef4       0x48 ../DE1_SoC_Audio_bsp/\libhal_bsp.a(alt_malloc_lock.o)
                0x0000000005092ef4                __malloc_lock
                0x0000000005092f18                __malloc_unlock
 .text          0x0000000005092f3c      0x138 ../DE1_SoC_Audio_bsp/\libhal_bsp.a(alt_read.o)
                0x0000000005092f78                read
 .text          0x0000000005093074       0x64 ../DE1_SoC_Audio_bsp/\libhal_bsp.a(alt_release_fd.o)
                0x0000000005093074                alt_release_fd
 .text          0x00000000050930d8       0xb0 ../DE1_SoC_Audio_bsp/\libhal_bsp.a(alt_sbrk.o)
                0x00000000050930d8                sbrk
 .text          0x0000000005093188       0x30 ../DE1_SoC_Audio_bsp/\libhal_bsp.a(alt_usleep.o)
                0x0000000005093188                usleep
 .text          0x00000000050931b8      0x134 ../DE1_SoC_Audio_bsp/\libhal_bsp.a(alt_write.o)
                0x00000000050931f4                write
 .text          0x00000000050932ec       0xe8 ../DE1_SoC_Audio_bsp/\libhal_bsp.a(alt_sys_init.o)
                0x0000000005093320                alt_irq_init
                0x0000000005093358                alt_sys_init
 .text          0x00000000050933d4      0x164 ../DE1_SoC_Audio_bsp/\libhal_bsp.a(altera_avalon_jtag_uart_fd.o)
                0x00000000050933d4                altera_avalon_jtag_uart_read_fd
                0x0000000005093434                altera_avalon_jtag_uart_write_fd
                0x0000000005093494                altera_avalon_jtag_uart_close_fd
                0x00000000050934e4                altera_avalon_jtag_uart_ioctl_fd
 .text          0x0000000005093538      0x3cc ../DE1_SoC_Audio_bsp/\libhal_bsp.a(altera_avalon_jtag_uart_init.o)
                0x0000000005093538                altera_avalon_jtag_uart_init
                0x000000000509389c                altera_avalon_jtag_uart_close
 .text          0x0000000005093904       0xf0 ../DE1_SoC_Audio_bsp/\libhal_bsp.a(altera_avalon_jtag_uart_ioctl.o)
                0x0000000005093904                altera_avalon_jtag_uart_ioctl
 .text          0x00000000050939f4      0x21c ../DE1_SoC_Audio_bsp/\libhal_bsp.a(altera_avalon_jtag_uart_read.o)
                0x00000000050939f4                altera_avalon_jtag_uart_read
 .text          0x0000000005093c10      0x224 ../DE1_SoC_Audio_bsp/\libhal_bsp.a(altera_avalon_jtag_uart_write.o)
                0x0000000005093c10                altera_avalon_jtag_uart_write
 .text          0x0000000005093e34       0xf0 ../DE1_SoC_Audio_bsp/\libhal_bsp.a(altera_avalon_timer_sc.o)
                0x0000000005093eb0                alt_avalon_timer_sc_init
 .text          0x0000000005093f24      0x6b0 ../DE1_SoC_Audio_bsp/\libhal_bsp.a(altera_up_avalon_ps2.o)
                0x0000000005093f24                read_RI_bit
                0x0000000005093f58                read_RE_bit
                0x0000000005093f88                read_CE_bit
                0x0000000005093fbc                read_num_bytes_available
                0x0000000005093fec                read_data_valid
                0x0000000005094020                read_data_byte
                0x000000000509404c                alt_up_ps2_init
                0x0000000005094114                alt_up_ps2_enable_read_interrupt
                0x0000000005094170                alt_up_ps2_disable_read_interrupt
                0x00000000050941d0                alt_up_ps2_write_data_byte
                0x0000000005094244                alt_up_ps2_wait_for_ack
                0x00000000050942ac                alt_up_ps2_write_data_byte_with_ack
                0x0000000005094310                alt_up_ps2_read_data_byte_timeout
                0x00000000050943ac                alt_up_ps2_read_data_byte
                0x000000000509441c                alt_up_ps2_clear_fifo
                0x0000000005094474                alt_up_ps2_read_fd
                0x0000000005094500                alt_up_ps2_write_fd
                0x0000000005094598                alt_up_ps2_open_dev
 .text          0x00000000050945d4      0x12c ../DE1_SoC_Audio_bsp/\libhal_bsp.a(alt_alarm_start.o)
                0x00000000050945d4                alt_alarm_start
 .text          0x0000000005094700      0x158 ../DE1_SoC_Audio_bsp/\libhal_bsp.a(alt_busy_sleep.o)
                0x0000000005094700                alt_busy_sleep
 .text          0x0000000005094858       0x48 ../DE1_SoC_Audio_bsp/\libhal_bsp.a(alt_dcache_flush_all.o)
                0x0000000005094858                alt_dcache_flush_all
 .text          0x00000000050948a0       0xe0 ../DE1_SoC_Audio_bsp/\libhal_bsp.a(alt_dev_llist_insert.o)
                0x00000000050948dc                alt_dev_llist_insert
 .text          0x0000000005094980       0x60 ../DE1_SoC_Audio_bsp/\libhal_bsp.a(alt_do_ctors.o)
                0x0000000005094980                _do_ctors
 .text          0x00000000050949e0       0x60 ../DE1_SoC_Audio_bsp/\libhal_bsp.a(alt_do_dtors.o)
                0x00000000050949e0                _do_dtors
 .text          0x0000000005094a40       0x90 ../DE1_SoC_Audio_bsp/\libhal_bsp.a(alt_find_dev.o)
                0x0000000005094a40                alt_find_dev
 .text          0x0000000005094ad0       0x34 ../DE1_SoC_Audio_bsp/\libhal_bsp.a(alt_icache_flush_all.o)
                0x0000000005094ad0                alt_icache_flush_all
 .text          0x0000000005094b04      0x140 ../DE1_SoC_Audio_bsp/\libhal_bsp.a(alt_io_redirect.o)
                0x0000000005094bc8                alt_io_redirect
 .text          0x0000000005094c44        0x0 ../DE1_SoC_Audio_bsp/\libhal_bsp.a(alt_irq_entry.o)
 .text          0x0000000005094c44        0x0 ../DE1_SoC_Audio_bsp/\libhal_bsp.a(alt_irq_handler.o)
 .text          0x0000000005094c44      0x254 ../DE1_SoC_Audio_bsp/\libhal_bsp.a(alt_open.o)
                0x0000000005094d44                open
 .text          0x0000000005094e98      0x1a4 ../DE1_SoC_Audio_bsp/\libhal_bsp.a(alt_tick.o)
                0x0000000005094e98                alt_alarm_stop
                0x0000000005094f34                alt_tick
 .text          0x000000000509503c       0x24 ../DE1_SoC_Audio_bsp/\libhal_bsp.a(altera_nios2_gen2_irq.o)
                0x000000000509503c                altera_nios2_gen2_irq_init
 .text          0x0000000005095060        0x0 ../DE1_SoC_Audio_bsp/\libhal_bsp.a(alt_exception_entry.o)
 .text          0x0000000005095060      0x108 ../DE1_SoC_Audio_bsp/\libhal_bsp.a(alt_find_file.o)
                0x0000000005095060                alt_find_file
 .text          0x0000000005095168       0xa4 ../DE1_SoC_Audio_bsp/\libhal_bsp.a(alt_get_fd.o)
                0x0000000005095168                alt_get_fd
 .text          0x000000000509520c       0x90 ../DE1_SoC_Audio_bsp/\libhal_bsp.a(alt_icache_flush.o)
                0x000000000509520c                alt_icache_flush
 .text          0x000000000509529c        0x0 g:/programs/17.1/nios2eds/bin/gnu/h-x86_64-mingw32/bin/../lib/gcc/nios2-elf/5.3.0/../../../../../H-x86_64-mingw32/nios2-elf/lib\libc.a(lib_a-atexit.o)
 .text.atexit   0x000000000509529c       0x14 g:/programs/17.1/nios2eds/bin/gnu/h-x86_64-mingw32/bin/../lib/gcc/nios2-elf/5.3.0/../../../../../H-x86_64-mingw32/nios2-elf/lib\libc.a(lib_a-atexit.o)
                0x000000000509529c                atexit
 .text          0x00000000050952b0        0x0 g:/programs/17.1/nios2eds/bin/gnu/h-x86_64-mingw32/bin/../lib/gcc/nios2-elf/5.3.0/../../../../../H-x86_64-mingw32/nios2-elf/lib\libc.a(lib_a-exit.o)
 .text.exit     0x00000000050952b0       0x38 g:/programs/17.1/nios2eds/bin/gnu/h-x86_64-mingw32/bin/../lib/gcc/nios2-elf/5.3.0/../../../../../H-x86_64-mingw32/nios2-elf/lib\libc.a(lib_a-exit.o)
                0x00000000050952b0                exit
 .text          0x00000000050952e8        0x0 g:/programs/17.1/nios2eds/bin/gnu/h-x86_64-mingw32/bin/../lib/gcc/nios2-elf/5.3.0/../../../../../H-x86_64-mingw32/nios2-elf/lib\libc.a(lib_a-memcmp.o)
 .text.memcmp   0x00000000050952e8       0x7c g:/programs/17.1/nios2eds/bin/gnu/h-x86_64-mingw32/bin/../lib/gcc/nios2-elf/5.3.0/../../../../../H-x86_64-mingw32/nios2-elf/lib\libc.a(lib_a-memcmp.o)
                0x00000000050952e8                memcmp
 .text          0x0000000005095364        0x0 g:/programs/17.1/nios2eds/bin/gnu/h-x86_64-mingw32/bin/../lib/gcc/nios2-elf/5.3.0/../../../../../H-x86_64-mingw32/nios2-elf/lib\libc.a(lib_a-__atexit.o)
 .text.__register_exitproc
                0x0000000005095364      0x118 g:/programs/17.1/nios2eds/bin/gnu/h-x86_64-mingw32/bin/../lib/gcc/nios2-elf/5.3.0/../../../../../H-x86_64-mingw32/nios2-elf/lib\libc.a(lib_a-__atexit.o)
                0x0000000005095364                __register_exitproc
 .text          0x000000000509547c        0x0 g:/programs/17.1/nios2eds/bin/gnu/h-x86_64-mingw32/bin/../lib/gcc/nios2-elf/5.3.0/../../../../../H-x86_64-mingw32/nios2-elf/lib\libc.a(lib_a-__call_atexit.o)
 .text.__call_exitprocs
                0x000000000509547c      0x180 g:/programs/17.1/nios2eds/bin/gnu/h-x86_64-mingw32/bin/../lib/gcc/nios2-elf/5.3.0/../../../../../H-x86_64-mingw32/nios2-elf/lib\libc.a(lib_a-__call_atexit.o)
                0x000000000509547c                __call_exitprocs
 .text          0x00000000050955fc       0x34 ../DE1_SoC_Audio_bsp/\libhal_bsp.a(alt_exit.o)
                0x00000000050955fc                _exit
 *(.gnu.warning.*)
 *(.fini)
                [!provide]                        PROVIDE (__etext, ABSOLUTE (.))
                [!provide]                        PROVIDE (_etext, ABSOLUTE (.))
                [!provide]                        PROVIDE (etext, ABSOLUTE (.))
 *(.eh_frame_hdr)
                0x0000000005095630                . = ALIGN (0x4)
                [!provide]                        PROVIDE (__preinit_array_start, ABSOLUTE (.))
 *(.preinit_array)
                [!provide]                        PROVIDE (__preinit_array_end, ABSOLUTE (.))
                [!provide]                        PROVIDE (__init_array_start, ABSOLUTE (.))
 *(.init_array)
                [!provide]                        PROVIDE (__init_array_end, ABSOLUTE (.))
                [!provide]                        PROVIDE (__fini_array_start, ABSOLUTE (.))
 *(.fini_array)
                [!provide]                        PROVIDE (__fini_array_end, ABSOLUTE (.))
 *(.eh_frame)
 *(.gcc_except_table .gcc_except_table.*)
 *(.dynamic)
                0x0000000005095630                PROVIDE (__CTOR_LIST__, ABSOLUTE (.))
 *(.ctors)
 *(SORT(.ctors.*))
                0x0000000005095630                PROVIDE (__CTOR_END__, ABSOLUTE (.))
                0x0000000005095630                PROVIDE (__DTOR_LIST__, ABSOLUTE (.))
 *(.dtors)
 *(SORT(.dtors.*))
                0x0000000005095630                PROVIDE (__DTOR_END__, ABSOLUTE (.))
 *(.jcr)
                0x0000000005095630                . = ALIGN (0x4)

.rodata         0x0000000005095630      0xddc
                0x0000000005095630                PROVIDE (__ram_rodata_start, ABSOLUTE (.))
                0x0000000005095630                . = ALIGN (0x4)
 *(.rodata .rodata.* .gnu.linkonce.r.*)
 .rodata        0x0000000005095630       0xd1 obj/default/AUDIO.o
 *fill*         0x0000000005095701        0x3 
 .rodata        0x0000000005095704       0x86 obj/default/I2C.o
 *fill*         0x000000000509578a        0x2 
 .rodata        0x000000000509578c        0xf obj/default/debug.o
 *fill*         0x000000000509579b        0x1 
 .rodata        0x000000000509579c      0x92b obj/default/main.o
                0x00000000050957e0                szMenu
 *fill*         0x00000000050960c7        0x1 
 .rodata.str1.4
                0x00000000050960c8        0x2 g:/programs/17.1/nios2eds/bin/gnu/h-x86_64-mingw32/bin/../lib/gcc/nios2-elf/5.3.0/../../../../../H-x86_64-mingw32/nios2-elf/lib\libc.a(lib_a-puts.o)
 *fill*         0x00000000050960ca        0x2 
 .rodata.str1.4
                0x00000000050960cc       0x42 g:/programs/17.1/nios2eds/bin/gnu/h-x86_64-mingw32/bin/../lib/gcc/nios2-elf/5.3.0/../../../../../H-x86_64-mingw32/nios2-elf/lib\libc.a(lib_a-svfprintf.o)
 .rodata.zeroes.4389
                0x000000000509610e       0x10 g:/programs/17.1/nios2eds/bin/gnu/h-x86_64-mingw32/bin/../lib/gcc/nios2-elf/5.3.0/../../../../../H-x86_64-mingw32/nios2-elf/lib\libc.a(lib_a-svfprintf.o)
 .rodata.blanks.4388
                0x000000000509611e       0x10 g:/programs/17.1/nios2eds/bin/gnu/h-x86_64-mingw32/bin/../lib/gcc/nios2-elf/5.3.0/../../../../../H-x86_64-mingw32/nios2-elf/lib\libc.a(lib_a-svfprintf.o)
 .rodata.str1.4
                0x000000000509612e       0x42 g:/programs/17.1/nios2eds/bin/gnu/h-x86_64-mingw32/bin/../lib/gcc/nios2-elf/5.3.0/../../../../../H-x86_64-mingw32/nios2-elf/lib\libc.a(lib_a-vfprintf.o)
 .rodata.zeroes.4404
                0x000000000509612e       0x10 g:/programs/17.1/nios2eds/bin/gnu/h-x86_64-mingw32/bin/../lib/gcc/nios2-elf/5.3.0/../../../../../H-x86_64-mingw32/nios2-elf/lib\libc.a(lib_a-vfprintf.o)
 .rodata.blanks.4403
                0x000000000509613e       0x10 g:/programs/17.1/nios2eds/bin/gnu/h-x86_64-mingw32/bin/../lib/gcc/nios2-elf/5.3.0/../../../../../H-x86_64-mingw32/nios2-elf/lib\libc.a(lib_a-vfprintf.o)
 *fill*         0x000000000509614e        0x2 
 .rodata.str1.4
                0x0000000005096150       0x10 g:/programs/17.1/nios2eds/bin/gnu/h-x86_64-mingw32/bin/../lib/gcc/nios2-elf/5.3.0/../../../../../H-x86_64-mingw32/nios2-elf/lib\libc.a(lib_a-dtoa.o)
                                         0x12 (size before relaxing)
 .rodata.str1.4
                0x0000000005096160        0x2 g:/programs/17.1/nios2eds/bin/gnu/h-x86_64-mingw32/bin/../lib/gcc/nios2-elf/5.3.0/../../../../../H-x86_64-mingw32/nios2-elf/lib\libc.a(lib_a-impure.o)
 *fill*         0x0000000005096162        0x2 
 .rodata.str1.4
                0x0000000005096164        0xc g:/programs/17.1/nios2eds/bin/gnu/h-x86_64-mingw32/bin/../lib/gcc/nios2-elf/5.3.0/../../../../../H-x86_64-mingw32/nios2-elf/lib\libc.a(lib_a-locale.o)
                                         0x12 (size before relaxing)
 .rodata.p05.2768
                0x0000000005096170        0xc g:/programs/17.1/nios2eds/bin/gnu/h-x86_64-mingw32/bin/../lib/gcc/nios2-elf/5.3.0/../../../../../H-x86_64-mingw32/nios2-elf/lib\libc.a(lib_a-mprec.o)
 .rodata.__mprec_tinytens
                0x000000000509617c       0x28 g:/programs/17.1/nios2eds/bin/gnu/h-x86_64-mingw32/bin/../lib/gcc/nios2-elf/5.3.0/../../../../../H-x86_64-mingw32/nios2-elf/lib\libc.a(lib_a-mprec.o)
                0x000000000509617c                __mprec_tinytens
 .rodata.__mprec_bigtens
                0x00000000050961a4       0x28 g:/programs/17.1/nios2eds/bin/gnu/h-x86_64-mingw32/bin/../lib/gcc/nios2-elf/5.3.0/../../../../../H-x86_64-mingw32/nios2-elf/lib\libc.a(lib_a-mprec.o)
                0x00000000050961a4                __mprec_bigtens
 .rodata.__mprec_tens
                0x00000000050961cc       0xc8 g:/programs/17.1/nios2eds/bin/gnu/h-x86_64-mingw32/bin/../lib/gcc/nios2-elf/5.3.0/../../../../../H-x86_64-mingw32/nios2-elf/lib\libc.a(lib_a-mprec.o)
                0x00000000050961cc                __mprec_tens
 .rodata.str1.4
                0x0000000005096294       0x2f g:/programs/17.1/nios2eds/bin/gnu/h-x86_64-mingw32/bin/../lib/gcc/nios2-elf/5.3.0/../../../../../H-x86_64-mingw32/nios2-elf/lib\libc.a(lib_a-svfiprintf.o)
 .rodata.zeroes.4333
                0x0000000005096294       0x10 g:/programs/17.1/nios2eds/bin/gnu/h-x86_64-mingw32/bin/../lib/gcc/nios2-elf/5.3.0/../../../../../H-x86_64-mingw32/nios2-elf/lib\libc.a(lib_a-svfiprintf.o)
 .rodata.blanks.4332
                0x00000000050962a4       0x10 g:/programs/17.1/nios2eds/bin/gnu/h-x86_64-mingw32/bin/../lib/gcc/nios2-elf/5.3.0/../../../../../H-x86_64-mingw32/nios2-elf/lib\libc.a(lib_a-svfiprintf.o)
 .rodata.str1.4
                0x00000000050962b4       0x2f g:/programs/17.1/nios2eds/bin/gnu/h-x86_64-mingw32/bin/../lib/gcc/nios2-elf/5.3.0/../../../../../H-x86_64-mingw32/nios2-elf/lib\libc.a(lib_a-vfiprintf.o)
 .rodata.zeroes.4349
                0x00000000050962b4       0x10 g:/programs/17.1/nios2eds/bin/gnu/h-x86_64-mingw32/bin/../lib/gcc/nios2-elf/5.3.0/../../../../../H-x86_64-mingw32/nios2-elf/lib\libc.a(lib_a-vfiprintf.o)
 .rodata.blanks.4348
                0x00000000050962c4       0x10 g:/programs/17.1/nios2eds/bin/gnu/h-x86_64-mingw32/bin/../lib/gcc/nios2-elf/5.3.0/../../../../../H-x86_64-mingw32/nios2-elf/lib\libc.a(lib_a-vfiprintf.o)
 .rodata        0x00000000050962d4      0x100 g:/programs/17.1/nios2eds/bin/gnu/h-x86_64-mingw32/bin/../lib/gcc/nios2-elf/5.3.0\libgcc.a(_clz.o)
                0x00000000050962d4                __clz_tab
 .rodata        0x00000000050963d4        0xa ../DE1_SoC_Audio_bsp/\libhal_bsp.a(alt_dev.o)
 *fill*         0x00000000050963de        0x2 
 .rodata        0x00000000050963e0        0xf ../DE1_SoC_Audio_bsp/\libhal_bsp.a(alt_main.o)
 *fill*         0x00000000050963ef        0x1 
 .rodata        0x00000000050963f0       0x1b ../DE1_SoC_Audio_bsp/\libhal_bsp.a(alt_sys_init.o)
 *(.rodata1)
                0x000000000509640c                . = ALIGN (0x4)
 *fill*         0x000000000509640b        0x1 
                0x000000000509640c                PROVIDE (__ram_rodata_end, ABSOLUTE (.))
                0x0000000005095630                PROVIDE (__flash_rodata_start, LOADADDR (.rodata))

.rwdata         0x000000000509640c     0x1b34 load address 0x0000000005097f40
                0x000000000509640c                PROVIDE (__ram_rwdata_start, ABSOLUTE (.))
                0x000000000509640c                . = ALIGN (0x4)
 *(.got.plt)
 *(.got)
 *(.data1)
 *(.data .data.* .gnu.linkonce.d.*)
 .data          0x000000000509640c        0x0 ../DE1_SoC_Audio_bsp//obj/HAL/src/crt0.o
 .data          0x000000000509640c        0x0 obj/default/.metadata/.plugins/org.eclipse.cdt.make.core/specs.o
 .data          0x000000000509640c        0x0 obj/default/AUDIO.o
 .data          0x000000000509640c        0x0 obj/default/I2C.o
 .data          0x000000000509640c        0x0 obj/default/LED.o
 .data          0x000000000509640c       0x10 obj/default/SEG7.o
 .data          0x000000000509641c        0x0 obj/default/debug.o
 .data          0x000000000509641c        0x0 obj/default/main.o
 .data          0x000000000509641c        0x0 obj/default/.metadata/.plugins/org.eclipse.cdt.make.core/specs.o
 .data          0x000000000509641c        0x0 g:/programs/17.1/nios2eds/bin/gnu/h-x86_64-mingw32/bin/../lib/gcc/nios2-elf/5.3.0\libgcc.a(lib2-divmod.o)
 .data          0x000000000509641c        0x0 g:/programs/17.1/nios2eds/bin/gnu/h-x86_64-mingw32/bin/../lib/gcc/nios2-elf/5.3.0/../../../../../H-x86_64-mingw32/nios2-elf/lib\libc.a(lib_a-printf.o)
 .data          0x000000000509641c        0x0 g:/programs/17.1/nios2eds/bin/gnu/h-x86_64-mingw32/bin/../lib/gcc/nios2-elf/5.3.0/../../../../../H-x86_64-mingw32/nios2-elf/lib\libc.a(lib_a-puts.o)
 .data          0x000000000509641c        0x0 g:/programs/17.1/nios2eds/bin/gnu/h-x86_64-mingw32/bin/../lib/gcc/nios2-elf/5.3.0/../../../../../H-x86_64-mingw32/nios2-elf/lib\libc.a(lib_a-sprintf.o)
 .data          0x000000000509641c        0x0 g:/programs/17.1/nios2eds/bin/gnu/h-x86_64-mingw32/bin/../lib/gcc/nios2-elf/5.3.0/../../../../../H-x86_64-mingw32/nios2-elf/lib\libc.a(lib_a-strlen.o)
 .data          0x000000000509641c        0x0 g:/programs/17.1/nios2eds/bin/gnu/h-x86_64-mingw32/bin/../lib/gcc/nios2-elf/5.3.0/../../../../../H-x86_64-mingw32/nios2-elf/lib\libc.a(lib_a-svfprintf.o)
 .data          0x000000000509641c        0x0 g:/programs/17.1/nios2eds/bin/gnu/h-x86_64-mingw32/bin/../lib/gcc/nios2-elf/5.3.0/../../../../../H-x86_64-mingw32/nios2-elf/lib\libc.a(lib_a-vfprintf.o)
 .data          0x000000000509641c        0x0 g:/programs/17.1/nios2eds/bin/gnu/h-x86_64-mingw32/bin/../lib/gcc/nios2-elf/5.3.0/../../../../../H-x86_64-mingw32/nios2-elf/lib\libc.a(lib_a-vsnprintf.o)
 .data          0x000000000509641c        0x0 g:/programs/17.1/nios2eds/bin/gnu/h-x86_64-mingw32/bin/../lib/gcc/nios2-elf/5.3.0/../../../../../H-x86_64-mingw32/nios2-elf/lib\libc.a(lib_a-wsetup.o)
 .data          0x000000000509641c        0x0 g:/programs/17.1/nios2eds/bin/gnu/h-x86_64-mingw32/bin/../lib/gcc/nios2-elf/5.3.0/../../../../../H-x86_64-mingw32/nios2-elf/lib\libc.a(lib_a-dtoa.o)
 .data          0x000000000509641c        0x0 g:/programs/17.1/nios2eds/bin/gnu/h-x86_64-mingw32/bin/../lib/gcc/nios2-elf/5.3.0/../../../../../H-x86_64-mingw32/nios2-elf/lib\libc.a(lib_a-fflush.o)
 .data          0x000000000509641c        0x0 g:/programs/17.1/nios2eds/bin/gnu/h-x86_64-mingw32/bin/../lib/gcc/nios2-elf/5.3.0/../../../../../H-x86_64-mingw32/nios2-elf/lib\libc.a(lib_a-findfp.o)
 .data          0x000000000509641c        0x0 g:/programs/17.1/nios2eds/bin/gnu/h-x86_64-mingw32/bin/../lib/gcc/nios2-elf/5.3.0/../../../../../H-x86_64-mingw32/nios2-elf/lib\libc.a(lib_a-freer.o)
 .data          0x000000000509641c        0x0 g:/programs/17.1/nios2eds/bin/gnu/h-x86_64-mingw32/bin/../lib/gcc/nios2-elf/5.3.0/../../../../../H-x86_64-mingw32/nios2-elf/lib\libc.a(lib_a-fvwrite.o)
 .data          0x000000000509641c        0x0 g:/programs/17.1/nios2eds/bin/gnu/h-x86_64-mingw32/bin/../lib/gcc/nios2-elf/5.3.0/../../../../../H-x86_64-mingw32/nios2-elf/lib\libc.a(lib_a-fwalk.o)
 .data          0x000000000509641c        0x0 g:/programs/17.1/nios2eds/bin/gnu/h-x86_64-mingw32/bin/../lib/gcc/nios2-elf/5.3.0/../../../../../H-x86_64-mingw32/nios2-elf/lib\libc.a(lib_a-impure.o)
 .data.impure_data
                0x000000000509641c      0x424 g:/programs/17.1/nios2eds/bin/gnu/h-x86_64-mingw32/bin/../lib/gcc/nios2-elf/5.3.0/../../../../../H-x86_64-mingw32/nios2-elf/lib\libc.a(lib_a-impure.o)
 .data          0x0000000005096840        0x0 g:/programs/17.1/nios2eds/bin/gnu/h-x86_64-mingw32/bin/../lib/gcc/nios2-elf/5.3.0/../../../../../H-x86_64-mingw32/nios2-elf/lib\libc.a(lib_a-locale.o)
 .data.lc_message_charset
                0x0000000005096840       0x20 g:/programs/17.1/nios2eds/bin/gnu/h-x86_64-mingw32/bin/../lib/gcc/nios2-elf/5.3.0/../../../../../H-x86_64-mingw32/nios2-elf/lib\libc.a(lib_a-locale.o)
 .data.lc_ctype_charset
                0x0000000005096860       0x20 g:/programs/17.1/nios2eds/bin/gnu/h-x86_64-mingw32/bin/../lib/gcc/nios2-elf/5.3.0/../../../../../H-x86_64-mingw32/nios2-elf/lib\libc.a(lib_a-locale.o)
 .data.lconv    0x0000000005096880       0x38 g:/programs/17.1/nios2eds/bin/gnu/h-x86_64-mingw32/bin/../lib/gcc/nios2-elf/5.3.0/../../../../../H-x86_64-mingw32/nios2-elf/lib\libc.a(lib_a-locale.o)
 .data          0x00000000050968b8        0x0 g:/programs/17.1/nios2eds/bin/gnu/h-x86_64-mingw32/bin/../lib/gcc/nios2-elf/5.3.0/../../../../../H-x86_64-mingw32/nios2-elf/lib\libc.a(lib_a-makebuf.o)
 .data          0x00000000050968b8        0x0 g:/programs/17.1/nios2eds/bin/gnu/h-x86_64-mingw32/bin/../lib/gcc/nios2-elf/5.3.0/../../../../../H-x86_64-mingw32/nios2-elf/lib\libc.a(lib_a-mallocr.o)
 .data.__malloc_av_
                0x00000000050968b8      0x408 g:/programs/17.1/nios2eds/bin/gnu/h-x86_64-mingw32/bin/../lib/gcc/nios2-elf/5.3.0/../../../../../H-x86_64-mingw32/nios2-elf/lib\libc.a(lib_a-mallocr.o)
                0x00000000050968b8                __malloc_av_
 .data          0x0000000005096cc0        0x0 g:/programs/17.1/nios2eds/bin/gnu/h-x86_64-mingw32/bin/../lib/gcc/nios2-elf/5.3.0/../../../../../H-x86_64-mingw32/nios2-elf/lib\libc.a(lib_a-memchr.o)
 .data          0x0000000005096cc0        0x0 g:/programs/17.1/nios2eds/bin/gnu/h-x86_64-mingw32/bin/../lib/gcc/nios2-elf/5.3.0/../../../../../H-x86_64-mingw32/nios2-elf/lib\libc.a(lib_a-memcpy.o)
 .data          0x0000000005096cc0        0x0 g:/programs/17.1/nios2eds/bin/gnu/h-x86_64-mingw32/bin/../lib/gcc/nios2-elf/5.3.0/../../../../../H-x86_64-mingw32/nios2-elf/lib\libc.a(lib_a-memmove.o)
 .data          0x0000000005096cc0        0x0 g:/programs/17.1/nios2eds/bin/gnu/h-x86_64-mingw32/bin/../lib/gcc/nios2-elf/5.3.0/../../../../../H-x86_64-mingw32/nios2-elf/lib\libc.a(lib_a-memset.o)
 .data          0x0000000005096cc0        0x0 g:/programs/17.1/nios2eds/bin/gnu/h-x86_64-mingw32/bin/../lib/gcc/nios2-elf/5.3.0/../../../../../H-x86_64-mingw32/nios2-elf/lib\libc.a(lib_a-mprec.o)
 .data          0x0000000005096cc0        0x0 g:/programs/17.1/nios2eds/bin/gnu/h-x86_64-mingw32/bin/../lib/gcc/nios2-elf/5.3.0/../../../../../H-x86_64-mingw32/nios2-elf/lib\libc.a(lib_a-reallocr.o)
 .data          0x0000000005096cc0        0x0 g:/programs/17.1/nios2eds/bin/gnu/h-x86_64-mingw32/bin/../lib/gcc/nios2-elf/5.3.0/../../../../../H-x86_64-mingw32/nios2-elf/lib\libc.a(lib_a-s_fpclassify.o)
 .data          0x0000000005096cc0        0x0 g:/programs/17.1/nios2eds/bin/gnu/h-x86_64-mingw32/bin/../lib/gcc/nios2-elf/5.3.0/../../../../../H-x86_64-mingw32/nios2-elf/lib\libc.a(lib_a-sbrkr.o)
 .data          0x0000000005096cc0        0x0 g:/programs/17.1/nios2eds/bin/gnu/h-x86_64-mingw32/bin/../lib/gcc/nios2-elf/5.3.0/../../../../../H-x86_64-mingw32/nios2-elf/lib\libc.a(lib_a-stdio.o)
 .data          0x0000000005096cc0        0x0 g:/programs/17.1/nios2eds/bin/gnu/h-x86_64-mingw32/bin/../lib/gcc/nios2-elf/5.3.0/../../../../../H-x86_64-mingw32/nios2-elf/lib\libc.a(lib_a-strcmp.o)
 .data          0x0000000005096cc0        0x0 g:/programs/17.1/nios2eds/bin/gnu/h-x86_64-mingw32/bin/../lib/gcc/nios2-elf/5.3.0/../../../../../H-x86_64-mingw32/nios2-elf/lib\libc.a(lib_a-svfiprintf.o)
 .data          0x0000000005096cc0        0x0 g:/programs/17.1/nios2eds/bin/gnu/h-x86_64-mingw32/bin/../lib/gcc/nios2-elf/5.3.0/../../../../../H-x86_64-mingw32/nios2-elf/lib\libc.a(lib_a-vfiprintf.o)
 .data          0x0000000005096cc0        0x0 g:/programs/17.1/nios2eds/bin/gnu/h-x86_64-mingw32/bin/../lib/gcc/nios2-elf/5.3.0/../../../../../H-x86_64-mingw32/nios2-elf/lib\libc.a(lib_a-writer.o)
 .data          0x0000000005096cc0        0x0 g:/programs/17.1/nios2eds/bin/gnu/h-x86_64-mingw32/bin/../lib/gcc/nios2-elf/5.3.0/../../../../../H-x86_64-mingw32/nios2-elf/lib\libc.a(closer.o)
 .data          0x0000000005096cc0        0x0 g:/programs/17.1/nios2eds/bin/gnu/h-x86_64-mingw32/bin/../lib/gcc/nios2-elf/5.3.0/../../../../../H-x86_64-mingw32/nios2-elf/lib\libc.a(lib_a-callocr.o)
 .data          0x0000000005096cc0        0x0 g:/programs/17.1/nios2eds/bin/gnu/h-x86_64-mingw32/bin/../lib/gcc/nios2-elf/5.3.0/../../../../../H-x86_64-mingw32/nios2-elf/lib\libc.a(lib_a-fclose.o)
 .data          0x0000000005096cc0        0x0 g:/programs/17.1/nios2eds/bin/gnu/h-x86_64-mingw32/bin/../lib/gcc/nios2-elf/5.3.0/../../../../../H-x86_64-mingw32/nios2-elf/lib\libc.a(lib_a-fputwc.o)
 .data          0x0000000005096cc0        0x0 g:/programs/17.1/nios2eds/bin/gnu/h-x86_64-mingw32/bin/../lib/gcc/nios2-elf/5.3.0/../../../../../H-x86_64-mingw32/nios2-elf/lib\libc.a(lib_a-fstatr.o)
 .data          0x0000000005096cc0        0x0 g:/programs/17.1/nios2eds/bin/gnu/h-x86_64-mingw32/bin/../lib/gcc/nios2-elf/5.3.0/../../../../../H-x86_64-mingw32/nios2-elf/lib\libc.a(lib_a-int_errno.o)
 .data          0x0000000005096cc0        0x0 g:/programs/17.1/nios2eds/bin/gnu/h-x86_64-mingw32/bin/../lib/gcc/nios2-elf/5.3.0/../../../../../H-x86_64-mingw32/nios2-elf/lib\libc.a(lib_a-isattyr.o)
 .data          0x0000000005096cc0        0x0 g:/programs/17.1/nios2eds/bin/gnu/h-x86_64-mingw32/bin/../lib/gcc/nios2-elf/5.3.0/../../../../../H-x86_64-mingw32/nios2-elf/lib\libc.a(lib_a-lseekr.o)
 .data          0x0000000005096cc0        0x0 g:/programs/17.1/nios2eds/bin/gnu/h-x86_64-mingw32/bin/../lib/gcc/nios2-elf/5.3.0/../../../../../H-x86_64-mingw32/nios2-elf/lib\libc.a(lib_a-readr.o)
 .data          0x0000000005096cc0        0x0 g:/programs/17.1/nios2eds/bin/gnu/h-x86_64-mingw32/bin/../lib/gcc/nios2-elf/5.3.0/../../../../../H-x86_64-mingw32/nios2-elf/lib\libc.a(lib_a-wbuf.o)
 .data          0x0000000005096cc0        0x0 g:/programs/17.1/nios2eds/bin/gnu/h-x86_64-mingw32/bin/../lib/gcc/nios2-elf/5.3.0/../../../../../H-x86_64-mingw32/nios2-elf/lib\libc.a(lib_a-wcrtomb.o)
 .data          0x0000000005096cc0        0x0 g:/programs/17.1/nios2eds/bin/gnu/h-x86_64-mingw32/bin/../lib/gcc/nios2-elf/5.3.0/../../../../../H-x86_64-mingw32/nios2-elf/lib\libc.a(lib_a-wctomb_r.o)
 .data          0x0000000005096cc0        0x0 g:/programs/17.1/nios2eds/bin/gnu/h-x86_64-mingw32/bin/../lib/gcc/nios2-elf/5.3.0\libgcc.a(_udivdi3.o)
 .data          0x0000000005096cc0        0x0 g:/programs/17.1/nios2eds/bin/gnu/h-x86_64-mingw32/bin/../lib/gcc/nios2-elf/5.3.0\libgcc.a(_umoddi3.o)
 .data          0x0000000005096cc0        0x0 g:/programs/17.1/nios2eds/bin/gnu/h-x86_64-mingw32/bin/../lib/gcc/nios2-elf/5.3.0\libgcc.a(adddf3.o)
 .data          0x0000000005096cc0        0x0 g:/programs/17.1/nios2eds/bin/gnu/h-x86_64-mingw32/bin/../lib/gcc/nios2-elf/5.3.0\libgcc.a(divdf3.o)
 .data          0x0000000005096cc0        0x0 g:/programs/17.1/nios2eds/bin/gnu/h-x86_64-mingw32/bin/../lib/gcc/nios2-elf/5.3.0\libgcc.a(eqdf2.o)
 .data          0x0000000005096cc0        0x0 g:/programs/17.1/nios2eds/bin/gnu/h-x86_64-mingw32/bin/../lib/gcc/nios2-elf/5.3.0\libgcc.a(gedf2.o)
 .data          0x0000000005096cc0        0x0 g:/programs/17.1/nios2eds/bin/gnu/h-x86_64-mingw32/bin/../lib/gcc/nios2-elf/5.3.0\libgcc.a(ledf2.o)
 .data          0x0000000005096cc0        0x0 g:/programs/17.1/nios2eds/bin/gnu/h-x86_64-mingw32/bin/../lib/gcc/nios2-elf/5.3.0\libgcc.a(muldf3.o)
 .data          0x0000000005096cc0        0x0 g:/programs/17.1/nios2eds/bin/gnu/h-x86_64-mingw32/bin/../lib/gcc/nios2-elf/5.3.0\libgcc.a(subdf3.o)
 .data          0x0000000005096cc0        0x0 g:/programs/17.1/nios2eds/bin/gnu/h-x86_64-mingw32/bin/../lib/gcc/nios2-elf/5.3.0\libgcc.a(fixdfsi.o)
 .data          0x0000000005096cc0        0x0 g:/programs/17.1/nios2eds/bin/gnu/h-x86_64-mingw32/bin/../lib/gcc/nios2-elf/5.3.0\libgcc.a(floatsidf.o)
 .data          0x0000000005096cc0        0x0 g:/programs/17.1/nios2eds/bin/gnu/h-x86_64-mingw32/bin/../lib/gcc/nios2-elf/5.3.0\libgcc.a(floatunsidf.o)
 .data          0x0000000005096cc0        0x0 g:/programs/17.1/nios2eds/bin/gnu/h-x86_64-mingw32/bin/../lib/gcc/nios2-elf/5.3.0\libgcc.a(_clz.o)
 .data          0x0000000005096cc0        0x0 g:/programs/17.1/nios2eds/bin/gnu/h-x86_64-mingw32/bin/../lib/gcc/nios2-elf/5.3.0\libgcc.a(_clzsi2.o)
 .data          0x0000000005096cc0        0x0 ../DE1_SoC_Audio_bsp/\libhal_bsp.a(alt_close.o)
 .data          0x0000000005096cc0      0x1a8 ../DE1_SoC_Audio_bsp/\libhal_bsp.a(alt_dev.o)
                0x0000000005096cc0                alt_dev_null
                0x0000000005096ce8                alt_fd_list
 .data          0x0000000005096e68        0x0 ../DE1_SoC_Audio_bsp/\libhal_bsp.a(alt_errno.o)
 .data          0x0000000005096e68        0x0 ../DE1_SoC_Audio_bsp/\libhal_bsp.a(alt_fstat.o)
 .data          0x0000000005096e68        0x0 ../DE1_SoC_Audio_bsp/\libhal_bsp.a(alt_irq_register.o)
 .data          0x0000000005096e68        0x0 ../DE1_SoC_Audio_bsp/\libhal_bsp.a(alt_irq_vars.o)
 .data          0x0000000005096e68        0x0 ../DE1_SoC_Audio_bsp/\libhal_bsp.a(alt_isatty.o)
 .data          0x0000000005096e68        0x0 ../DE1_SoC_Audio_bsp/\libhal_bsp.a(alt_load.o)
 .data          0x0000000005096e68        0x0 ../DE1_SoC_Audio_bsp/\libhal_bsp.a(alt_lseek.o)
 .data          0x0000000005096e68        0x0 ../DE1_SoC_Audio_bsp/\libhal_bsp.a(alt_main.o)
 .data          0x0000000005096e68        0x0 ../DE1_SoC_Audio_bsp/\libhal_bsp.a(alt_malloc_lock.o)
 .data          0x0000000005096e68        0x0 ../DE1_SoC_Audio_bsp/\libhal_bsp.a(alt_read.o)
 .data          0x0000000005096e68        0x0 ../DE1_SoC_Audio_bsp/\libhal_bsp.a(alt_release_fd.o)
 .data          0x0000000005096e68        0x0 ../DE1_SoC_Audio_bsp/\libhal_bsp.a(alt_sbrk.o)
 .data          0x0000000005096e68        0x0 ../DE1_SoC_Audio_bsp/\libhal_bsp.a(alt_usleep.o)
 .data          0x0000000005096e68        0x0 ../DE1_SoC_Audio_bsp/\libhal_bsp.a(alt_write.o)
 .data          0x0000000005096e68     0x1098 ../DE1_SoC_Audio_bsp/\libhal_bsp.a(alt_sys_init.o)
 .data          0x0000000005097f00        0x0 ../DE1_SoC_Audio_bsp/\libhal_bsp.a(altera_avalon_jtag_uart_fd.o)
 .data          0x0000000005097f00        0x0 ../DE1_SoC_Audio_bsp/\libhal_bsp.a(altera_avalon_jtag_uart_init.o)
 .data          0x0000000005097f00        0x0 ../DE1_SoC_Audio_bsp/\libhal_bsp.a(altera_avalon_jtag_uart_ioctl.o)
 .data          0x0000000005097f00        0x0 ../DE1_SoC_Audio_bsp/\libhal_bsp.a(altera_avalon_jtag_uart_read.o)
 .data          0x0000000005097f00        0x0 ../DE1_SoC_Audio_bsp/\libhal_bsp.a(altera_avalon_jtag_uart_write.o)
 .data          0x0000000005097f00        0x0 ../DE1_SoC_Audio_bsp/\libhal_bsp.a(altera_avalon_timer_sc.o)
 .data          0x0000000005097f00        0x0 ../DE1_SoC_Audio_bsp/\libhal_bsp.a(altera_up_avalon_ps2.o)
 .data          0x0000000005097f00        0x0 ../DE1_SoC_Audio_bsp/\libhal_bsp.a(alt_alarm_start.o)
 .data          0x0000000005097f00        0x0 ../DE1_SoC_Audio_bsp/\libhal_bsp.a(alt_busy_sleep.o)
 .data          0x0000000005097f00        0x0 ../DE1_SoC_Audio_bsp/\libhal_bsp.a(alt_dcache_flush_all.o)
 .data          0x0000000005097f00        0x0 ../DE1_SoC_Audio_bsp/\libhal_bsp.a(alt_dev_llist_insert.o)
 .data          0x0000000005097f00        0x0 ../DE1_SoC_Audio_bsp/\libhal_bsp.a(alt_do_ctors.o)
 .data          0x0000000005097f00        0x0 ../DE1_SoC_Audio_bsp/\libhal_bsp.a(alt_do_dtors.o)
 .data          0x0000000005097f00        0x0 ../DE1_SoC_Audio_bsp/\libhal_bsp.a(alt_find_dev.o)
 .data          0x0000000005097f00        0x0 ../DE1_SoC_Audio_bsp/\libhal_bsp.a(alt_icache_flush_all.o)
 .data          0x0000000005097f00        0x0 ../DE1_SoC_Audio_bsp/\libhal_bsp.a(alt_io_redirect.o)
 .data          0x0000000005097f00        0x0 ../DE1_SoC_Audio_bsp/\libhal_bsp.a(alt_irq_entry.o)
 .data          0x0000000005097f00        0x0 ../DE1_SoC_Audio_bsp/\libhal_bsp.a(alt_irq_handler.o)
 .data          0x0000000005097f00        0x0 ../DE1_SoC_Audio_bsp/\libhal_bsp.a(alt_open.o)
 .data          0x0000000005097f00        0x0 ../DE1_SoC_Audio_bsp/\libhal_bsp.a(alt_tick.o)
 .data          0x0000000005097f00        0x0 ../DE1_SoC_Audio_bsp/\libhal_bsp.a(altera_nios2_gen2_irq.o)
 .data          0x0000000005097f00        0x0 ../DE1_SoC_Audio_bsp/\libhal_bsp.a(alt_exception_entry.o)
 .data          0x0000000005097f00        0x0 ../DE1_SoC_Audio_bsp/\libhal_bsp.a(alt_find_file.o)
 .data          0x0000000005097f00        0x0 ../DE1_SoC_Audio_bsp/\libhal_bsp.a(alt_get_fd.o)
 .data          0x0000000005097f00        0x0 ../DE1_SoC_Audio_bsp/\libhal_bsp.a(alt_icache_flush.o)
 .data          0x0000000005097f00        0x0 g:/programs/17.1/nios2eds/bin/gnu/h-x86_64-mingw32/bin/../lib/gcc/nios2-elf/5.3.0/../../../../../H-x86_64-mingw32/nios2-elf/lib\libc.a(lib_a-atexit.o)
 .data          0x0000000005097f00        0x0 g:/programs/17.1/nios2eds/bin/gnu/h-x86_64-mingw32/bin/../lib/gcc/nios2-elf/5.3.0/../../../../../H-x86_64-mingw32/nios2-elf/lib\libc.a(lib_a-exit.o)
 .data          0x0000000005097f00        0x0 g:/programs/17.1/nios2eds/bin/gnu/h-x86_64-mingw32/bin/../lib/gcc/nios2-elf/5.3.0/../../../../../H-x86_64-mingw32/nios2-elf/lib\libc.a(lib_a-memcmp.o)
 .data          0x0000000005097f00        0x0 g:/programs/17.1/nios2eds/bin/gnu/h-x86_64-mingw32/bin/../lib/gcc/nios2-elf/5.3.0/../../../../../H-x86_64-mingw32/nios2-elf/lib\libc.a(lib_a-__atexit.o)
 .data          0x0000000005097f00        0x0 g:/programs/17.1/nios2eds/bin/gnu/h-x86_64-mingw32/bin/../lib/gcc/nios2-elf/5.3.0/../../../../../H-x86_64-mingw32/nios2-elf/lib\libc.a(lib_a-__call_atexit.o)
 .data          0x0000000005097f00        0x0 ../DE1_SoC_Audio_bsp/\libhal_bsp.a(alt_exit.o)
                0x000000000509ff00                _gp = ABSOLUTE ((. + 0x8000))
                [!provide]                        PROVIDE (gp, _gp)
 *(.rwdata .rwdata.*)
 *(.sdata .sdata.* .gnu.linkonce.s.*)
 .sdata._global_impure_ptr
                0x0000000005097f00        0x4 g:/programs/17.1/nios2eds/bin/gnu/h-x86_64-mingw32/bin/../lib/gcc/nios2-elf/5.3.0/../../../../../H-x86_64-mingw32/nios2-elf/lib\libc.a(lib_a-impure.o)
                0x0000000005097f00                _global_impure_ptr
 .sdata._impure_ptr
                0x0000000005097f04        0x4 g:/programs/17.1/nios2eds/bin/gnu/h-x86_64-mingw32/bin/../lib/gcc/nios2-elf/5.3.0/../../../../../H-x86_64-mingw32/nios2-elf/lib\libc.a(lib_a-impure.o)
                0x0000000005097f04                _impure_ptr
 .sdata.__mb_cur_max
                0x0000000005097f08        0x4 g:/programs/17.1/nios2eds/bin/gnu/h-x86_64-mingw32/bin/../lib/gcc/nios2-elf/5.3.0/../../../../../H-x86_64-mingw32/nios2-elf/lib\libc.a(lib_a-locale.o)
                0x0000000005097f08                __mb_cur_max
 .sdata.__malloc_sbrk_base
                0x0000000005097f0c        0x4 g:/programs/17.1/nios2eds/bin/gnu/h-x86_64-mingw32/bin/../lib/gcc/nios2-elf/5.3.0/../../../../../H-x86_64-mingw32/nios2-elf/lib\libc.a(lib_a-mallocr.o)
                0x0000000005097f0c                __malloc_sbrk_base
 .sdata.__malloc_trim_threshold
                0x0000000005097f10        0x4 g:/programs/17.1/nios2eds/bin/gnu/h-x86_64-mingw32/bin/../lib/gcc/nios2-elf/5.3.0/../../../../../H-x86_64-mingw32/nios2-elf/lib\libc.a(lib_a-mallocr.o)
                0x0000000005097f10                __malloc_trim_threshold
 .sdata.__wctomb
                0x0000000005097f14        0x4 g:/programs/17.1/nios2eds/bin/gnu/h-x86_64-mingw32/bin/../lib/gcc/nios2-elf/5.3.0/../../../../../H-x86_64-mingw32/nios2-elf/lib\libc.a(lib_a-wctomb_r.o)
                0x0000000005097f14                __wctomb
 .sdata         0x0000000005097f18       0x14 ../DE1_SoC_Audio_bsp/\libhal_bsp.a(alt_dev.o)
                0x0000000005097f18                alt_fs_list
                0x0000000005097f20                alt_dev_list
                0x0000000005097f28                alt_max_fd
 .sdata         0x0000000005097f2c        0x4 ../DE1_SoC_Audio_bsp/\libhal_bsp.a(alt_errno.o)
                0x0000000005097f2c                alt_errno
 .sdata         0x0000000005097f30        0x4 ../DE1_SoC_Audio_bsp/\libhal_bsp.a(alt_irq_vars.o)
                0x0000000005097f30                alt_priority_mask
 .sdata         0x0000000005097f34        0x4 ../DE1_SoC_Audio_bsp/\libhal_bsp.a(alt_sbrk.o)
 .sdata         0x0000000005097f38        0x8 ../DE1_SoC_Audio_bsp/\libhal_bsp.a(alt_tick.o)
                0x0000000005097f38                alt_alarm_list
 *(.sdata2 .sdata2.* .gnu.linkonce.s2.*)
                0x0000000005097f40                . = ALIGN (0x4)
                0x0000000005097f40                _edata = ABSOLUTE (.)
                [!provide]                        PROVIDE (edata, ABSOLUTE (.))
                0x0000000005097f40                PROVIDE (__ram_rwdata_end, ABSOLUTE (.))
                0x0000000005097f40                PROVIDE (__flash_rwdata_start, LOADADDR (.rwdata))

.bss            0x0000000005099a74      0x190
                0x0000000005099a74                __bss_start = ABSOLUTE (.)
                [!provide]                        PROVIDE (__sbss_start, ABSOLUTE (.))
                [!provide]                        PROVIDE (___sbss_start, ABSOLUTE (.))
 *(.dynsbss)
 *(.sbss .sbss.* .gnu.linkonce.sb.*)
 .sbss          0x0000000005099a74        0x6 obj/default/main.o
 *fill*         0x0000000005099a7a        0x2 
 .sbss          0x0000000005099a7c        0x4 obj/default/main.o
                0x0000000005099a7c                record_sample_rate
 .sbss._PathLocale
                0x0000000005099a80        0x4 g:/programs/17.1/nios2eds/bin/gnu/h-x86_64-mingw32/bin/../lib/gcc/nios2-elf/5.3.0/../../../../../H-x86_64-mingw32/nios2-elf/lib\libc.a(lib_a-locale.o)
                0x0000000005099a80                _PathLocale
 .sbss.__mlocale_changed
                0x0000000005099a84        0x4 g:/programs/17.1/nios2eds/bin/gnu/h-x86_64-mingw32/bin/../lib/gcc/nios2-elf/5.3.0/../../../../../H-x86_64-mingw32/nios2-elf/lib\libc.a(lib_a-locale.o)
                0x0000000005099a84                __mlocale_changed
 .sbss.__nlocale_changed
                0x0000000005099a88        0x4 g:/programs/17.1/nios2eds/bin/gnu/h-x86_64-mingw32/bin/../lib/gcc/nios2-elf/5.3.0/../../../../../H-x86_64-mingw32/nios2-elf/lib\libc.a(lib_a-locale.o)
                0x0000000005099a88                __nlocale_changed
 .sbss.__malloc_max_total_mem
                0x0000000005099a8c        0x4 g:/programs/17.1/nios2eds/bin/gnu/h-x86_64-mingw32/bin/../lib/gcc/nios2-elf/5.3.0/../../../../../H-x86_64-mingw32/nios2-elf/lib\libc.a(lib_a-mallocr.o)
                0x0000000005099a8c                __malloc_max_total_mem
 .sbss.__malloc_max_sbrked_mem
                0x0000000005099a90        0x4 g:/programs/17.1/nios2eds/bin/gnu/h-x86_64-mingw32/bin/../lib/gcc/nios2-elf/5.3.0/../../../../../H-x86_64-mingw32/nios2-elf/lib\libc.a(lib_a-mallocr.o)
                0x0000000005099a90                __malloc_max_sbrked_mem
 .sbss.__malloc_top_pad
                0x0000000005099a94        0x4 g:/programs/17.1/nios2eds/bin/gnu/h-x86_64-mingw32/bin/../lib/gcc/nios2-elf/5.3.0/../../../../../H-x86_64-mingw32/nios2-elf/lib\libc.a(lib_a-mallocr.o)
                0x0000000005099a94                __malloc_top_pad
 .sbss          0x0000000005099a98        0x4 g:/programs/17.1/nios2eds/bin/gnu/h-x86_64-mingw32/bin/../lib/gcc/nios2-elf/5.3.0/../../../../../H-x86_64-mingw32/nios2-elf/lib\libc.a(lib_a-int_errno.o)
                0x0000000005099a98                errno
 .sbss          0x0000000005099a9c        0x4 ../DE1_SoC_Audio_bsp/\libhal_bsp.a(alt_irq_vars.o)
                0x0000000005099a9c                alt_irq_active
 .sbss          0x0000000005099aa0        0xc ../DE1_SoC_Audio_bsp/\libhal_bsp.a(alt_main.o)
                0x0000000005099aa0                alt_argc
                0x0000000005099aa4                alt_argv
                0x0000000005099aa8                alt_envp
 .sbss          0x0000000005099aac        0x8 ../DE1_SoC_Audio_bsp/\libhal_bsp.a(alt_tick.o)
                0x0000000005099aac                _alt_tick_rate
                0x0000000005099ab0                _alt_nticks
 *(.sbss2 .sbss2.* .gnu.linkonce.sb2.*)
 *(.scommon)